Archive member included to satisfy reference by file (symbol)

C:/RT-ThreadStudio/repo/Extract/ToolChain_Support_Packages/ARM/GNU_Tools_for_ARM_Embedded_Processors/13.3/bin/../lib/gcc/arm-none-eabi/13.3.1/thumb/v8-m.main+fp/softfp\libc.a(libc_a-atoi.o)
                              ./rt-thread/components/drivers/misc/pin.o (atoi)
C:/RT-ThreadStudio/repo/Extract/ToolChain_Support_Packages/ARM/GNU_Tools_for_ARM_Embedded_Processors/13.3/bin/../lib/gcc/arm-none-eabi/13.3.1/thumb/v8-m.main+fp/softfp\libc.a(libc_a-malloc.o)
                              ./rt-thread/components/libc/compilers/common/cstring.o (malloc)
C:/RT-ThreadStudio/repo/Extract/ToolChain_Support_Packages/ARM/GNU_Tools_for_ARM_Embedded_Processors/13.3/bin/../lib/gcc/arm-none-eabi/13.3.1/thumb/v8-m.main+fp/softfp\libc.a(libc_a-strtol.o)
                              C:/RT-ThreadStudio/repo/Extract/ToolChain_Support_Packages/ARM/GNU_Tools_for_ARM_Embedded_Processors/13.3/bin/../lib/gcc/arm-none-eabi/13.3.1/thumb/v8-m.main+fp/softfp\libc.a(libc_a-atoi.o) (_strtol_r)
C:/RT-ThreadStudio/repo/Extract/ToolChain_Support_Packages/ARM/GNU_Tools_for_ARM_Embedded_Processors/13.3/bin/../lib/gcc/arm-none-eabi/13.3.1/thumb/v8-m.main+fp/softfp\libc.a(libc_a-ctype_.o)
                              ./rt-thread/components/libc/compilers/common/cstring.o (_ctype_)
C:/RT-ThreadStudio/repo/Extract/ToolChain_Support_Packages/ARM/GNU_Tools_for_ARM_Embedded_Processors/13.3/bin/../lib/gcc/arm-none-eabi/13.3.1/thumb/v8-m.main+fp/softfp\libc.a(libc_a-memcmp.o)
                              ./rt-thread/components/finsh/shell.o (memcmp)
C:/RT-ThreadStudio/repo/Extract/ToolChain_Support_Packages/ARM/GNU_Tools_for_ARM_Embedded_Processors/13.3/bin/../lib/gcc/arm-none-eabi/13.3.1/thumb/v8-m.main+fp/softfp\libc.a(libc_a-memset.o)
                              ./rt-thread/src/kservice.o (memset)
C:/RT-ThreadStudio/repo/Extract/ToolChain_Support_Packages/ARM/GNU_Tools_for_ARM_Embedded_Processors/13.3/bin/../lib/gcc/arm-none-eabi/13.3.1/thumb/v8-m.main+fp/softfp\libc.a(libc_a-strchr.o)
                              ./rt-thread/components/libc/compilers/common/cstring.o (strchr)
C:/RT-ThreadStudio/repo/Extract/ToolChain_Support_Packages/ARM/GNU_Tools_for_ARM_Embedded_Processors/13.3/bin/../lib/gcc/arm-none-eabi/13.3.1/thumb/v8-m.main+fp/softfp\libc.a(libc_a-strncmp.o)
                              ./rt-thread/src/object.o (strncmp)
C:/RT-ThreadStudio/repo/Extract/ToolChain_Support_Packages/ARM/GNU_Tools_for_ARM_Embedded_Processors/13.3/bin/../lib/gcc/arm-none-eabi/13.3.1/thumb/v8-m.main+fp/softfp\libc.a(libc_a-strncpy.o)
                              ./rt-thread/src/object.o (strncpy)
C:/RT-ThreadStudio/repo/Extract/ToolChain_Support_Packages/ARM/GNU_Tools_for_ARM_Embedded_Processors/13.3/bin/../lib/gcc/arm-none-eabi/13.3.1/thumb/v8-m.main+fp/softfp\libc.a(libc_a-strrchr.o)
                              ./rt-thread/components/libc/compilers/common/cstring.o (strrchr)
C:/RT-ThreadStudio/repo/Extract/ToolChain_Support_Packages/ARM/GNU_Tools_for_ARM_Embedded_Processors/13.3/bin/../lib/gcc/arm-none-eabi/13.3.1/thumb/v8-m.main+fp/softfp\libc.a(libc_a-impure.o)
                              C:/RT-ThreadStudio/repo/Extract/ToolChain_Support_Packages/ARM/GNU_Tools_for_ARM_Embedded_Processors/13.3/bin/../lib/gcc/arm-none-eabi/13.3.1/thumb/v8-m.main+fp/softfp\libc.a(libc_a-malloc.o) (_impure_ptr)
C:/RT-ThreadStudio/repo/Extract/ToolChain_Support_Packages/ARM/GNU_Tools_for_ARM_Embedded_Processors/13.3/bin/../lib/gcc/arm-none-eabi/13.3.1/thumb/v8-m.main+fp/softfp\libc.a(libc_a-strcmp.o)
                              ./rt-thread/components/finsh/msh.o (strcmp)
C:/RT-ThreadStudio/repo/Extract/ToolChain_Support_Packages/ARM/GNU_Tools_for_ARM_Embedded_Processors/13.3/bin/../lib/gcc/arm-none-eabi/13.3.1/thumb/v8-m.main+fp/softfp\libc.a(libc_a-strcpy.o)
                              ./rt-thread/components/finsh/shell.o (strcpy)
C:/RT-ThreadStudio/repo/Extract/ToolChain_Support_Packages/ARM/GNU_Tools_for_ARM_Embedded_Processors/13.3/bin/../lib/gcc/arm-none-eabi/13.3.1/thumb/v8-m.main+fp/softfp\libc.a(libc_a-memcpy.o)
                              ./rt-thread/components/libc/compilers/common/cstring.o (memcpy)
C:/RT-ThreadStudio/repo/Extract/ToolChain_Support_Packages/ARM/GNU_Tools_for_ARM_Embedded_Processors/13.3/bin/../lib/gcc/arm-none-eabi/13.3.1/thumb/v8-m.main+fp/softfp\libc.a(libc_a-strlen-stub.o)
                              ./rt-thread/src/kservice.o (strlen)
C:/RT-ThreadStudio/repo/Extract/ToolChain_Support_Packages/ARM/GNU_Tools_for_ARM_Embedded_Processors/13.3/bin/../lib/gcc/arm-none-eabi/13.3.1/thumb/v8-m.main+fp/softfp\libc.a(libc_a-findfp.o)
                              C:/RT-ThreadStudio/repo/Extract/ToolChain_Support_Packages/ARM/GNU_Tools_for_ARM_Embedded_Processors/13.3/bin/../lib/gcc/arm-none-eabi/13.3.1/thumb/v8-m.main+fp/softfp\libc.a(libc_a-impure.o) (__sf)
[...]
Memory Configuration

Name             Origin             Length             Attributes
m33_nvm          0x60340000         0x00200000
m33_nvm_C        0x08340000         0x00200000
m33_trailer      0x60540000         0x00040000
m33_trailer_C    0x08540000         0x00040000
m33_m55_shared   0x261c0000         0x00040000
m33_m55_shared_C 0x061c0000         0x00040000
m33_code         0x24058000         0x00065000
m33_code_C       0x04058000         0x00065000
m33_data         0x240bd000         0x00040000
m33_data_C       0x040bd000         0x00040000
m33_allocatable_shared 0x240fe000         0x00001000
m33_allocatable_shared_C 0x040fe000         0x00001000
*default*        0x00000000         0xffffffff

Linker script and memory map

LOAD ./rt-thread/src/clock.o
LOAD ./rt-thread/src/components.o
LOAD ./rt-thread/src/idle.o
LOAD ./rt-thread/src/ipc.o
LOAD ./rt-thread/src/irq.o
LOAD ./rt-thread/src/kservice.o
LOAD ./rt-thread/src/mem.o
LOAD ./rt-thread/src/memheap.o
LOAD ./rt-thread/src/mempool.o
LOAD ./rt-thread/src/object.o
LOAD ./rt-thread/src/scheduler_up.o
LOAD ./rt-thread/src/thread.o
LOAD ./rt-thread/src/timer.o
LOAD ./rt-thread/libcpu/arm/cortex-m33/context_gcc.o
LOAD ./rt-thread/libcpu/arm/cortex-m33/cpuport.o
LOAD ./rt-thread/libcpu/arm/cortex-m33/syscall_gcc.o
LOAD ./rt-thread/libcpu/arm/cortex-m33/trustzone.o
LOAD ./rt-thread/libcpu/arm/common/div0.o
LOAD ./rt-thread/libcpu/arm/common/showmem.o
LOAD ./rt-thread/components/libc/compilers/newlib/syscalls.o
LOAD ./rt-thread/components/libc/compilers/common/cctype.o
LOAD ./rt-thread/components/libc/compilers/common/cstdlib.o
LOAD ./rt-thread/components/libc/compilers/common/cstring.o
LOAD ./rt-thread/components/libc/compilers/common/ctime.o
LOAD ./rt-thread/components/libc/compilers/common/cunistd.o
LOAD ./rt-thread/components/libc/compilers/common/cwchar.o
LOAD ./rt-thread/components/finsh/cmd.o
LOAD ./rt-thread/components/finsh/msh.o
LOAD ./rt-thread/components/finsh/msh_parse.o
LOAD ./rt-thread/components/finsh/shell.o
LOAD ./rt-thread/components/drivers/serial/serial.o
LOAD ./rt-thread/components/drivers/misc/pin.o
LOAD ./rt-thread/components/drivers/ipc/completion.o
LOAD ./rt-thread/components/drivers/ipc/dataqueue.o
LOAD ./rt-thread/components/drivers/ipc/pipe.o
LOAD ./rt-thread/components/drivers/ipc/ringblk_buf.o
LOAD ./rt-thread/components/drivers/ipc/ringbuffer.o
LOAD ./rt-thread/components/drivers/ipc/waitqueue.o
LOAD ./rt-thread/components/drivers/ipc/workqueue.o
LOAD ./rt-thread/components/drivers/core/device.o
LOAD ./libs/TARGET_APP_KIT_PSE84_EVAL_EPC2/config/GeneratedSource/cycfg.o
LOAD ./libs/TARGET_APP_KIT_PSE84_EVAL_EPC2/config/GeneratedSource/cycfg_clocks.o
LOAD ./libs/TARGET_APP_KIT_PSE84_EVAL_EPC2/config/GeneratedSource/cycfg_peripheral_clocks.o
LOAD ./libs/TARGET_APP_KIT_PSE84_EVAL_EPC2/config/GeneratedSource/cycfg_peripherals.o
LOAD ./libs/TARGET_APP_KIT_PSE84_EVAL_EPC2/config/GeneratedSource/cycfg_pins.o
LOAD ./libs/TARGET_APP_KIT_PSE84_EVAL_EPC2/config/GeneratedSource/cycfg_protection.o
LOAD ./libs/TARGET_APP_KIT_PSE84_EVAL_EPC2/config/GeneratedSource/cycfg_qspi_memslot.o
LOAD ./libs/TARGET_APP_KIT_PSE84_EVAL_EPC2/config/GeneratedSource/cycfg_system.o
LOAD ./libs/TARGET_APP_KIT_PSE84_EVAL_EPC2/COMPONENT_CM33/COMPONENT_NON_SECURE_DEVICE/ns_start_pse84.o
LOAD ./libs/TARGET_APP_KIT_PSE84_EVAL_EPC2/COMPONENT_CM33/COMPONENT_NON_SECURE_DEVICE/ns_system_pse84.o
LOAD ./libs/TARGET_APP_KIT_PSE84_EVAL_EPC2/cybsp.o
LOAD ./libs/TARGET_APP_KIT_PSE84_EVAL_EPC2/system_edge.o
LOAD ./libraries/components/mtb-srf/mtb_srf.o
LOAD ./libraries/components/mtb-srf/mtb_srf_ipc.o
LOAD ./libraries/components/mtb-srf/mtb_srf_pool.o
LOAD ./libraries/components/mtb-ipc/source/mtb_ipc.o
LOAD ./libraries/components/mtb-device-support-pse8xxgp/pdl/drivers/source/TOOLCHAIN_GCC_ARM/cy_syslib_ext.o
LOAD ./libraries/components/mtb-device-support-pse8xxgp/pdl/drivers/source/cy_axidmac.o
LOAD ./libraries/components/mtb-device-support-pse8xxgp/pdl/drivers/source/cy_dma.o
LOAD ./libraries/components/mtb-device-support-pse8xxgp/pdl/drivers/source/cy_gpio.o
LOAD ./libraries/components/mtb-device-support-pse8xxgp/pdl/drivers/source/cy_ipc_drv.o
LOAD ./libraries/components/mtb-device-support-pse8xxgp/pdl/drivers/source/cy_ipc_pipe.o
LOAD ./libraries/components/mtb-device-support-pse8xxgp/pdl/drivers/source/cy_ipc_sema.o
LOAD ./libraries/components/mtb-device-support-pse8xxgp/pdl/drivers/source/cy_scb_common.o
LOAD ./libraries/components/mtb-device-support-pse8xxgp/pdl/drivers/source/cy_scb_uart.o
LOAD ./libraries/components/mtb-device-support-pse8xxgp/pdl/drivers/source/cy_sysclk_v2.o
LOAD ./libraries/components/mtb-device-support-pse8xxgp/pdl/drivers/source/cy_sysint_v2.o
LOAD ./libraries/components/mtb-device-support-pse8xxgp/pdl/drivers/source/cy_syslib.o
LOAD ./libraries/components/mtb-device-support-pse8xxgp/pdl/drivers/source/cy_syspm_pdcm.o
LOAD ./libraries/components/mtb-device-support-pse8xxgp/pdl/drivers/source/cy_syspm_ppu.o
LOAD ./libraries/components/mtb-device-support-pse8xxgp/pdl/drivers/source/cy_syspm_v4.o
LOAD ./libraries/components/mtb-device-support-pse8xxgp/pdl/drivers/source/cy_systick_v2.o
LOAD ./libraries/components/mtb-device-support-pse8xxgp/pdl/drivers/source/ppu_v1.o
LOAD ./libraries/components/mtb-device-support-pse8xxgp/pdl/devices/source/cy_device.o
LOAD ./libraries/components/mtb-device-support-pse8xxgp/hal/source/mtb_hal_clock.o
LOAD ./libraries/components/mtb-device-support-pse8xxgp/hal/source/mtb_hal_dma.o
LOAD ./libraries/components/mtb-device-support-pse8xxgp/hal/source/mtb_hal_dma_dmac.o
LOAD ./libraries/components/mtb-device-support-pse8xxgp/hal/source/mtb_hal_dma_dw.o
LOAD ./libraries/components/mtb-device-support-pse8xxgp/hal/source/mtb_hal_gpio.o
LOAD ./libraries/components/mtb-device-support-pse8xxgp/hal/source/mtb_hal_lptimer.o
LOAD ./libraries/components/mtb-device-support-pse8xxgp/hal/source/mtb_hal_syspm.o
LOAD ./libraries/components/mtb-device-support-pse8xxgp/hal/source/mtb_hal_system.o
LOAD ./libraries/components/mtb-device-support-pse8xxgp/hal/source/mtb_hal_uart.o
LOAD ./libraries/components/mtb-device-support-pse8xxgp/hal/source/mtb_hal_utils_impl.o
LOAD ./libraries/components/mtb-device-support-pse8xxgp/device-utils/syspm/source/mtb_syspm_callbacks_scb_uart.o
LOAD ./libraries/components/async-transfer/source/mtb_async_transfer.o
LOAD ./libraries/components/Infineon_retarget-io-latest/cy_retarget_io.o
LOAD ./libraries/HAL_Drivers/drv_common.o
LOAD ./libraries/HAL_Drivers/drv_gpio.o
LOAD ./libraries/HAL_Drivers/drv_uart.o
LOAD ./board/board.o
LOAD ./applications/main.o
LOAD C:/RT-ThreadStudio/repo/Extract/ToolChain_Support_Packages/ARM/GNU_Tools_for_ARM_Embedded_Processors/13.3/bin/../lib/gcc/arm-none-eabi/13.3.1/thumb/v8-m.main+fp/softfp\libstdc++.a
LOAD C:/RT-ThreadStudio/repo/Extract/ToolChain_Support_Packages/ARM/GNU_Tools_for_ARM_Embedded_Processors/13.3/bin/../lib/gcc/arm-none-eabi/13.3.1/thumb/v8-m.main+fp/softfp\libm.a
LOAD C:/RT-ThreadStudio/repo/Extract/ToolChain_Support_Packages/ARM/GNU_Tools_for_ARM_Embedded_Processors/13.3/bin/../lib/gcc/arm-none-eabi/13.3.1/thumb/v8-m.main+fp/softfp\libc.a
START GROUP
LOAD C:/RT-ThreadStudio/repo/Extract/ToolChain_Support_Packages/ARM/GNU_Tools_for_ARM_Embedded_Processors/13.3/bin/../lib/gcc/arm-none-eabi/13.3.1/thumb/v8-m.main+fp/softfp\libgcc.a
LOAD C:/RT-ThreadStudio/repo/Extract/ToolChain_Support_Packages/ARM/GNU_Tools_for_ARM_Embedded_Processors/13.3/bin/../lib/gcc/arm-none-eabi/13.3.1/thumb/v8-m.main+fp/softfp\libg.a
LOAD C:/RT-ThreadStudio/repo/Extract/ToolChain_Support_Packages/ARM/GNU_Tools_for_ARM_Embedded_Processors/13.3/bin/../lib/gcc/arm-none-eabi/13.3.1/thumb/v8-m.main+fp/softfp\libc.a
END GROUP
START GROUP
LOAD C:/RT-ThreadStudio/repo/Extract/ToolChain_Support_Packages/ARM/GNU_Tools_for_ARM_Embedded_Processors/13.3/bin/../lib/gcc/arm-none-eabi/13.3.1/thumb/v8-m.main+fp/softfp\libgcc.a
LOAD C:/RT-ThreadStudio/repo/Extract/ToolChain_Support_Packages/ARM/GNU_Tools_for_ARM_Embedded_Processors/13.3/bin/../lib/gcc/arm-none-eabi/13.3.1/thumb/v8-m.main+fp/softfp\libc.a
LOAD C:/RT-ThreadStudio/repo/Extract/ToolChain_Support_Packages/ARM/GNU_Tools_for_ARM_Embedded_Processors/13.3/bin/../lib/gcc/arm-none-eabi/13.3.1/thumb/v8-m.main+fp/softfp\libnosys.a
END GROUP
                0x00001000                        PROVIDE (__StackSize = DEFINED (APP_MSP_STACK_SIZE)?APP_MSP_STACK_SIZE:0x1000)
                0x00000400                        VECTORS_ALIGNMENT = 0x400
                0x20000000                        m33_code_sel_Offset = (ORIGIN (m33_code) - ORIGIN (m33_code_sel))
                0x00000400                        MCUBOOT_HEADER_SIZE = 0x400

.mcu_boot_header
                0x08340000      0x400
                0x08340400                        . = (. + MCUBOOT_HEADER_SIZE)
 *fill*         0x08340000      0x400 

.app_code_main  0x08340400     0xeb98
 *(.vectors)
 .vectors       0x08340400      0x404 ./libs/TARGET_APP_KIT_PSE84_EVAL_EPC2/COMPONENT_CM33/COMPONENT_NON_SECURE_DEVICE/ns_start_pse84.o
                0x08340400                __ns_vector_table
 *(.init)
 *(.fini)
 *crtbegin.*(.ctors)
 *crtbegin?.*(.ctors)
 *(EXCLUDE_FILE(*crtend.* *crtend?.*) .ctors)
 *(SORT_BY_NAME(.ctors.*))
 *(.ctors)
 *crtbegin.*(.dtors)
 *crtbegin?.*(.dtors)
 *(EXCLUDE_FILE(*crtend.* *crtend?.*) .dtors)
 *(SORT_BY_NAME(.dtors.*))
 *(.dtors)
                0x08340804                        . = ALIGN (0x4)
                [!provide]                        PROVIDE (__preinit_array_start = .)
 *(.preinit_array)
                [!provide]                        PROVIDE (__preinit_array_end = .)
                0x08340804                        . = ALIGN (0x4)
                [!provide]                        PROVIDE (__init_array_start = .)
 *(SORT_BY_NAME(.init_array.*))
 *(.init_array)
                [!provide]                        PROVIDE (__init_array_end = .)
                0x08340804                        . = ALIGN (0x4)
                [!provide]                        PROVIDE (__fini_array_start = .)
 *(SORT_BY_NAME(.fini_array.*))
 *(.fini_array)
                [!provide]                        PROVIDE (__fini_array_end = .)
 *(.rodata .rodata.* .constdata .constdata.* .conststring .conststring.*)
 .rodata.entry.str1.4
                0x08340804     0x1989 ./rt-thread/src/components.o
                                 0x17 (size before relaxing)
 *fill*         0x0834218d        0x3 
 .rodata.__FUNCTION__.0
                0x08342190       0x14 ./rt-thread/src/components.o
 .rodata.rt_thread_idle_init.str1.4
                0x083421a4        0x8 ./rt-thread/src/idle.o
 .rodata._rt_mb_send_wait.str1.4
                0x083421a4      0x10b ./rt-thread/src/ipc.o
 .rodata._rt_sem_take.str1.4
                0x083421a4       0x55 ./rt-thread/src/ipc.o
 .rodata._rt_mutex_take.str1.4
                0x083421a4       0x57 ./rt-thread/src/ipc.o
 .rodata.rt_sem_init.str1.4
                0x083421a4       0x4d ./rt-thread/src/ipc.o
 .rodata.__FUNCTION__.24
                0x083421a4       0x11 ./rt-thread/src/ipc.o
 *fill*         0x083421b5        0x3 
 .rodata.__FUNCTION__.25
                0x083421b8        0xf ./rt-thread/src/ipc.o
 *fill*         0x083421c7        0x1 
 .rodata.__FUNCTION__.29
                0x083421c8        0xe ./rt-thread/src/ipc.o
 *fill*         0x083421d6        0x2 
 .rodata.__FUNCTION__.31
                0x083421d8        0xf ./rt-thread/src/ipc.o
 *fill*         0x083421e7        0x1 
 .rodata.__FUNCTION__.32
                0x083421e8       0x12 ./rt-thread/src/ipc.o
 *fill*         0x083421fa        0x2 
 .rodata.__FUNCTION__.33
                0x083421fc        0xd ./rt-thread/src/ipc.o
 *fill*         0x08342209        0x3 
 .rodata.__FUNCTION__.37
                0x0834220c        0xc ./rt-thread/src/ipc.o
 .rodata.rt_strerror.str1.4
                0x08342218        0x8 ./rt-thread/src/kservice.o
 .rodata.rt_vsnprintf.str1.4
                0x08342218        0x7 ./rt-thread/src/kservice.o
 .rodata.rt_show_version.str1.4
                0x08342218       0x96 ./rt-thread/src/kservice.o
 .rodata.rt_hw_cpu_shutdown.str1.4
                0x08342218       0xa3 ./rt-thread/src/kservice.o
 .rodata.rt_system_heap_init.str1.4
                0x08342218       0x1d ./rt-thread/src/kservice.o
 .rodata.rt_malloc.str1.4
                0x08342218       0x10 ./rt-thread/src/kservice.o
 .rodata.__FUNCTION__.0
                0x08342218        0xd ./rt-thread/src/kservice.o
 *fill*         0x08342225        0x3 
 .rodata.__FUNCTION__.1
                0x08342228       0x14 ./rt-thread/src/kservice.o
 .rodata.small_digits.3
                0x0834223c       0x11 ./rt-thread/src/kservice.o
 *fill*         0x0834224d        0x3 
 .rodata.large_digits.4
                0x08342250       0x11 ./rt-thread/src/kservice.o
 *fill*         0x08342261        0x3 
 .rodata.__lowest_bit_bitmap
                0x08342264      0x100 ./rt-thread/src/kservice.o
                0x08342264                __lowest_bit_bitmap
 .rodata.str1.4
                0x08342364       0x78 ./rt-thread/src/kservice.o
 .rodata.rt_errno_strs
                0x08342364       0x78 ./rt-thread/src/kservice.o
 .rodata.rt_memheap_init.str1.4
                0x083423dc       0x13 ./rt-thread/src/memheap.o
 .rodata.rt_memheap_detach.str1.4
                0x083423dc       0x71 ./rt-thread/src/memheap.o
 .rodata.rt_memheap_alloc.str1.4
                0x083423dc       0x10 ./rt-thread/src/memheap.o
 .rodata.rt_memheap_free.str1.4
                0x083423dc       0x7a ./rt-thread/src/memheap.o
 .rodata._memheap_alloc.str1.4
                0x083423dc       0x17 ./rt-thread/src/memheap.o
 .rodata.__FUNCTION__.0
                0x083423dc        0xf ./rt-thread/src/memheap.o
 *fill*         0x083423eb        0x1 
 .rodata.__FUNCTION__.1
                0x083423ec       0x10 ./rt-thread/src/memheap.o
 .rodata.__FUNCTION__.3
                0x083423fc       0x11 ./rt-thread/src/memheap.o
 *fill*         0x0834240d        0x3 
 .rodata.__FUNCTION__.5
                0x08342410       0x10 ./rt-thread/src/memheap.o
 .rodata.rt_object_init.str1.4
                0x08342420       0x26 ./rt-thread/src/object.o
 .rodata.rt_object_detach.str1.4
                0x08342420       0x12 ./rt-thread/src/object.o
 .rodata.rt_object_allocate.str1.4
                0x08342420       0x2a ./rt-thread/src/object.o
 .rodata.rt_object_delete.str1.4
                0x08342420       0x29 ./rt-thread/src/object.o
 .rodata.__FUNCTION__.0
                0x08342420        0xf ./rt-thread/src/object.o
 *fill*         0x0834242f        0x1 
 .rodata.__FUNCTION__.1
                0x08342430       0x13 ./rt-thread/src/object.o
 *fill*         0x08342443        0x1 
 .rodata.__FUNCTION__.2
                0x08342444       0x1a ./rt-thread/src/object.o
 *fill*         0x0834245e        0x2 
 .rodata.__FUNCTION__.3
                0x08342460       0x11 ./rt-thread/src/object.o
 *fill*         0x08342471        0x3 
 .rodata.__FUNCTION__.4
                0x08342474       0x13 ./rt-thread/src/object.o
 *fill*         0x08342487        0x1 
 .rodata.__FUNCTION__.5
                0x08342488       0x11 ./rt-thread/src/object.o
 *fill*         0x08342499        0x3 
 .rodata.__FUNCTION__.6
                0x0834249c        0xf ./rt-thread/src/object.o
 .rodata.rt_schedule_insert_thread.str1.4
                0x083424ab       0x12 ./rt-thread/src/scheduler_up.o
 .rodata.rt_schedule.str1.4
                0x083424ab       0x51 ./rt-thread/src/scheduler_up.o
 *fill*         0x083424ab        0x1 
 .rodata.__FUNCTION__.0
                0x083424ac       0x1a ./rt-thread/src/scheduler_up.o
 *fill*         0x083424c6        0x2 
 .rodata.__FUNCTION__.1
                0x083424c8       0x1a ./rt-thread/src/scheduler_up.o
 .rodata._thread_timeout.str1.4
                0x083424e2       0x9a ./rt-thread/src/thread.o
 .rodata.rt_thread_init.str1.4
                0x083424e2       0x3a ./rt-thread/src/thread.o
 .rodata.rt_thread_detach.str1.4
                0x083424e2       0x2f ./rt-thread/src/thread.o
 .rodata.rt_thread_delete.str1.4
                0x083424e2       0x3b ./rt-thread/src/thread.o
 .rodata.rt_thread_suspend_with_flag.str1.4
                0x083424e2       0x1e ./rt-thread/src/thread.o
 .rodata.rt_thread_sleep.str1.4
                0x083424e2       0xb3 ./rt-thread/src/thread.o
 .rodata.rt_thread_startup.str1.4
                0x083424e2       0x37 ./rt-thread/src/thread.o
 *fill*         0x083424e2        0x2 
 .rodata.__FUNCTION__.0
                0x083424e4       0x11 ./rt-thread/src/thread.o
 *fill*         0x083424f5        0x3 
 .rodata.__FUNCTION__.1
                0x083424f8       0x1c ./rt-thread/src/thread.o
 .rodata.__FUNCTION__.2
                0x08342514       0x1c ./rt-thread/src/thread.o
 .rodata.__FUNCTION__.3
                0x08342530       0x12 ./rt-thread/src/thread.o
 *fill*         0x08342542        0x2 
 .rodata.__FUNCTION__.5
                0x08342544       0x10 ./rt-thread/src/thread.o
 .rodata.__FUNCTION__.6
                0x08342554       0x11 ./rt-thread/src/thread.o
 *fill*         0x08342565        0x3 
 .rodata.__FUNCTION__.7
                0x08342568       0x11 ./rt-thread/src/thread.o
 *fill*         0x08342579        0x3 
 .rodata.__FUNCTION__.8
                0x0834257c       0x12 ./rt-thread/src/thread.o
 *fill*         0x0834258e        0x2 
 .rodata.__FUNCTION__.9
                0x08342590       0x10 ./rt-thread/src/thread.o
 .rodata.__FUNCTION__.10
                0x083425a0        0xd ./rt-thread/src/thread.o
 *fill*         0x083425ad        0x3 
 .rodata.__FUNCTION__.11
                0x083425b0        0xf ./rt-thread/src/thread.o
 .rodata.rt_timer_init.str1.4
                0x083425bf       0x3f ./rt-thread/src/timer.o
 .rodata.rt_timer_detach.str1.4
                0x083425bf       0x66 ./rt-thread/src/timer.o
 .rodata.rt_timer_control.str1.4
                0x083425bf       0x26 ./rt-thread/src/timer.o
 .rodata.rt_system_timer_thread_init.str1.4
                0x083425bf        0x6 ./rt-thread/src/timer.o
 *fill*         0x083425bf        0x1 
 .rodata.__FUNCTION__.0
                0x083425c0       0x11 ./rt-thread/src/timer.o
 *fill*         0x083425d1        0x3 
 .rodata.__FUNCTION__.1
                0x083425d4        0xe ./rt-thread/src/timer.o
 *fill*         0x083425e2        0x2 
 .rodata.__FUNCTION__.3
                0x083425e4        0xf ./rt-thread/src/timer.o
 *fill*         0x083425f3        0x1 
 .rodata.__FUNCTION__.6
                0x083425f4       0x10 ./rt-thread/src/timer.o
 .rodata.__FUNCTION__.7
                0x08342604        0xe ./rt-thread/src/timer.o
 .rodata.rt_hw_hard_fault_exception.str1.4
                0x08342612      0x2b9 ./rt-thread/libcpu/arm/cortex-m33/cpuport.o
 .rodata.rt_secure_svc_handle.str1.4
                0x08342612       0x16 ./rt-thread/libcpu/arm/cortex-m33/trustzone.o
 .rodata.clear.str1.4
                0x08342612        0x8 ./rt-thread/components/finsh/cmd.o
 .rodata.list_thread.str1.4
                0x08342612      0x11e ./rt-thread/components/finsh/cmd.o
 .rodata.list_sem.str1.4
                0x08342612       0x70 ./rt-thread/components/finsh/cmd.o
 .rodata.list_event.str1.4
                0x08342612       0x76 ./rt-thread/components/finsh/cmd.o
 .rodata.list_mutex.str1.4
                0x08342612       0x9e ./rt-thread/components/finsh/cmd.o
 .rodata.list_mailbox.str1.4
                0x08342612       0x76 ./rt-thread/components/finsh/cmd.o
 .rodata.list_msgqueue.str1.4
                0x08342612       0x69 ./rt-thread/components/finsh/cmd.o
 .rodata.list_memheap.str1.4
                0x08342612       0x84 ./rt-thread/components/finsh/cmd.o
 .rodata.list_mempool.str1.4
                0x08342612       0x8c ./rt-thread/components/finsh/cmd.o
 .rodata.list_timer.str1.4
                0x08342612       0xd1 ./rt-thread/components/finsh/cmd.o
 .rodata.list_device.str1.4
                0x08342612       0x6f ./rt-thread/components/finsh/cmd.o
 .rodata.cmd_list.str1.4
                0x08342612       0x24 ./rt-thread/components/finsh/cmd.o
 *fill*         0x08342612        0x2 
 .rodata.name   0x08342614       0x6a ./rt-thread/components/finsh/cmd.o
                0x08342614                __fsym_list_desc
                0x08342624                __fsym_list_name
                0x0834262c                __fsym_version_desc
                0x08342654                __fsym_version_name
                0x0834265c                __fsym_clear_desc
                0x08342678                __fsym_clear_name
 .rodata.str1.4
                0x0834267e      0x253 ./rt-thread/components/finsh/cmd.o
 *fill*         0x0834267e        0x2 
 .rodata.device_type_str
                0x08342680       0x7c ./rt-thread/components/finsh/cmd.o
 .rodata.msh_help.str1.4
                0x083426fc       0x2a ./rt-thread/components/finsh/msh.o
 .rodata.msh_exec.str1.4
                0x083426fc       0x3c ./rt-thread/components/finsh/msh.o
 .rodata.msh_auto_complete.str1.4
                0x083426fc        0x4 ./rt-thread/components/finsh/msh.o
 .rodata.msh_opt_list_dump.str1.4
                0x083426fc       0x10 ./rt-thread/components/finsh/msh.o
 .rodata.name   0x083426fc       0x6d ./rt-thread/components/finsh/msh.o
                0x083426fc                __fsym_free_desc
                0x08342724                __fsym_free_name
                0x0834272c                __fsym_ps_desc
                0x08342748                __fsym_ps_name
                0x0834274c                __fsym_help_desc
                0x08342764                __fsym_help_name
 .rodata.finsh_rx_ind.str1.4
                0x08342769       0x11 ./rt-thread/components/finsh/shell.o
 .rodata.finsh_system_init.str1.4
                0x08342769       0x25 ./rt-thread/components/finsh/shell.o
 .rodata.shell_handle_history.isra.0.str1.4
                0x08342769       0x19 ./rt-thread/components/finsh/shell.o
 .rodata.finsh_set_device.str1.4
                0x08342769       0x20 ./rt-thread/components/finsh/shell.o
 .rodata.finsh_thread_entry.str1.4
                0x08342769       0x1b ./rt-thread/components/finsh/shell.o
 *fill*         0x08342769        0x3 
 .rodata.__FUNCTION__.3
                0x0834276c        0xd ./rt-thread/components/finsh/shell.o
 *fill*         0x08342779        0x3 
 .rodata.__FUNCTION__.4
                0x0834277c       0x11 ./rt-thread/components/finsh/shell.o
 *fill*         0x0834278d        0x3 
 .rodata.__FUNCTION__.5
                0x08342790        0xe ./rt-thread/components/finsh/shell.o
 *fill*         0x0834279e        0x2 
 .rodata.__FUNCTION__.6
                0x083427a0       0x16 ./rt-thread/components/finsh/shell.o
 .rodata.rt_serial_control.str1.4
                0x083427b6        0xf ./rt-thread/components/drivers/serial/serial.o
 .rodata.rt_serial_open.str1.4
                0x083427b6       0x27 ./rt-thread/components/drivers/serial/serial.o
 .rodata.rt_serial_write.str1.4
                0x083427b6        0xe ./rt-thread/components/drivers/serial/serial.o
 .rodata.rt_hw_serial_register.str1.4
                0x083427b6       0x12 ./rt-thread/components/drivers/serial/serial.o
 .rodata.rt_hw_serial_isr.str1.4
                0x083427b6       0x7a ./rt-thread/components/drivers/serial/serial.o
 *fill*         0x083427b6        0x2 
 .rodata.__FUNCTION__.1
                0x083427b8       0x11 ./rt-thread/components/drivers/serial/serial.o
 *fill*         0x083427c9        0x3 
 .rodata.__FUNCTION__.2
                0x083427cc        0xf ./rt-thread/components/drivers/serial/serial.o
 *fill*         0x083427db        0x1 
 .rodata.__FUNCTION__.3
                0x083427dc        0xf ./rt-thread/components/drivers/serial/serial.o
 *fill*         0x083427eb        0x1 
 .rodata.__FUNCTION__.4
                0x083427ec       0x10 ./rt-thread/components/drivers/serial/serial.o
 .rodata.__FUNCTION__.6
                0x083427fc        0xf ./rt-thread/components/drivers/serial/serial.o
 *fill*         0x0834280b        0x1 
 .rodata.__FUNCTION__.7
                0x0834280c        0xf ./rt-thread/components/drivers/serial/serial.o
 *fill*         0x0834281b        0x1 
 .rodata.__FUNCTION__.9
                0x0834281c        0xf ./rt-thread/components/drivers/serial/serial.o
 *fill*         0x0834282b        0x1 
 .rodata.__FUNCTION__.10
                0x0834282c       0x10 ./rt-thread/components/drivers/serial/serial.o
 .rodata.__FUNCTION__.11
                0x0834283c       0x12 ./rt-thread/components/drivers/serial/serial.o
 *fill*         0x0834284e        0x2 
 .rodata.__FUNCTION__.12
                0x08342850       0x16 ./rt-thread/components/drivers/serial/serial.o
 .rodata._pin_control.str1.4
                0x08342866        0xf ./rt-thread/components/drivers/misc/pin.o
 .rodata._pin_cmd_print_usage.str1.4
                0x08342866      0x1de ./rt-thread/components/drivers/misc/pin.o
 .rodata._pin_cmd.str1.4
                0x08342866       0xb0 ./rt-thread/components/drivers/misc/pin.o
 *fill*         0x08342866        0x2 
 .rodata.__FUNCTION__.0
                0x08342868        0xb ./rt-thread/components/drivers/misc/pin.o
 *fill*         0x08342873        0x1 
 .rodata.__FUNCTION__.1
                0x08342874        0xc ./rt-thread/components/drivers/misc/pin.o
 .rodata.__FUNCTION__.2
                0x08342880        0xd ./rt-thread/components/drivers/misc/pin.o
 *fill*         0x0834288d        0x3 
 .rodata.__FUNCTION__.3
                0x08342890        0xc ./rt-thread/components/drivers/misc/pin.o
 .rodata.__FUNCTION__.7
                0x0834289c        0xa ./rt-thread/components/drivers/misc/pin.o
 *fill*         0x083428a6        0x2 
 .rodata.__FUNCTION__.8
                0x083428a8        0xb ./rt-thread/components/drivers/misc/pin.o
 *fill*         0x083428b3        0x1 
 .rodata.__FUNCTION__.9
                0x083428b4        0xd ./rt-thread/components/drivers/misc/pin.o
 *fill*         0x083428c1        0x3 
 .rodata.name   0x083428c4       0x14 ./rt-thread/components/drivers/misc/pin.o
                0x083428c4                __fsym_pin_desc
                0x083428d4                __fsym_pin_name
 .rodata.rt_completion_init.str1.4
                0x083428d8       0x16 ./rt-thread/components/drivers/ipc/completion.o
 .rodata.rt_completion_wait.str1.4
                0x083428d8       0xe7 ./rt-thread/components/drivers/ipc/completion.o
 .rodata.__FUNCTION__.0
                0x083428d8       0x13 ./rt-thread/components/drivers/ipc/completion.o
 *fill*         0x083428eb        0x1 
 .rodata.__FUNCTION__.1
                0x083428ec       0x13 ./rt-thread/components/drivers/ipc/completion.o
 *fill*         0x083428ff        0x1 
 .rodata.__FUNCTION__.2
                0x08342900       0x13 ./rt-thread/components/drivers/ipc/completion.o
 .rodata.rt_device_unregister.str1.4
                0x08342913       0x74 ./rt-thread/components/drivers/core/device.o
 .rodata.rt_device_init.str1.4
                0x08342913       0x56 ./rt-thread/components/drivers/core/device.o
 .rodata.rt_device_open.str1.4
                0x08342913       0x14 ./rt-thread/components/drivers/core/device.o
 *fill*         0x08342913        0x1 
 .rodata.__FUNCTION__.1
                0x08342914       0x1a ./rt-thread/components/drivers/core/device.o
 *fill*         0x0834292e        0x2 
 .rodata.__FUNCTION__.3
                0x08342930       0x10 ./rt-thread/components/drivers/core/device.o
 .rodata.__FUNCTION__.4
                0x08342940        0xf ./rt-thread/components/drivers/core/device.o
 *fill*         0x0834294f        0x1 
 .rodata.__FUNCTION__.5
                0x08342950       0x10 ./rt-thread/components/drivers/core/device.o
 .rodata.__FUNCTION__.6
                0x08342960        0xf ./rt-thread/components/drivers/core/device.o
 *fill*         0x0834296f        0x1 
 .rodata.CYBSP_UART5_hal_config
                0x08342970       0x10 ./libs/TARGET_APP_KIT_PSE84_EVAL_EPC2/config/GeneratedSource/cycfg_peripherals.o
                0x08342970                CYBSP_UART5_hal_config
 .rodata.CYBSP_UART5_hal_clock
                0x08342980        0x8 ./libs/TARGET_APP_KIT_PSE84_EVAL_EPC2/config/GeneratedSource/cycfg_peripherals.o
                0x08342980                CYBSP_UART5_hal_clock
 .rodata.CYBSP_UART5_clock_ref
                0x08342988        0xc ./libs/TARGET_APP_KIT_PSE84_EVAL_EPC2/config/GeneratedSource/cycfg_peripherals.o
                0x08342988                CYBSP_UART5_clock_ref
 .rodata.CYBSP_UART5_config
                0x08342994       0x44 ./libs/TARGET_APP_KIT_PSE84_EVAL_EPC2/config/GeneratedSource/cycfg_peripherals.o
                0x08342994                CYBSP_UART5_config
 .rodata.CYBSP_DEBUG_UART_hal_config
                0x083429d8       0x10 ./libs/TARGET_APP_KIT_PSE84_EVAL_EPC2/config/GeneratedSource/cycfg_peripherals.o
                0x083429d8                CYBSP_DEBUG_UART_hal_config
 .rodata.CYBSP_DEBUG_UART_hal_clock
                0x083429e8        0x8 ./libs/TARGET_APP_KIT_PSE84_EVAL_EPC2/config/GeneratedSource/cycfg_peripherals.o
                0x083429e8                CYBSP_DEBUG_UART_hal_clock
 .rodata.CYBSP_DEBUG_UART_clock_ref
                0x083429f0        0xc ./libs/TARGET_APP_KIT_PSE84_EVAL_EPC2/config/GeneratedSource/cycfg_peripherals.o
                0x083429f0                CYBSP_DEBUG_UART_clock_ref
 .rodata.CYBSP_DEBUG_UART_config
                0x083429fc       0x44 ./libs/TARGET_APP_KIT_PSE84_EVAL_EPC2/config/GeneratedSource/cycfg_peripherals.o
                0x083429fc                CYBSP_DEBUG_UART_config
 .rodata        0x08342a40       0x10 ./libs/TARGET_APP_KIT_PSE84_EVAL_EPC2/cybsp.o
 .rodata        0x08342a50       0x40 ./libraries/components/mtb-device-support-pse8xxgp/pdl/drivers/source/cy_sysclk_v2.o
 .rodata.CSWTCH.47
                0x08342a90        0x6 ./libraries/components/mtb-device-support-pse8xxgp/pdl/drivers/source/cy_syspm_v4.o
 *fill*         0x08342a96        0x2 
 .rodata.CSWTCH.62
                0x08342a98       0x10 ./libraries/components/mtb-device-support-pse8xxgp/pdl/devices/source/cy_device.o
 .rodata.IPC_BASE_PTR
                0x08342aa8        0x8 ./libraries/components/mtb-device-support-pse8xxgp/pdl/devices/source/cy_device.o
                0x08342aa8                IPC_BASE_PTR
 .rodata.cy_deviceIpBlockCfg
                0x08342ab0       0x1c ./libraries/components/mtb-device-support-pse8xxgp/pdl/devices/source/cy_device.o
                0x08342ab0                cy_deviceIpBlockCfg
 .rodata.mtb_hal_clock_peri_interface
                0x08342acc        0xc ./libraries/components/mtb-device-support-pse8xxgp/hal/source/mtb_hal_clock.o
                0x08342acc                mtb_hal_clock_peri_interface
 .rodata.rt_hw_board_init.str1.4
                0x08342ad8        0x6 ./libraries/HAL_Drivers/drv_common.o
 .rodata.name   0x08342ad8       0x17 ./libraries/HAL_Drivers/drv_common.o
                0x08342ad8                __fsym_reboot_desc
                0x08342ae8                __fsym_reboot_name
 .rodata.rt_hw_pin_init.str1.4
                0x08342aef        0x4 ./libraries/HAL_Drivers/drv_gpio.o
 *fill*         0x08342aef        0x1 
 .rodata._ifx_pin_ops
                0x08342af0       0x1c ./libraries/HAL_Drivers/drv_gpio.o
 .rodata.pin_irq_map
                0x08342b0c       0x58 ./libraries/HAL_Drivers/drv_gpio.o
 .rodata.ifx_uarths_getc.str1.4
                0x08342b64       0x24 ./libraries/HAL_Drivers/drv_uart.o
 .rodata.ifx_configure.str1.4
                0x08342b64       0x11 ./libraries/HAL_Drivers/drv_uart.o
 .rodata.rt_hw_uart_init.str1.4
                0x08342b64       0x2c ./libraries/HAL_Drivers/drv_uart.o
 .rodata.__FUNCTION__.0
                0x08342b64       0x10 ./libraries/HAL_Drivers/drv_uart.o
 .rodata.__FUNCTION__.1
                0x08342b74        0xe ./libraries/HAL_Drivers/drv_uart.o
 *fill*         0x08342b82        0x2 
 .rodata.__FUNCTION__.2
                0x08342b84        0xc ./libraries/HAL_Drivers/drv_uart.o
 .rodata.__FUNCTION__.3
                0x08342b90       0x10 ./libraries/HAL_Drivers/drv_uart.o
 .rodata.__FUNCTION__.4
                0x08342ba0       0x10 ./libraries/HAL_Drivers/drv_uart.o
 .rodata.__FUNCTION__.5
                0x08342bb0        0x9 ./libraries/HAL_Drivers/drv_uart.o
 *fill*         0x08342bb9        0x3 
 .rodata._uart_ops
                0x08342bbc       0x14 ./libraries/HAL_Drivers/drv_uart.o
                0x08342bbc                _uart_ops
 .rodata.str1.4
                0x08342bd0        0xe ./libraries/HAL_Drivers/drv_uart.o
 .rodata        0x08342bd0        0x8 ./libraries/HAL_Drivers/drv_uart.o
 .rodata.name   0x08342bd8       0x61 ./board/board.o
                0x08342bd8                __fsym_poweroff_desc
                0x08342c30                __fsym_poweroff_name
 .rodata.main.str1.4
                0x08342c39       0x2d ./applications/main.o
 *fill*         0x08342c39        0x3 
 .rodata._ctype_
                0x08342c3c      0x101 C:/RT-ThreadStudio/repo/Extract/ToolChain_Support_Packages/ARM/GNU_Tools_for_ARM_Embedded_Processors/13.3/bin/../lib/gcc/arm-none-eabi/13.3.1/thumb/v8-m.main+fp/softfp\libc.a(libc_a-ctype_.o)
                0x08342c3c                _ctype_
 *(EXCLUDE_FILE(*cmsis*.* *cy_worker_thread.* *cyabs_*.* *cy_time.* *cy_mutex_pool*.* *cy_clib_support*.* *freertos/Source*.* *mtb_serial_memory.* *mtb_hal_memoryspi.* *cy_smif_hb_flash.* *cy_smif_sfdp.* *cy_smif_memslot.* *cy_smif_memnum.* *cy_smif.* *cy_syslib_ext.* *cy_syslib.*) .text*)
 *fill*         0x08342d3d        0x3 
 .text.rt_tick_get
                0x08342d40        0xc ./rt-thread/src/clock.o
                0x08342d40                rt_tick_get
 .text.rt_tick_increase
                0x08342d4c       0x60 ./rt-thread/src/clock.o
                0x08342d4c                rt_tick_increase
 .text.rt_tick_from_millisecond
                0x08342dac       0x3c ./rt-thread/src/clock.o
                0x08342dac                rt_tick_from_millisecond
 .text.rti_start
                0x08342de8        0x4 ./rt-thread/src/components.o
 .text.main_thread_entry
                0x08342dec       0x24 ./rt-thread/src/components.o
                0x08342dec                main_thread_entry
 .text.rti_end  0x08342e10        0x4 ./rt-thread/src/components.o
 .text.rti_board_start
                0x08342e14        0x4 ./rt-thread/src/components.o
 .text.rti_board_end
                0x08342e18        0x4 ./rt-thread/src/components.o
 .text.rt_components_board_init
                0x08342e1c       0x20 ./rt-thread/src/components.o
                0x08342e1c                rt_components_board_init
 .text.entry    0x08342e3c       0x68 ./rt-thread/src/components.o
                0x08342e3c                entry
 .text.idle_thread_entry
                0x08342ea4       0x80 ./rt-thread/src/idle.o
 .text.rt_thread_defunct_enqueue
                0x08342f24       0x18 ./rt-thread/src/idle.o
                0x08342f24                rt_thread_defunct_enqueue
 .text.rt_thread_idle_init
                0x08342f3c       0x4c ./rt-thread/src/idle.o
                0x08342f3c                rt_thread_idle_init
 .text._rt_sem_take
                0x08342f88      0x21c ./rt-thread/src/ipc.o
 .text._rt_mutex_take
                0x083431a4      0x65c ./rt-thread/src/ipc.o
 .text.rt_sem_init
                0x08343800       0x68 ./rt-thread/src/ipc.o
                0x08343800                rt_sem_init
 .text.rt_sem_take
                0x08343868        0x8 ./rt-thread/src/ipc.o
                0x08343868                rt_sem_take
 .text.rt_sem_release
                0x08343870       0x8c ./rt-thread/src/ipc.o
                0x08343870                rt_sem_release
 .text.rt_mutex_init
                0x083438fc       0x4c ./rt-thread/src/ipc.o
                0x083438fc                rt_mutex_init
 .text.rt_mutex_drop_thread
                0x08343948      0x1a8 ./rt-thread/src/ipc.o
                0x08343948                rt_mutex_drop_thread
 .text.rt_mutex_take
                0x08343af0        0x8 ./rt-thread/src/ipc.o
                0x08343af0                rt_mutex_take
 .text.rt_mutex_release
                0x08343af8      0x1cc ./rt-thread/src/ipc.o
                0x08343af8                rt_mutex_release
 .text.rt_interrupt_enter
                0x08343cc4       0x2c ./rt-thread/src/irq.o
                0x08343cc4                rt_interrupt_enter
 .text.rt_interrupt_leave
                0x08343cf0       0x2c ./rt-thread/src/irq.o
                0x08343cf0                rt_interrupt_leave
 .text.rt_interrupt_get_nest
                0x08343d1c       0x18 ./rt-thread/src/irq.o
                0x08343d1c                rt_interrupt_get_nest
 .text.rt_hw_interrupt_is_disabled
                0x08343d34        0x4 ./rt-thread/src/irq.o
                0x08343d34                rt_hw_interrupt_is_disabled
 .text.print_number
                0x08343d38      0x290 ./rt-thread/src/kservice.o
 .text.rt_strerror
                0x08343fc8       0x88 ./rt-thread/src/kservice.o
                0x08343fc8                rt_strerror
 .text.rt_set_errno
                0x08344050       0x20 ./rt-thread/src/kservice.o
                0x08344050                rt_set_errno
 .text._rt_errno
                0x08344070       0x1c ./rt-thread/src/kservice.o
                0x08344070                _rt_errno
 .text.rt_memset
                0x0834408c       0x94 ./rt-thread/src/kservice.o
                0x0834408c                rt_memset
 .text.rt_memcpy
                0x08344120      0x15c ./rt-thread/src/kservice.o
                0x08344120                rt_memcpy
 .text.rt_memmove
                0x0834427c       0x90 ./rt-thread/src/kservice.o
                0x0834427c                rt_memmove
 .text.rt_vsnprintf
                0x0834430c      0x4a4 ./rt-thread/src/kservice.o
                0x0834430c                rt_vsnprintf
 .text.rt_snprintf
                0x083447b0       0x1c ./rt-thread/src/kservice.o
                0x083447b0                rt_snprintf
 .text.rt_console_get_device
                0x083447cc        0xc ./rt-thread/src/kservice.o
                0x083447cc                rt_console_get_device
 .text.rt_console_set_device
                0x083447d8       0x30 ./rt-thread/src/kservice.o
                0x083447d8                rt_console_set_device
 .text.rt_hw_console_output
                0x08344808        0x4 ./rt-thread/src/kservice.o
                0x08344808                rt_hw_console_output
 .text.rt_kprintf
                0x0834480c       0x50 ./rt-thread/src/kservice.o
                0x0834480c                rt_kprintf
 .text.rt_show_version
                0x0834485c       0x48 ./rt-thread/src/kservice.o
                0x0834485c                rt_show_version
 .text.rt_system_heap_init
                0x083448a4       0x7c ./rt-thread/src/kservice.o
                0x083448a4                rt_system_heap_init
 .text.rt_malloc
                0x08344920       0x98 ./rt-thread/src/kservice.o
                0x08344920                rt_malloc
 .text.rt_calloc
                0x083449b8       0x1c ./rt-thread/src/kservice.o
                0x083449b8                rt_calloc
 .text.rt_free  0x083449d4       0x98 ./rt-thread/src/kservice.o
                0x083449d4                rt_free
 .text.__rt_ffs
                0x08344a6c       0x40 ./rt-thread/src/kservice.o
                0x08344a6c                __rt_ffs
 .text.rt_assert_handler
                0x08344aac       0x3c ./rt-thread/src/kservice.o
                0x08344aac                rt_assert_handler
 .text.rt_memheap_init
                0x08344ae8       0xa4 ./rt-thread/src/memheap.o
                0x08344ae8                rt_memheap_init
 .text.rt_memheap_alloc
                0x08344b8c      0x13c ./rt-thread/src/memheap.o
                0x08344b8c                rt_memheap_alloc
 .text._memheap_alloc
                0x08344cc8       0x5c ./rt-thread/src/memheap.o
                0x08344cc8                _memheap_alloc
 .text._memheap_free
                0x08344d24      0x154 ./rt-thread/src/memheap.o
                0x08344d24                _memheap_free
 .text.rt_object_get_information
                0x08344e78       0x9c ./rt-thread/src/object.o
                0x08344e78                rt_object_get_information
 .text.rt_object_init
                0x08344f14      0x140 ./rt-thread/src/object.o
                0x08344f14                rt_object_init
 .text.rt_object_detach
                0x08345054       0x4c ./rt-thread/src/object.o
                0x08345054                rt_object_detach
 .text.rt_object_allocate
                0x083450a0      0x140 ./rt-thread/src/object.o
                0x083450a0                rt_object_allocate
 .text.rt_object_delete
                0x083451e0       0x6c ./rt-thread/src/object.o
                0x083451e0                rt_object_delete
 .text.rt_object_is_systemobject
                0x0834524c       0x2c ./rt-thread/src/object.o
                0x0834524c                rt_object_is_systemobject
 .text.rt_object_get_type
                0x08345278       0x2c ./rt-thread/src/object.o
                0x08345278                rt_object_get_type
 .text.rt_object_find
                0x083452a4      0x10c ./rt-thread/src/object.o
                0x083452a4                rt_object_find
 .text.rt_system_scheduler_init
                0x083453b0       0x2c ./rt-thread/src/scheduler_up.o
                0x083453b0                rt_system_scheduler_init
 .text.rt_system_scheduler_start
                0x083453dc       0x68 ./rt-thread/src/scheduler_up.o
                0x083453dc                rt_system_scheduler_start
 .text.rt_schedule_insert_thread
                0x08345444       0xa4 ./rt-thread/src/scheduler_up.o
                0x08345444                rt_schedule_insert_thread
 .text.rt_schedule
                0x083454e8      0x1d8 ./rt-thread/src/scheduler_up.o
                0x083454e8                rt_schedule
 .text.rt_schedule_remove_thread
                0x083456c0       0x68 ./rt-thread/src/scheduler_up.o
                0x083456c0                rt_schedule_remove_thread
 .text.rt_enter_critical
                0x08345728       0x1c ./rt-thread/src/scheduler_up.o
                0x08345728                rt_enter_critical
 .text.rt_exit_critical
                0x08345744       0x3c ./rt-thread/src/scheduler_up.o
                0x08345744                rt_exit_critical
 .text.rt_critical_level
                0x08345780        0xc ./rt-thread/src/scheduler_up.o
                0x08345780                rt_critical_level
 .text._thread_timeout
                0x0834578c       0x7c ./rt-thread/src/thread.o
 .text._thread_exit
                0x08345808       0x38 ./rt-thread/src/thread.o
 .text.rt_thread_init
                0x08345840       0xf8 ./rt-thread/src/thread.o
                0x08345840                rt_thread_init
 .text.rt_thread_self
                0x08345938        0xc ./rt-thread/src/thread.o
                0x08345938                rt_thread_self
 .text.rt_thread_detach
                0x08345944       0xa8 ./rt-thread/src/thread.o
                0x08345944                rt_thread_detach
 .text.rt_thread_create
                0x083459ec       0xd4 ./rt-thread/src/thread.o
                0x083459ec                rt_thread_create
 .text.rt_thread_delete
                0x08345ac0       0xa8 ./rt-thread/src/thread.o
                0x08345ac0                rt_thread_delete
 .text.rt_thread_suspend_with_flag
                0x08345b68       0xf8 ./rt-thread/src/thread.o
                0x08345b68                rt_thread_suspend_with_flag
 .text.rt_thread_sleep
                0x08345c60      0x15c ./rt-thread/src/thread.o
                0x08345c60                rt_thread_sleep
 .text.rt_thread_delay
                0x08345dbc        0x4 ./rt-thread/src/thread.o
                0x08345dbc                rt_thread_delay
 .text.rt_thread_mdelay
                0x08345dc0       0x10 ./rt-thread/src/thread.o
                0x08345dc0                rt_thread_mdelay
 .text.rt_thread_resume
                0x08345dd0       0x80 ./rt-thread/src/thread.o
                0x08345dd0                rt_thread_resume
 .text.rt_thread_startup
                0x08345e50       0x78 ./rt-thread/src/thread.o
                0x08345e50                rt_thread_startup
 .text.rt_thread_control
                0x08345ec8      0x120 ./rt-thread/src/thread.o
                0x08345ec8                rt_thread_control
 .text.rt_timer_init
                0x08345fe8       0x84 ./rt-thread/src/timer.o
                0x08345fe8                rt_timer_init
 .text.rt_timer_detach
                0x0834606c       0x7c ./rt-thread/src/timer.o
                0x0834606c                rt_timer_detach
 .text.rt_timer_start
                0x083460e8      0x110 ./rt-thread/src/timer.o
                0x083460e8                rt_timer_start
 .text.rt_timer_stop
                0x083461f8       0x80 ./rt-thread/src/timer.o
                0x083461f8                rt_timer_stop
 .text.rt_timer_control
                0x08346278       0xc0 ./rt-thread/src/timer.o
                0x08346278                rt_timer_control
 .text.rt_timer_check
                0x08346338       0xdc ./rt-thread/src/timer.o
                0x08346338                rt_timer_check
 .text.rt_soft_timer_check
                0x08346414       0xe8 ./rt-thread/src/timer.o
                0x08346414                rt_soft_timer_check
 .text._timer_thread_entry
                0x083464fc       0x48 ./rt-thread/src/timer.o
 .text.rt_system_timer_init
                0x08346544        0xc ./rt-thread/src/timer.o
                0x08346544                rt_system_timer_init
 .text.rt_system_timer_thread_init
                0x08346550       0x4c ./rt-thread/src/timer.o
                0x08346550                rt_system_timer_thread_init
 .text          0x0834659c      0x1ac ./rt-thread/libcpu/arm/cortex-m33/context_gcc.o
                0x0834659c                rt_hw_interrupt_disable
                0x083465a4                rt_hw_interrupt_enable
                0x083465aa                rt_hw_context_switch_interrupt
                0x083465aa                rt_hw_context_switch
                0x083465ca                PendSV_Handler
                0x0834668c                rt_hw_context_switch_to
                0x083466da                rt_hw_interrupt_thread_switch
                0x083466de                HardFault_Handler
 .text.rt_hw_stack_init
                0x08346748       0x68 ./rt-thread/libcpu/arm/cortex-m33/cpuport.o
                0x08346748                rt_hw_stack_init
 .text.rt_hw_hard_fault_exception
                0x083467b0      0x364 ./rt-thread/libcpu/arm/cortex-m33/cpuport.o
                0x083467b0                rt_hw_hard_fault_exception
 .text.rt_hw_cpu_reset
                0x08346b14       0x10 ./rt-thread/libcpu/arm/cortex-m33/cpuport.o
                0x08346b14                rt_hw_cpu_reset
 .text          0x08346b24       0x38 ./rt-thread/libcpu/arm/cortex-m33/syscall_gcc.o
                0x08346b24                tzcall
                0x08346b40                SVC_Handler
 .text.rt_trustzone_context_store
                0x08346b5c        0x4 ./rt-thread/libcpu/arm/cortex-m33/trustzone.o
                0x08346b5c                rt_trustzone_context_store
 .text.rt_trustzone_context_load
                0x08346b60        0x4 ./rt-thread/libcpu/arm/cortex-m33/trustzone.o
                0x08346b60                rt_trustzone_context_load
 .text.rt_secure_svc_handle
                0x08346b64       0x34 ./rt-thread/libcpu/arm/cortex-m33/trustzone.o
                0x08346b64                rt_secure_svc_handle
 .text.__errno  0x08346b98        0x4 ./rt-thread/components/libc/compilers/newlib/syscalls.o
                0x08346b98                __errno
 .text.clear    0x08346b9c       0x10 ./rt-thread/components/finsh/cmd.o
 .text.version  0x08346bac        0xc ./rt-thread/components/finsh/cmd.o
                0x08346bac                version
 .text.list_thread
                0x08346bb8      0x268 ./rt-thread/components/finsh/cmd.o
                0x08346bb8                list_thread
 .text.list_sem
                0x08346e20      0x1e8 ./rt-thread/components/finsh/cmd.o
                0x08346e20                list_sem
 .text.list_event
                0x08347008      0x1e4 ./rt-thread/components/finsh/cmd.o
                0x08347008                list_event
 .text.list_mutex
                0x083471ec      0x1fc ./rt-thread/components/finsh/cmd.o
                0x083471ec                list_mutex
 .text.list_mailbox
                0x083473e8      0x1f0 ./rt-thread/components/finsh/cmd.o
                0x083473e8                list_mailbox
 .text.list_msgqueue
                0x083475d8      0x1e8 ./rt-thread/components/finsh/cmd.o
                0x083475d8                list_msgqueue
 .text.list_memheap
                0x083477c0      0x174 ./rt-thread/components/finsh/cmd.o
                0x083477c0                list_memheap
 .text.list_mempool
                0x08347934      0x1f4 ./rt-thread/components/finsh/cmd.o
                0x08347934                list_mempool
 .text.list_timer
                0x08347b28      0x1ac ./rt-thread/components/finsh/cmd.o
                0x08347b28                list_timer
 .text.list_device
                0x08347cd4      0x18c ./rt-thread/components/finsh/cmd.o
                0x08347cd4                list_device
 .text.cmd_list
                0x08347e60       0x80 ./rt-thread/components/finsh/cmd.o
                0x08347e60                cmd_list
 .text.msh_help
                0x08347ee0       0x48 ./rt-thread/components/finsh/msh.o
                0x08347ee0                msh_help
 .text.cmd_ps   0x08347f28        0xc ./rt-thread/components/finsh/msh.o
                0x08347f28                cmd_ps
 .text.cmd_free
                0x08347f34        0xc ./rt-thread/components/finsh/msh.o
                0x08347f34                cmd_free
 .text.msh_exec
                0x08347f40      0x1b8 ./rt-thread/components/finsh/msh.o
                0x08347f40                msh_exec
 .text.msh_auto_complete
                0x083480f8       0xfc ./rt-thread/components/finsh/msh.o
                0x083480f8                msh_auto_complete
 .text.msh_opt_auto_complete
                0x083481f4      0x1d4 ./rt-thread/components/finsh/msh.o
                0x083481f4                msh_opt_auto_complete
 .text.msh_cmd_opt_id_get
                0x083483c8       0x30 ./rt-thread/components/finsh/msh.o
                0x083483c8                msh_cmd_opt_id_get
 .text.msh_opt_list_dump
                0x083483f8       0x28 ./rt-thread/components/finsh/msh.o
                0x083483f8                msh_opt_list_dump
 .text.msh_isint
                0x08348420       0x34 ./rt-thread/components/finsh/msh_parse.o
                0x08348420                msh_isint
 .text.finsh_rx_ind
                0x08348454       0x30 ./rt-thread/components/finsh/shell.o
 .text.finsh_system_init
                0x08348484       0xa8 ./rt-thread/components/finsh/shell.o
                0x08348484                finsh_system_init
 .text.shell_handle_history.isra.0
                0x0834852c       0x78 ./rt-thread/components/finsh/shell.o
 .text.finsh_set_device
                0x083485a4       0x94 ./rt-thread/components/finsh/shell.o
                0x083485a4                finsh_set_device
 .text.finsh_thread_entry
                0x08348638      0x5e0 ./rt-thread/components/finsh/shell.o
                0x08348638                finsh_thread_entry
 .text.rt_serial_control
                0x08348c18       0xc0 ./rt-thread/components/drivers/serial/serial.o
 .text.rt_serial_init
                0x08348cd8       0x44 ./rt-thread/components/drivers/serial/serial.o
 .text.rt_serial_open
                0x08348d1c      0x130 ./rt-thread/components/drivers/serial/serial.o
 .text.rt_serial_write
                0x08348e4c       0xc8 ./rt-thread/components/drivers/serial/serial.o
 .text.rt_serial_read
                0x08348f14       0xe4 ./rt-thread/components/drivers/serial/serial.o
 .text.rt_serial_close
                0x08348ff8       0xb4 ./rt-thread/components/drivers/serial/serial.o
 .text.rt_hw_serial_register
                0x083490ac       0x6c ./rt-thread/components/drivers/serial/serial.o
                0x083490ac                rt_hw_serial_register
 .text.rt_hw_serial_isr
                0x08349118       0xf4 ./rt-thread/components/drivers/serial/serial.o
                0x08349118                rt_hw_serial_isr
 .text._pin_control
                0x0834920c       0x34 ./rt-thread/components/drivers/misc/pin.o
 .text._pin_write
                0x08349240       0x38 ./rt-thread/components/drivers/misc/pin.o
 .text._pin_read
                0x08349278       0x3c ./rt-thread/components/drivers/misc/pin.o
 .text._pin_cmd_print_usage
                0x083492b4       0x98 ./rt-thread/components/drivers/misc/pin.o
 .text._pin_cmd
                0x0834934c      0x2ac ./rt-thread/components/drivers/misc/pin.o
 .text.rt_device_pin_register
                0x083495f8       0x44 ./rt-thread/components/drivers/misc/pin.o
                0x083495f8                rt_device_pin_register
 .text.rt_pin_mode
                0x0834963c       0x34 ./rt-thread/components/drivers/misc/pin.o
                0x0834963c                rt_pin_mode
 .text.rt_pin_write
                0x08349670       0x34 ./rt-thread/components/drivers/misc/pin.o
                0x08349670                rt_pin_write
 .text.rt_completion_init
                0x083496a4       0x34 ./rt-thread/components/drivers/ipc/completion.o
                0x083496a4                rt_completion_init
 .text.rt_completion_wait
                0x083496d8      0x194 ./rt-thread/components/drivers/ipc/completion.o
                0x083496d8                rt_completion_wait
 .text.rt_completion_done
                0x0834986c       0x54 ./rt-thread/components/drivers/ipc/completion.o
                0x0834986c                rt_completion_done
 .text.rt_device_register
                0x083498c0       0x38 ./rt-thread/components/drivers/core/device.o
                0x083498c0                rt_device_register
 .text.rt_device_find
                0x083498f8        0x8 ./rt-thread/components/drivers/core/device.o
                0x083498f8                rt_device_find
 .text.rt_device_open
                0x08349900       0xe4 ./rt-thread/components/drivers/core/device.o
                0x08349900                rt_device_open
 .text.rt_device_close
                0x083499e4       0x68 ./rt-thread/components/drivers/core/device.o
                0x083499e4                rt_device_close
 .text.rt_device_read
                0x08349a4c       0x78 ./rt-thread/components/drivers/core/device.o
                0x08349a4c                rt_device_read
 .text.rt_device_write
                0x08349ac4       0x78 ./rt-thread/components/drivers/core/device.o
                0x08349ac4                rt_device_write
 .text.rt_device_set_rx_indicate
                0x08349b3c       0x40 ./rt-thread/components/drivers/core/device.o
                0x08349b3c                rt_device_set_rx_indicate
 .text.init_cycfg_ns_clocks
                0x08349b7c       0x1c ./libs/TARGET_APP_KIT_PSE84_EVAL_EPC2/config/GeneratedSource/cycfg_clocks.o
                0x08349b7c                init_cycfg_ns_clocks
 .text.init_cycfg_protection
                0x08349b98        0x4 ./libs/TARGET_APP_KIT_PSE84_EVAL_EPC2/config/GeneratedSource/cycfg_protection.o
                0x08349b98                init_cycfg_protection
 .text.init_cycfg_ns_power
                0x08349b9c        0x4 ./libs/TARGET_APP_KIT_PSE84_EVAL_EPC2/config/GeneratedSource/cycfg_system.o
                0x08349b9c                init_cycfg_ns_power
 .text.NMIException_Handler
                0x08349ba0        0x8 ./libs/TARGET_APP_KIT_PSE84_EVAL_EPC2/COMPONENT_CM33/COMPONENT_NON_SECURE_DEVICE/ns_start_pse84.o
                0x08349ba0                NMIException_Handler
 .text.MemManage_Handler
                0x08349ba8       0x18 ./libs/TARGET_APP_KIT_PSE84_EVAL_EPC2/COMPONENT_CM33/COMPONENT_NON_SECURE_DEVICE/ns_start_pse84.o
                0x08349ba8                MemManage_Handler
 .text.InterruptHandler
                0x08349bc0        0x8 ./libs/TARGET_APP_KIT_PSE84_EVAL_EPC2/COMPONENT_CM33/COMPONENT_NON_SECURE_DEVICE/ns_start_pse84.o
                0x08349bc0                InterruptHandler
 .text.SysTick_Handler
                0x08349bc8        0x4 ./libs/TARGET_APP_KIT_PSE84_EVAL_EPC2/COMPONENT_CM33/COMPONENT_NON_SECURE_DEVICE/ns_start_pse84.o
                0x08349bc8                SysTick_Handler
 .text.BusFault_Handler
                0x08349bcc       0x18 ./libs/TARGET_APP_KIT_PSE84_EVAL_EPC2/COMPONENT_CM33/COMPONENT_NON_SECURE_DEVICE/ns_start_pse84.o
                0x08349bcc                BusFault_Handler
 .text.UsageFault_Handler
                0x08349be4       0x18 ./libs/TARGET_APP_KIT_PSE84_EVAL_EPC2/COMPONENT_CM33/COMPONENT_NON_SECURE_DEVICE/ns_start_pse84.o
                0x08349be4                UsageFault_Handler
 .text.Cy_RuntimeInit
                0x08349bfc       0x8c ./libs/TARGET_APP_KIT_PSE84_EVAL_EPC2/COMPONENT_CM33/COMPONENT_NON_SECURE_DEVICE/ns_start_pse84.o
                0x08349bfc                Cy_RuntimeInit
 .text.Reset_Handler
                0x08349c88       0x38 ./libs/TARGET_APP_KIT_PSE84_EVAL_EPC2/COMPONENT_CM33/COMPONENT_NON_SECURE_DEVICE/ns_start_pse84.o
                0x08349c88                Reset_Handler
 .text.SysLib_FaultHandler
                0x08349cc0        0x4 ./libs/TARGET_APP_KIT_PSE84_EVAL_EPC2/COMPONENT_CM33/COMPONENT_NON_SECURE_DEVICE/ns_start_pse84.o
                0x08349cc0                SysLib_FaultHandler
 .text.Cy_SystemInit
                0x08349cc4        0x4 ./libs/TARGET_APP_KIT_PSE84_EVAL_EPC2/COMPONENT_CM33/COMPONENT_NON_SECURE_DEVICE/ns_system_pse84.o
                0x08349cc4                Cy_SystemInit
 .text.SystemInit
                0x08349cc8       0x14 ./libs/TARGET_APP_KIT_PSE84_EVAL_EPC2/COMPONENT_CM33/COMPONENT_NON_SECURE_DEVICE/ns_system_pse84.o
                0x08349cc8                SystemInit
 .text.SystemCoreClockSetup
                0x08349cdc       0x58 ./libs/TARGET_APP_KIT_PSE84_EVAL_EPC2/COMPONENT_CM33/COMPONENT_NON_SECURE_DEVICE/ns_system_pse84.o
                0x08349cdc                SystemCoreClockSetup
 .text.cybsp_srf_ipc_semaphore_interrupt_handler
                0x08349d34        0xc ./libs/TARGET_APP_KIT_PSE84_EVAL_EPC2/cybsp.o
                0x08349d34                cybsp_srf_ipc_semaphore_interrupt_handler
 .text.cybsp_srf_ipc_queue_interrupt_handler
                0x08349d40        0xc ./libs/TARGET_APP_KIT_PSE84_EVAL_EPC2/cybsp.o
                0x08349d40                cybsp_srf_ipc_queue_interrupt_handler
 *fill*         0x08349d4c        0x4 
 .text._cybsp_ipc_srf_init
                0x08349d50      0x118 ./libs/TARGET_APP_KIT_PSE84_EVAL_EPC2/cybsp.o
                0x08349d50                _cybsp_ipc_srf_init
 .text.cybsp_init
                0x08349e68       0x5c ./libs/TARGET_APP_KIT_PSE84_EVAL_EPC2/cybsp.o
                0x08349e68                cybsp_init
 .text.Cy_SysEnableCM55
                0x08349ec4       0xe0 ./libs/TARGET_APP_KIT_PSE84_EVAL_EPC2/system_edge.o
                0x08349ec4                Cy_SysEnableCM55
 .text.mtb_srf_ipc_relay_init
                0x08349fa4       0xf0 ./libraries/components/mtb-srf/mtb_srf_ipc.o
                0x08349fa4                mtb_srf_ipc_relay_init
 .text.mtb_srf_pool_init
                0x0834a094       0x44 ./libraries/components/mtb-srf/mtb_srf_pool.o
                0x0834a094                mtb_srf_pool_init
 .text._mtb_ipc_lock_with_timeout
                0x0834a0d8       0xb4 ./libraries/components/mtb-ipc/source/mtb_ipc.o
                0x0834a0d8                _mtb_ipc_lock_with_timeout
 .text.mtb_ipc_semaphore_process_interrupt
                0x0834a18c       0x6c ./libraries/components/mtb-ipc/source/mtb_ipc.o
                0x0834a18c                mtb_ipc_semaphore_process_interrupt
 .text.mtb_ipc_queue_process_interrupt
                0x0834a1f8      0x118 ./libraries/components/mtb-ipc/source/mtb_ipc.o
                0x0834a1f8                mtb_ipc_queue_process_interrupt
 .text.mtb_ipc_init
                0x0834a310      0x168 ./libraries/components/mtb-ipc/source/mtb_ipc.o
                0x0834a310                mtb_ipc_init
 .text._mtb_ipc_semaphore_take_internal
                0x0834a478      0x354 ./libraries/components/mtb-ipc/source/mtb_ipc.o
                0x0834a478                _mtb_ipc_semaphore_take_internal
 .text.mtb_ipc_semaphore_give
                0x0834a7cc      0x5cc ./libraries/components/mtb-ipc/source/mtb_ipc.o
                0x0834a7cc                mtb_ipc_semaphore_give
 .text.mtb_ipc_semaphore_init
                0x0834ad98       0xc8 ./libraries/components/mtb-ipc/source/mtb_ipc.o
                0x0834ad98                mtb_ipc_semaphore_init
 .text.mtb_ipc_semaphore_free
                0x0834ae60       0x90 ./libraries/components/mtb-ipc/source/mtb_ipc.o
                0x0834ae60                mtb_ipc_semaphore_free
 .text.mtb_ipc_mbox_receiver_init
                0x0834aef0      0x1b8 ./libraries/components/mtb-ipc/source/mtb_ipc.o
                0x0834aef0                mtb_ipc_mbox_receiver_init
 .text.mtb_ipc_mbox_receiver_free
                0x0834b0a8       0xb0 ./libraries/components/mtb-ipc/source/mtb_ipc.o
                0x0834b0a8                mtb_ipc_mbox_receiver_free
 .text.Cy_GPIO_Port_Deinit
                0x0834b158       0x94 ./libraries/components/mtb-device-support-pse8xxgp/pdl/drivers/source/cy_gpio.o
                0x0834b158                Cy_GPIO_Port_Deinit
 .text.Cy_IPC_Drv_LockRelease
                0x0834b1ec       0x20 ./libraries/components/mtb-device-support-pse8xxgp/pdl/drivers/source/cy_ipc_drv.o
                0x0834b1ec                Cy_IPC_Drv_LockRelease
 .text.Cy_IPC_Drv_SendMsgWord
                0x0834b20c       0x24 ./libraries/components/mtb-device-support-pse8xxgp/pdl/drivers/source/cy_ipc_drv.o
                0x0834b20c                Cy_IPC_Drv_SendMsgWord
 .text.Cy_IPC_Sema_InitExt.part.0
                0x0834b230       0x84 ./libraries/components/mtb-device-support-pse8xxgp/pdl/drivers/source/cy_ipc_sema.o
 .text.Cy_IPC_Sema_InitExt
                0x0834b2b4       0x18 ./libraries/components/mtb-device-support-pse8xxgp/pdl/drivers/source/cy_ipc_sema.o
                0x0834b2b4                Cy_IPC_Sema_InitExt
 .text.Cy_IPC_Sema_Set
                0x0834b2cc       0xdc ./libraries/components/mtb-device-support-pse8xxgp/pdl/drivers/source/cy_ipc_sema.o
                0x0834b2cc                Cy_IPC_Sema_Set
 .text.Cy_IPC_Sema_Clear
                0x0834b3a8       0xe0 ./libraries/components/mtb-device-support-pse8xxgp/pdl/drivers/source/cy_ipc_sema.o
                0x0834b3a8                Cy_IPC_Sema_Clear
 .text.Cy_SCB_Write
                0x0834b488       0x2c ./libraries/components/mtb-device-support-pse8xxgp/pdl/drivers/source/cy_scb_common.o
                0x0834b488                Cy_SCB_Write
 .text.Cy_SCB_UART_Init
                0x0834b4b4      0x2a8 ./libraries/components/mtb-device-support-pse8xxgp/pdl/drivers/source/cy_scb_uart.o
                0x0834b4b4                Cy_SCB_UART_Init
 .text.Cy_SCB_UART_Disable
                0x0834b75c       0x18 ./libraries/components/mtb-device-support-pse8xxgp/pdl/drivers/source/cy_scb_uart.o
                0x0834b75c                Cy_SCB_UART_Disable
 .text.Cy_SysClk_PeriPclkSetDivider
                0x0834b774       0xf0 ./libraries/components/mtb-device-support-pse8xxgp/pdl/drivers/source/cy_sysclk_v2.o
                0x0834b774                Cy_SysClk_PeriPclkSetDivider
 .text.Cy_SysClk_PeriPclkGetDivider
                0x0834b864       0xf0 ./libraries/components/mtb-device-support-pse8xxgp/pdl/drivers/source/cy_sysclk_v2.o
                0x0834b864                Cy_SysClk_PeriPclkGetDivider
 .text.Cy_SysClk_PeriPclkSetFracDivider
                0x0834b954       0xe8 ./libraries/components/mtb-device-support-pse8xxgp/pdl/drivers/source/cy_sysclk_v2.o
                0x0834b954                Cy_SysClk_PeriPclkSetFracDivider
 .text.Cy_SysClk_PeriPclkGetFracDivider
                0x0834ba3c       0xc8 ./libraries/components/mtb-device-support-pse8xxgp/pdl/drivers/source/cy_sysclk_v2.o
                0x0834ba3c                Cy_SysClk_PeriPclkGetFracDivider
 .text.Cy_SysClk_PeriPclkEnableDivider
                0x0834bb04       0xf8 ./libraries/components/mtb-device-support-pse8xxgp/pdl/drivers/source/cy_sysclk_v2.o
                0x0834bb04                Cy_SysClk_PeriPclkEnableDivider
 .text.Cy_SysClk_PeriPclkDisableDivider
                0x0834bbfc       0xf0 ./libraries/components/mtb-device-support-pse8xxgp/pdl/drivers/source/cy_sysclk_v2.o
                0x0834bbfc                Cy_SysClk_PeriPclkDisableDivider
 .text.Cy_SysClk_EcoSetFrequency
                0x0834bcec        0xc ./libraries/components/mtb-device-support-pse8xxgp/pdl/drivers/source/cy_sysclk_v2.o
                0x0834bcec                Cy_SysClk_EcoSetFrequency
 .text.Cy_SysClk_ClkPathMuxGetFrequency
                0x0834bcf8       0xb8 ./libraries/components/mtb-device-support-pse8xxgp/pdl/drivers/source/cy_sysclk_v2.o
                0x0834bcf8                Cy_SysClk_ClkPathMuxGetFrequency
 .text.Cy_SysClk_DpllLpGetFrequency
                0x0834bdb0       0xb0 ./libraries/components/mtb-device-support-pse8xxgp/pdl/drivers/source/cy_sysclk_v2.o
                0x0834bdb0                Cy_SysClk_DpllLpGetFrequency
 .text.Cy_SysClk_DpllHpGetConfiguration
                0x0834be60      0x160 ./libraries/components/mtb-device-support-pse8xxgp/pdl/drivers/source/cy_sysclk_v2.o
                0x0834be60                Cy_SysClk_DpllHpGetConfiguration
 .text.Cy_SysClk_DpllHpGetFrequency
                0x0834bfc0       0xb4 ./libraries/components/mtb-device-support-pse8xxgp/pdl/drivers/source/cy_sysclk_v2.o
                0x0834bfc0                Cy_SysClk_DpllHpGetFrequency
 .text.Cy_SysClk_ClkHfGetFrequency
                0x0834c074      0x130 ./libraries/components/mtb-device-support-pse8xxgp/pdl/drivers/source/cy_sysclk_v2.o
                0x0834c074                Cy_SysClk_ClkHfGetFrequency
 .text.Cy_SysClk_PllDisable
                0x0834c1a4       0x70 ./libraries/components/mtb-device-support-pse8xxgp/pdl/drivers/source/cy_sysclk_v2.o
                0x0834c1a4                Cy_SysClk_PllDisable
 .text.Cy_Sysclk_PeriPclkGetClkHfNum
                0x0834c214       0x6c ./libraries/components/mtb-device-support-pse8xxgp/pdl/drivers/source/cy_sysclk_v2.o
                0x0834c214                Cy_Sysclk_PeriPclkGetClkHfNum
 .text.Cy_SysClk_PeriPclkGetFrequency
                0x0834c280      0x210 ./libraries/components/mtb-device-support-pse8xxgp/pdl/drivers/source/cy_sysclk_v2.o
                0x0834c280                Cy_SysClk_PeriPclkGetFrequency
 .text.Cy_SysInt_Init
                0x0834c490       0x7c ./libraries/components/mtb-device-support-pse8xxgp/pdl/drivers/source/cy_sysint_v2.o
                0x0834c490                Cy_SysInt_Init
 .text.Cy_SysInt_SetVector
                0x0834c50c       0x38 ./libraries/components/mtb-device-support-pse8xxgp/pdl/drivers/source/cy_sysint_v2.o
                0x0834c50c                Cy_SysInt_SetVector
 .text.cy_pd_pdcm_set_dependency
                0x0834c544       0x5c ./libraries/components/mtb-device-support-pse8xxgp/pdl/drivers/source/cy_syspm_pdcm.o
                0x0834c544                cy_pd_pdcm_set_dependency
 .text.cy_pd_ppu_get_programmed_power_mode
                0x0834c5a0        0xc ./libraries/components/mtb-device-support-pse8xxgp/pdl/drivers/source/cy_syspm_ppu.o
                0x0834c5a0                cy_pd_ppu_get_programmed_power_mode
 .text.cy_pd_ppu_set_power_mode
                0x0834c5ac       0x18 ./libraries/components/mtb-device-support-pse8xxgp/pdl/drivers/source/cy_syspm_ppu.o
                0x0834c5ac                cy_pd_ppu_set_power_mode
 .text.Cy_SysPm_CpuEnterDeepSleep
                0x0834c5c4      0x228 ./libraries/components/mtb-device-support-pse8xxgp/pdl/drivers/source/cy_syspm_v4.o
                0x0834c5c4                Cy_SysPm_CpuEnterDeepSleep
 .text.Cy_SysPm_SystemEnterHibernate
                0x0834c7ec      0x148 ./libraries/components/mtb-device-support-pse8xxgp/pdl/drivers/source/cy_syspm_v4.o
                0x0834c7ec                Cy_SysPm_SystemEnterHibernate
 .text.Cy_SysPm_IoUnfreeze
                0x0834c934       0x2c ./libraries/components/mtb-device-support-pse8xxgp/pdl/drivers/source/cy_syspm_v4.o
                0x0834c934                Cy_SysPm_IoUnfreeze
 .text.Cy_SysPm_TriggerXRes
                0x0834c960       0x10 ./libraries/components/mtb-device-support-pse8xxgp/pdl/drivers/source/cy_syspm_v4.o
                0x0834c960                Cy_SysPm_TriggerXRes
 .text.Cy_SysTick_ServiceCallbacks
                0x0834c970       0x24 ./libraries/components/mtb-device-support-pse8xxgp/pdl/drivers/source/cy_systick_v2.o
 .text.Cy_SysTick_EnableInterrupt
                0x0834c994       0x10 ./libraries/components/mtb-device-support-pse8xxgp/pdl/drivers/source/cy_systick_v2.o
                0x0834c994                Cy_SysTick_EnableInterrupt
 .text.Cy_SysTick_Init
                0x0834c9a4       0xac ./libraries/components/mtb-device-support-pse8xxgp/pdl/drivers/source/cy_systick_v2.o
                0x0834c9a4                Cy_SysTick_Init
 .text.Cy_SysTick_SetCallback
                0x0834ca50       0x18 ./libraries/components/mtb-device-support-pse8xxgp/pdl/drivers/source/cy_systick_v2.o
                0x0834ca50                Cy_SysTick_SetCallback
 .text.ppu_v1_dynamic_enable
                0x0834ca68       0x24 ./libraries/components/mtb-device-support-pse8xxgp/pdl/drivers/source/ppu_v1.o
                0x0834ca68                ppu_v1_dynamic_enable
 .text.ppu_v1_get_programmed_power_mode
                0x0834ca8c       0x14 ./libraries/components/mtb-device-support-pse8xxgp/pdl/drivers/source/ppu_v1.o
                0x0834ca8c                ppu_v1_get_programmed_power_mode
 .text.Cy_PDL_Init
                0x0834caa0        0xc ./libraries/components/mtb-device-support-pse8xxgp/pdl/devices/source/cy_device.o
                0x0834caa0                Cy_PDL_Init
 .text.mtb_hal_clock_get_peri_clock_freq
                0x0834caac       0x18 ./libraries/components/mtb-device-support-pse8xxgp/hal/source/mtb_hal_clock.o
                0x0834caac                mtb_hal_clock_get_peri_clock_freq
 .text.mtb_hal_clock_set_peri_clock_enabled
                0x0834cac4       0x24 ./libraries/components/mtb-device-support-pse8xxgp/hal/source/mtb_hal_clock.o
                0x0834cac4                mtb_hal_clock_set_peri_clock_enabled
 .text.mtb_hal_clock_set_peri_clock_freq
                0x0834cae8      0x1a8 ./libraries/components/mtb-device-support-pse8xxgp/hal/source/mtb_hal_clock.o
                0x0834cae8                mtb_hal_clock_set_peri_clock_freq
 .text.mtb_hal_gpio_process_interrupt
                0x0834cc90       0x90 ./libraries/components/mtb-device-support-pse8xxgp/hal/source/mtb_hal_gpio.o
                0x0834cc90                mtb_hal_gpio_process_interrupt
 .text.mtb_hal_gpio_setup
                0x0834cd20       0x34 ./libraries/components/mtb-device-support-pse8xxgp/hal/source/mtb_hal_gpio.o
                0x0834cd20                mtb_hal_gpio_setup
 .text.mtb_hal_gpio_register_callback
                0x0834cd54       0x18 ./libraries/components/mtb-device-support-pse8xxgp/hal/source/mtb_hal_gpio.o
                0x0834cd54                mtb_hal_gpio_register_callback
 .text.mtb_hal_gpio_enable_event
                0x0834cd6c       0x6c ./libraries/components/mtb-device-support-pse8xxgp/hal/source/mtb_hal_gpio.o
                0x0834cd6c                mtb_hal_gpio_enable_event
 .text.mtb_hal_system_delay_ms
                0x0834cdd8        0xc ./libraries/components/mtb-device-support-pse8xxgp/hal/source/mtb_hal_system.o
                0x0834cdd8                mtb_hal_system_delay_ms
 .text.mtb_hal_uart_setup
                0x0834cde4       0x80 ./libraries/components/mtb-device-support-pse8xxgp/hal/source/mtb_hal_uart.o
                0x0834cde4                mtb_hal_uart_setup
 .text.mtb_hal_uart_set_baud
                0x0834ce64      0x4e8 ./libraries/components/mtb-device-support-pse8xxgp/hal/source/mtb_hal_uart.o
                0x0834ce64                mtb_hal_uart_set_baud
 .text._mtb_hal_utils_calculate_tolerance
                0x0834d34c       0x5c ./libraries/components/mtb-device-support-pse8xxgp/hal/source/mtb_hal_utils_impl.o
                0x0834d34c                _mtb_hal_utils_calculate_tolerance
 .text.mtb_async_transfer_available_read
                0x0834d3a8       0x18 ./libraries/components/async-transfer/source/mtb_async_transfer.o
                0x0834d3a8                mtb_async_transfer_available_read
 .text.mtb_async_transfer_available_write
                0x0834d3c0       0x18 ./libraries/components/async-transfer/source/mtb_async_transfer.o
                0x0834d3c0                mtb_async_transfer_available_write
 .text.reboot   0x0834d3d8        0x4 ./libraries/HAL_Drivers/drv_common.o
 .text.SysTick_Handler_CB
                0x0834d3dc       0x14 ./libraries/HAL_Drivers/drv_common.o
                0x0834d3dc                SysTick_Handler_CB
 .text.rt_hw_board_init
                0x0834d3f0       0x5c ./libraries/HAL_Drivers/drv_common.o
                0x0834d3f0                rt_hw_board_init
 .text.ifx_gpio_event_callback
                0x0834d44c       0x1c ./libraries/HAL_Drivers/drv_gpio.o
 .text.gpio_interrupt_handler
                0x0834d468        0xc ./libraries/HAL_Drivers/drv_gpio.o
                0x0834d468                gpio_interrupt_handler
 .text.ifx_pin_read
                0x0834d474       0x3c ./libraries/HAL_Drivers/drv_gpio.o
 .text.ifx_pin_write
                0x0834d4b0       0x3c ./libraries/HAL_Drivers/drv_gpio.o
 .text.ifx_pin_dettach_irq
                0x0834d4ec       0x3c ./libraries/HAL_Drivers/drv_gpio.o
 .text.ifx_pin_attach_irq
                0x0834d528       0x74 ./libraries/HAL_Drivers/drv_gpio.o
 .text.ifx_pin_irq_enable
                0x0834d59c      0x11c ./libraries/HAL_Drivers/drv_gpio.o
 .text.ifx_pin_mode
                0x0834d6b8       0xa0 ./libraries/HAL_Drivers/drv_gpio.o
 .text.rt_hw_pin_init
                0x0834d758       0x14 ./libraries/HAL_Drivers/drv_gpio.o
                0x0834d758                rt_hw_pin_init
 .text.ifx_uarths_getc
                0x0834d76c       0x60 ./libraries/HAL_Drivers/drv_uart.o
 .text.ifx_uarths_putc
                0x0834d7cc       0x48 ./libraries/HAL_Drivers/drv_uart.o
 .text.ifx_control
                0x0834d814       0x70 ./libraries/HAL_Drivers/drv_uart.o
 .text.ifx_configure
                0x0834d884       0x7c ./libraries/HAL_Drivers/drv_uart.o
 .text.uart5_isr_callback
                0x0834d900       0x5c ./libraries/HAL_Drivers/drv_uart.o
                0x0834d900                uart5_isr_callback
 .text.uart2_isr_callback
                0x0834d95c       0x58 ./libraries/HAL_Drivers/drv_uart.o
                0x0834d95c                uart2_isr_callback
 .text.rt_hw_uart_init
                0x0834d9b4       0xb0 ./libraries/HAL_Drivers/drv_uart.o
                0x0834d9b4                rt_hw_uart_init
 .text.en_gpio  0x0834da64       0x48 ./board/board.o
                0x0834da64                en_gpio
 .text.poweroff
                0x0834daac       0x60 ./board/board.o
                0x0834daac                poweroff
 .text.cy_bsp_all_init
                0x0834db0c       0x3c ./board/board.o
                0x0834db0c                cy_bsp_all_init
 .text._start   0x0834db48        0x8 ./board/board.o
                0x0834db48                _start
 .text.startup.main
                0x0834db50       0x40 ./applications/main.o
                0x0834db50                main
 .text.atoi     0x0834db90        0x8 C:/RT-ThreadStudio/repo/Extract/ToolChain_Support_Packages/ARM/GNU_Tools_for_ARM_Embedded_Processors/13.3/bin/../lib/gcc/arm-none-eabi/13.3.1/thumb/v8-m.main+fp/softfp\libc.a(libc_a-atoi.o)
                0x0834db90                atoi
 .text._strtol_l.part.0
                0x0834db98      0x10c C:/RT-ThreadStudio/repo/Extract/ToolChain_Support_Packages/ARM/GNU_Tools_for_ARM_Embedded_Processors/13.3/bin/../lib/gcc/arm-none-eabi/13.3.1/thumb/v8-m.main+fp/softfp\libc.a(libc_a-strtol.o)
 .text.strtol   0x0834dca4       0x30 C:/RT-ThreadStudio/repo/Extract/ToolChain_Support_Packages/ARM/GNU_Tools_for_ARM_Embedded_Processors/13.3/bin/../lib/gcc/arm-none-eabi/13.3.1/thumb/v8-m.main+fp/softfp\libc.a(libc_a-strtol.o)
                0x0834dca4                strtol
 .text.memcmp   0x0834dcd4       0x5c C:/RT-ThreadStudio/repo/Extract/ToolChain_Support_Packages/ARM/GNU_Tools_for_ARM_Embedded_Processors/13.3/bin/../lib/gcc/arm-none-eabi/13.3.1/thumb/v8-m.main+fp/softfp\libc.a(libc_a-memcmp.o)
                0x0834dcd4                memcmp
 .text.memset   0x0834dd30       0xa4 C:/RT-ThreadStudio/repo/Extract/ToolChain_Support_Packages/ARM/GNU_Tools_for_ARM_Embedded_Processors/13.3/bin/../lib/gcc/arm-none-eabi/13.3.1/thumb/v8-m.main+fp/softfp\libc.a(libc_a-memset.o)
                0x0834dd30                memset
 .text.strchr   0x0834ddd4       0xd0 C:/RT-ThreadStudio/repo/Extract/ToolChain_Support_Packages/ARM/GNU_Tools_for_ARM_Embedded_Processors/13.3/bin/../lib/gcc/arm-none-eabi/13.3.1/thumb/v8-m.main+fp/softfp\libc.a(libc_a-strchr.o)
                0x0834ddd4                strchr
 .text.strncmp  0x0834dea4       0x80 C:/RT-ThreadStudio/repo/Extract/ToolChain_Support_Packages/ARM/GNU_Tools_for_ARM_Embedded_Processors/13.3/bin/../lib/gcc/arm-none-eabi/13.3.1/thumb/v8-m.main+fp/softfp\libc.a(libc_a-strncmp.o)
                0x0834dea4                strncmp
 .text.strncpy  0x0834df24       0x64 C:/RT-ThreadStudio/repo/Extract/ToolChain_Support_Packages/ARM/GNU_Tools_for_ARM_Embedded_Processors/13.3/bin/../lib/gcc/arm-none-eabi/13.3.1/thumb/v8-m.main+fp/softfp\libc.a(libc_a-strncpy.o)
                0x0834df24                strncpy
 .text          0x0834df88      0x1bc C:/RT-ThreadStudio/repo/Extract/ToolChain_Support_Packages/ARM/GNU_Tools_for_ARM_Embedded_Processors/13.3/bin/../lib/gcc/arm-none-eabi/13.3.1/thumb/v8-m.main+fp/softfp\libc.a(libc_a-strcmp.o)
                0x0834df88                strcmp
 .text          0x0834e144       0xec C:/RT-ThreadStudio/repo/Extract/ToolChain_Support_Packages/ARM/GNU_Tools_for_ARM_Embedded_Processors/13.3/bin/../lib/gcc/arm-none-eabi/13.3.1/thumb/v8-m.main+fp/softfp\libc.a(libc_a-memcpy.o)
                0x0834e144                memcpy
 .text.strlen   0x0834e230       0x5c C:/RT-ThreadStudio/repo/Extract/ToolChain_Support_Packages/ARM/GNU_Tools_for_ARM_Embedded_Processors/13.3/bin/../lib/gcc/arm-none-eabi/13.3.1/thumb/v8-m.main+fp/softfp\libc.a(libc_a-strlen-stub.o)
                0x0834e230                strlen
 .text          0x0834e28c      0x378 C:/RT-ThreadStudio/repo/Extract/ToolChain_Support_Packages/ARM/GNU_Tools_for_ARM_Embedded_Processors/13.3/bin/../lib/gcc/arm-none-eabi/13.3.1/thumb/v8-m.main+fp/softfp\libgcc.a(_arm_addsubdf3.o)
                0x0834e28c                __aeabi_drsub
                0x0834e294                __aeabi_dsub
                0x0834e294                __subdf3
                0x0834e298                __aeabi_dadd
                0x0834e298                __adddf3
                0x0834e510                __floatunsidf
                0x0834e510                __aeabi_ui2d
                0x0834e530                __floatsidf
                0x0834e530                __aeabi_i2d
                0x0834e554                __aeabi_f2d
                0x0834e554                __extendsfdf2
                0x0834e598                __floatundidf
                0x0834e598                __aeabi_ul2d
                0x0834e5a8                __floatdidf
                0x0834e5a8                __aeabi_l2d
 .text          0x0834e604      0x424 C:/RT-ThreadStudio/repo/Extract/ToolChain_Support_Packages/ARM/GNU_Tools_for_ARM_Embedded_Processors/13.3/bin/../lib/gcc/arm-none-eabi/13.3.1/thumb/v8-m.main+fp/softfp\libgcc.a(_arm_muldivdf3.o)
                0x0834e604                __aeabi_dmul
                0x0834e604                __muldf3
                0x0834e858                __divdf3
                0x0834e858                __aeabi_ddiv
 .text          0x0834ea28      0x110 C:/RT-ThreadStudio/repo/Extract/ToolChain_Support_Packages/ARM/GNU_Tools_for_ARM_Embedded_Processors/13.3/bin/../lib/gcc/arm-none-eabi/13.3.1/thumb/v8-m.main+fp/softfp\libgcc.a(_arm_cmpdf2.o)
                0x0834ea28                __gtdf2
                0x0834ea28                __gedf2
                0x0834ea30                __ltdf2
                0x0834ea30                __ledf2
                0x0834ea38                __nedf2
                0x0834ea38                __eqdf2
                0x0834ea38                __cmpdf2
                0x0834eab4                __aeabi_cdrcmple
                0x0834eac4                __aeabi_cdcmpeq
                0x0834eac4                __aeabi_cdcmple
                0x0834ead4                __aeabi_dcmpeq
                0x0834eae8                __aeabi_dcmplt
                0x0834eafc                __aeabi_dcmple
                0x0834eb10                __aeabi_dcmpge
                0x0834eb24                __aeabi_dcmpgt
 .text          0x0834eb38       0x40 C:/RT-ThreadStudio/repo/Extract/ToolChain_Support_Packages/ARM/GNU_Tools_for_ARM_Embedded_Processors/13.3/bin/../lib/gcc/arm-none-eabi/13.3.1/thumb/v8-m.main+fp/softfp\libgcc.a(_arm_fixunsdfsi.o)
                0x0834eb38                __aeabi_d2uiz
                0x0834eb38                __fixunsdfsi
 .text          0x0834eb78       0xa0 C:/RT-ThreadStudio/repo/Extract/ToolChain_Support_Packages/ARM/GNU_Tools_for_ARM_Embedded_Processors/13.3/bin/../lib/gcc/arm-none-eabi/13.3.1/thumb/v8-m.main+fp/softfp\libgcc.a(_aeabi_ldivmod.o)
                0x0834eb78                __aeabi_ldivmod
 .text          0x0834ec18       0x30 C:/RT-ThreadStudio/repo/Extract/ToolChain_Support_Packages/ARM/GNU_Tools_for_ARM_Embedded_Processors/13.3/bin/../lib/gcc/arm-none-eabi/13.3.1/thumb/v8-m.main+fp/softfp\libgcc.a(_aeabi_uldivmod.o)
                0x0834ec18                __aeabi_uldivmod
 .text.__udivmoddi4
                0x0834ec48      0x300 C:/RT-ThreadStudio/repo/Extract/ToolChain_Support_Packages/ARM/GNU_Tools_for_ARM_Embedded_Processors/13.3/bin/../lib/gcc/arm-none-eabi/13.3.1/thumb/v8-m.main+fp/softfp\libgcc.a(_udivmoddi4.o)
                0x0834ec48                __udivmoddi4
 .text          0x0834ef48        0x4 C:/RT-ThreadStudio/repo/Extract/ToolChain_Support_Packages/ARM/GNU_Tools_for_ARM_Embedded_Processors/13.3/bin/../lib/gcc/arm-none-eabi/13.3.1/thumb/v8-m.main+fp/softfp\libgcc.a(_dvmd_tls.o)
                0x0834ef48                __aeabi_idiv0
                0x0834ef48                __aeabi_ldiv0
 *fill*         0x0834ef4c        0x4 
 .text.__stub   0x0834ef50       0x48 linker stubs

.ARM.extab
 *(.ARM.extab* .gnu.linkonce.armextab.*)

.ARM.exidx      0x0834ef98        0x8
                0x0834ef98                        __exidx_start = .
 *(.ARM.exidx* .gnu.linkonce.armexidx.*)
 .ARM.exidx     0x0834ef98        0x8 C:/RT-ThreadStudio/repo/Extract/ToolChain_Support_Packages/ARM/GNU_Tools_for_ARM_Embedded_Processors/13.3/bin/../lib/gcc/arm-none-eabi/13.3.1/thumb/v8-m.main+fp/softfp\libc.a(libc_a-strcmp.o)
 .ARM.exidx     0x0834efa0        0x0 C:/RT-ThreadStudio/repo/Extract/ToolChain_Support_Packages/ARM/GNU_Tools_for_ARM_Embedded_Processors/13.3/bin/../lib/gcc/arm-none-eabi/13.3.1/thumb/v8-m.main+fp/softfp\libc.a(libc_a-memcpy.o)
                                  0x8 (size before relaxing)
 .ARM.exidx.text.__udivmoddi4
                0x0834efa0        0x0 C:/RT-ThreadStudio/repo/Extract/ToolChain_Support_Packages/ARM/GNU_Tools_for_ARM_Embedded_Processors/13.3/bin/../lib/gcc/arm-none-eabi/13.3.1/thumb/v8-m.main+fp/softfp\libgcc.a(_udivmoddi4.o)
                                  0x8 (size before relaxing)
                0x0834efa0                        __exidx_end = .

.copy.table     0x0834efa0       0x18
                0x0834efa0                        __copy_table_start__ = .
                0x0834efa0        0x4 LONG 0x834f58c LOADADDR (.data)
                0x0834efa4        0x4 LONG 0x240bd358 ADDR (.data)
                0x0834efa8        0x4 LONG 0x14e (SIZEOF (.data) / 0x4)
                0x0834efac        0x4 LONG 0x834efc0 LOADADDR (.app_code_ram)
                0x0834efb0        0x4 LONG 0x24058000 (ADDR (.app_code_ram) + m33_code_sel_Offset)
                0x0834efb4        0x4 LONG 0x173 (SIZEOF (.app_code_ram) / 0x4)
                0x0834efb8                        __copy_table_end__ = .

.zero.table     0x0834efb8        0x8
                0x0834efb8                        __zero_table_start__ = .
                0x0834efb8        0x4 LONG 0x240bd890 __bss_start__
                0x0834efbc        0x4 LONG 0x54a ((__bss_end__ - __bss_start__) / 0x4)
                0x0834efc0                        __zero_table_end__ = .

.app_code_ram   0x04058000      0x5cc load address 0x0834efc0
 *(.cy_sram_code)
 *(.cy_ramfunc)
 .cy_ramfunc    0x04058000      0x140 ./libraries/components/mtb-device-support-pse8xxgp/pdl/drivers/source/cy_gpio.o
                0x04058000                Cy_GPIO_Pin_FastInit
 .cy_ramfunc    0x04058140      0x178 ./libraries/components/mtb-device-support-pse8xxgp/pdl/devices/source/cy_device.o
                0x04058140                Cy_SMIF_Reset_Memory
 *(.text.cy_os_common)
 *cy_syslib_ext.*(.text*)
 .text          0x040582b8       0x20 ./libraries/components/mtb-device-support-pse8xxgp/pdl/drivers/source/TOOLCHAIN_GCC_ARM/cy_syslib_ext.o
                0x040582b8                Cy_SysLib_DelayCycles
                0x040582ca                Cy_SysLib_EnterCriticalSection
                0x040582d2                Cy_SysLib_ExitCriticalSection
 *cy_syslib.*(.text*)
 .text.Cy_SysLib_Delay
                0x040582d8       0x34 ./libraries/components/mtb-device-support-pse8xxgp/pdl/drivers/source/cy_syslib.o
                0x040582d8                Cy_SysLib_Delay
 .text.Cy_SysLib_DelayUs
                0x0405830c       0x10 ./libraries/components/mtb-device-support-pse8xxgp/pdl/drivers/source/cy_syslib.o
                0x0405830c                Cy_SysLib_DelayUs
 .text.Cy_SysLib_GetResetReason
                0x0405831c      0x144 ./libraries/components/mtb-device-support-pse8xxgp/pdl/drivers/source/cy_syslib.o
                0x0405831c                Cy_SysLib_GetResetReason
 .text.Cy_SysLib_ClearResetReason
                0x04058460       0x28 ./libraries/components/mtb-device-support-pse8xxgp/pdl/drivers/source/cy_syslib.o
                0x04058460                Cy_SysLib_ClearResetReason
 .text.Cy_SysLib_ProcessingFault
                0x04058488        0x4 ./libraries/components/mtb-device-support-pse8xxgp/pdl/drivers/source/cy_syslib.o
                0x04058488                Cy_SysLib_ProcessingFault
 .text.Cy_SysLib_FaultHandler
                0x0405848c       0x98 ./libraries/components/mtb-device-support-pse8xxgp/pdl/drivers/source/cy_syslib.o
                0x0405848c                Cy_SysLib_FaultHandler
 *cy_smif.*(.text*)
 *cy_smif_memnum.*(.text*)
 *cy_smif_memslot.*(.text*)
 *cy_smif_sfdp.*(.text*)
 *cy_smif_hb_flash.*(.text*)
 *mtb_hal_memoryspi.*(.text*)
 *mtb_serial_memory.*(.text*)
 *freertos/Source*.*(.text*)
 *cy_clib_support*.*(.text*)
 *cy_mutex_pool*.*(.text*)
 *cy_time.*(.text*)
 *cyabs_*.*(.text*)
 *cy_worker_thread.*(.text*)
 *cmsis*.*(.text*)
                0x04058524                        . = ALIGN (0x4)
                0x04058524                        __rt_utest_tc_tab_start = .
 *(UtestTcTab)
                0x04058524                        __rt_utest_tc_tab_end = .
                0x04058524                        . = ALIGN (0x4)
                0x04058524                        __fsymtab_start = .
 *(FSymTab)
 FSymTab        0x04058524       0x30 ./rt-thread/components/finsh/cmd.o
                0x04058524                __fsym_list
                0x04058534                __fsym_version
                0x04058544                __fsym_clear
 FSymTab        0x04058554       0x30 ./rt-thread/components/finsh/msh.o
                0x04058554                __fsym_free
                0x04058564                __fsym_ps
                0x04058574                __fsym_help
 FSymTab        0x04058584       0x10 ./rt-thread/components/drivers/misc/pin.o
                0x04058584                __fsym_pin
 FSymTab        0x04058594       0x10 ./libraries/HAL_Drivers/drv_common.o
                0x04058594                __fsym_reboot
 FSymTab        0x040585a4       0x10 ./board/board.o
                0x040585a4                __fsym_poweroff
                0x040585b4                        __fsymtab_end = .
                0x040585b4                        . = ALIGN (0x4)
                0x040585b4                        __vsymtab_start = .
 *(VSymTab)
                0x040585b4                        __vsymtab_end = .
                0x040585b4                        . = ALIGN (0x4)
                0x040585b4                        . = ALIGN (0x4)
                0x040585b4                        __rtmsymtab_start = .
 *(RTMSymTab)
                0x040585b4                        __rtmsymtab_end = .
                0x040585b4                        . = ALIGN (0x4)
                0x040585b4                        __rt_init_start = .
 *(SORT_BY_NAME(.rti_fn*))
 .rti_fn.0      0x040585b4        0x4 ./rt-thread/src/components.o
                0x040585b4                __rt_init_rti_start
 .rti_fn.0.end  0x040585b8        0x4 ./rt-thread/src/components.o
                0x040585b8                __rt_init_rti_board_start
 .rti_fn.1      0x040585bc        0x4 ./board/board.o
                0x040585bc                __rt_init_en_gpio
 .rti_fn.1.end  0x040585c0        0x4 ./rt-thread/src/components.o
                0x040585c0                __rt_init_rti_board_end
 .rti_fn.6      0x040585c4        0x4 ./rt-thread/components/finsh/shell.o
                0x040585c4                __rt_init_finsh_system_init
 .rti_fn.6.end  0x040585c8        0x4 ./rt-thread/src/components.o
                0x040585c8                __rt_init_rti_end
                0x040585cc                        __rt_init_end = .
                0x040585cc                        . = ALIGN (0x4)

.glue_7         0x040585cc        0x0 load address 0x0834f58c
 .glue_7        0x040585cc        0x0 linker stubs

.glue_7t        0x040585cc        0x0 load address 0x0834f58c
 .glue_7t       0x040585cc        0x0 linker stubs

.vfp11_veneer   0x040585cc        0x0 load address 0x0834f58c
 .vfp11_veneer  0x040585cc        0x0 linker stubs

.v4_bx          0x040585cc        0x0 load address 0x0834f58c
 .v4_bx         0x040585cc        0x0 linker stubs

.iplt           0x040585cc        0x0 load address 0x0834f58c
 .iplt          0x040585cc        0x0 ./rt-thread/src/clock.o

.rel.dyn        0x040585cc        0x0 load address 0x0834f58c
 .rel.iplt      0x040585cc        0x0 ./rt-thread/src/clock.o

.ram_vectors    0x240bd000      0x354
 *(.ram_vectors)
 .ram_vectors   0x240bd000      0x354 ./libs/TARGET_APP_KIT_PSE84_EVAL_EPC2/COMPONENT_CM33/COMPONENT_NON_SECURE_DEVICE/ns_start_pse84.o
                0x240bd000                __ns_vector_table_rw

.data           0x240bd358      0x538 load address 0x0834f58c
                0x240bd358                        __data_start__ = .
 *(.data*)
 .data._rt_thread_defunct
                0x240bd358        0x8 ./rt-thread/src/idle.o
 .data._object_container
                0x240bd360       0xc0 ./rt-thread/src/object.o
 .data._soft_timer_status
                0x240bd420        0x1 ./rt-thread/src/timer.o
 *fill*         0x240bd421        0x3 
 .data.cmd_list_msh_options
                0x240bd424       0x84 ./rt-thread/components/finsh/cmd.o
 .data.cy_delayFreqMhz
                0x240bd4a8        0x4 ./libs/TARGET_APP_KIT_PSE84_EVAL_EPC2/COMPONENT_CM33/COMPONENT_NON_SECURE_DEVICE/ns_system_pse84.o
                0x240bd4a8                cy_delayFreqMhz
 .data.cy_delayFreqKhz