Archive member included to satisfy reference by file (symbol)

c:/rt-threadstudio/platform/env_released/env/tools/gnu_gcc/arm_gcc/mingw/bin/../lib/gcc/arm-none-eabi/10.3.1/../../../../arm-none-eabi/lib/thumb/v8-m.main+fp/softfp\libc.a(lib_a-atoi.o)
                              build\kernel\components\drivers\misc\pin.o (atoi)
c:/rt-threadstudio/platform/env_released/env/tools/gnu_gcc/arm_gcc/mingw/bin/../lib/gcc/arm-none-eabi/10.3.1/../../../../arm-none-eabi/lib/thumb/v8-m.main+fp/softfp\libc.a(lib_a-ctype_.o)
                              build\kernel\components\finsh\msh_parse.o (_ctype_)
c:/rt-threadstudio/platform/env_released/env/tools/gnu_gcc/arm_gcc/mingw/bin/../lib/gcc/arm-none-eabi/10.3.1/../../../../arm-none-eabi/lib/thumb/v8-m.main+fp/softfp\libc.a(lib_a-malloc.o)
                              build\kernel\components\libc\compilers\common\cstring.o (malloc)
c:/rt-threadstudio/platform/env_released/env/tools/gnu_gcc/arm_gcc/mingw/bin/../lib/gcc/arm-none-eabi/10.3.1/../../../../arm-none-eabi/lib/thumb/v8-m.main+fp/softfp\libc.a(lib_a-memcmp.o)
                              build\kernel\components\finsh\shell.o (memcmp)
c:/rt-threadstudio/platform/env_released/env/tools/gnu_gcc/arm_gcc/mingw/bin/../lib/gcc/arm-none-eabi/10.3.1/../../../../arm-none-eabi/lib/thumb/v8-m.main+fp/softfp\libc.a(lib_a-memcpy.o)
                              build\libraries\components\async-transfer\source\mtb_async_transfer.o (memcpy)
c:/rt-threadstudio/platform/env_released/env/tools/gnu_gcc/arm_gcc/mingw/bin/../lib/gcc/arm-none-eabi/10.3.1/../../../../arm-none-eabi/lib/thumb/v8-m.main+fp/softfp\libc.a(lib_a-memset.o)
                              build\libraries\components\async-transfer\source\mtb_async_transfer.o (memset)
c:/rt-threadstudio/platform/env_released/env/tools/gnu_gcc/arm_gcc/mingw/bin/../lib/gcc/arm-none-eabi/10.3.1/../../../../arm-none-eabi/lib/thumb/v8-m.main+fp/softfp\libc.a(lib_a-strchr.o)
                              build\kernel\components\finsh\msh.o (strchr)
c:/rt-threadstudio/platform/env_released/env/tools/gnu_gcc/arm_gcc/mingw/bin/../lib/gcc/arm-none-eabi/10.3.1/../../../../arm-none-eabi/lib/thumb/v8-m.main+fp/softfp\libc.a(lib_a-strcmp.o)
                              build\kernel\components\drivers\misc\pin.o (strcmp)
c:/rt-threadstudio/platform/env_released/env/tools/gnu_gcc/arm_gcc/mingw/bin/../lib/gcc/arm-none-eabi/10.3.1/../../../../arm-none-eabi/lib/thumb/v8-m.main+fp/softfp\libc.a(lib_a-strcpy.o)
                              build\kernel\components\finsh\shell.o (strcpy)
c:/rt-threadstudio/platform/env_released/env/tools/gnu_gcc/arm_gcc/mingw/bin/../lib/gcc/arm-none-eabi/10.3.1/../../../../arm-none-eabi/lib/thumb/v8-m.main+fp/softfp\libc.a(lib_a-strlen-stub.o)
                              build\kernel\components\finsh\msh.o (strlen)
c:/rt-threadstudio/platform/env_released/env/tools/gnu_gcc/arm_gcc/mingw/bin/../lib/gcc/arm-none-eabi/10.3.1/../../../../arm-none-eabi/lib/thumb/v8-m.main+fp/softfp\libc.a(lib_a-strncmp.o)
                              build\kernel\components\finsh\msh.o (strncmp)
c:/rt-threadstudio/platform/env_released/env/tools/gnu_gcc/arm_gcc/mingw/bin/../lib/gcc/arm-none-eabi/10.3.1/../../../../arm-none-eabi/lib/thumb/v8-m.main+fp/softfp\libc.a(lib_a-strncpy.o)
                              build\libraries\components\mtb-device-support-pse8xxgp\pdl\drivers\source\cy_syslib.o (strncpy)
c:/rt-threadstudio/platform/env_released/env/tools/gnu_gcc/arm_gcc/mingw/bin/../lib/gcc/arm-none-eabi/10.3.1/../../../../arm-none-eabi/lib/thumb/v8-m.main+fp/softfp\libc.a(lib_a-strrchr.o)
                              build\kernel\components\libc\compilers\common\cstring.o (strrchr)
c:/rt-threadstudio/platform/env_released/env/tools/gnu_gcc/arm_gcc/mingw/bin/../lib/gcc/arm-none-eabi/10.3.1/../../../../arm-none-eabi/lib/thumb/v8-m.main+fp/softfp\libc.a(lib_a-strtol.o)
                              c:/rt-threadstudio/platform/env_released/env/tools/gnu_gcc/arm_gcc/mingw/bin/../lib/gcc/arm-none-eabi/10.3.1/../../../../arm-none-eabi/lib/thumb/v8-m.main+fp/softfp\libc.a(lib_a-atoi.o) (_strtol_r)
c:/rt-threadstudio/platform/env_released/env/tools/gnu_gcc/arm_gcc/mingw/bin/../lib/gcc/arm-none-eabi/10.3.1/../../../../arm-none-eabi/lib/thumb/v8-m.main+fp/softfp\libc.a(lib_a-impure.o)
                              c:/rt-threadstudio/platform/env_released/env/tools/gnu_gcc/arm_gcc/mingw/bin/../lib/gcc/arm-none-eabi/10.3.1/../../../../arm-none-eabi/lib/thumb/v8-m.main+fp/softfp\libc.a(lib_a-malloc.o) (_impure_ptr)
c:/rt-threadstudio/platform/env_released/env/tools/gnu_gcc/arm_gcc/mingw/bin/../lib/gcc/arm-none-eabi/10.3.1/thumb/v8-m.main+fp/softfp\libgcc.a(_arm_muldf3.o)
                              build\libraries\components\mtb-device-support-pse8xxgp\hal\source\mtb_hal_clock.o (__aeabi_dmul)
c:/rt-threadstudio/platform/env_released/env/tools/gnu_gcc/arm_gcc/mingw/bin/../lib/gcc/arm-none-eabi/10.3.1/thumb/v8-m.main+fp/softfp\libgcc.a(_arm_addsubdf3.o)
[...]
Memory Configuration

Name             Origin             Length             Attributes
m33_nvm          0x60340000         0x00200000
m33_nvm_C        0x08340000         0x00200000
m33_trailer      0x60540000         0x00040000
m33_trailer_C    0x08540000         0x00040000
m33_m55_shared   0x261c0000         0x00040000
m33_m55_shared_C 0x061c0000         0x00040000
m33_code         0x24058000         0x00065000
m33_code_C       0x04058000         0x00065000
m33_data         0x240bd000         0x00040000
m33_data_C       0x040bd000         0x00040000
m33_allocatable_shared 0x240fe000         0x00001000
m33_allocatable_shared_C 0x040fe000         0x00001000
*default*        0x00000000         0xffffffff

Linker script and memory map

LOAD build\applications\main.o
LOAD build\libraries\components\Infineon_retarget-io-latest\cy_retarget_io.o
LOAD build\libraries\components\async-transfer\source\mtb_async_transfer.o
LOAD build\libraries\components\mtb-device-support-pse8xxgp\device-utils\syspm\source\mtb_syspm_callbacks_scb_uart.o
LOAD build\libraries\components\mtb-device-support-pse8xxgp\hal\source\mtb_hal_clock.o
LOAD build\libraries\components\mtb-device-support-pse8xxgp\hal\source\mtb_hal_dma.o
LOAD build\libraries\components\mtb-device-support-pse8xxgp\hal\source\mtb_hal_dma_dmac.o
LOAD build\libraries\components\mtb-device-support-pse8xxgp\hal\source\mtb_hal_dma_dw.o
LOAD build\libraries\components\mtb-device-support-pse8xxgp\hal\source\mtb_hal_gpio.o
LOAD build\libraries\components\mtb-device-support-pse8xxgp\hal\source\mtb_hal_lptimer.o
LOAD build\libraries\components\mtb-device-support-pse8xxgp\hal\source\mtb_hal_syspm.o
LOAD build\libraries\components\mtb-device-support-pse8xxgp\hal\source\mtb_hal_system.o
LOAD build\libraries\components\mtb-device-support-pse8xxgp\hal\source\mtb_hal_uart.o
LOAD build\libraries\components\mtb-device-support-pse8xxgp\hal\source\mtb_hal_utils_impl.o
LOAD build\libraries\components\mtb-device-support-pse8xxgp\pdl\devices\source\cy_device.o
LOAD build\libraries\components\mtb-device-support-pse8xxgp\pdl\drivers\source\TOOLCHAIN_GCC_ARM\cy_syslib_ext.o
LOAD build\libraries\components\mtb-device-support-pse8xxgp\pdl\drivers\source\cy_axidmac.o
LOAD build\libraries\components\mtb-device-support-pse8xxgp\pdl\drivers\source\cy_dma.o
LOAD build\libraries\components\mtb-device-support-pse8xxgp\pdl\drivers\source\cy_gpio.o
LOAD build\libraries\components\mtb-device-support-pse8xxgp\pdl\drivers\source\cy_ipc_drv.o
LOAD build\libraries\components\mtb-device-support-pse8xxgp\pdl\drivers\source\cy_ipc_pipe.o
LOAD build\libraries\components\mtb-device-support-pse8xxgp\pdl\drivers\source\cy_ipc_sema.o
LOAD build\libraries\components\mtb-device-support-pse8xxgp\pdl\drivers\source\cy_scb_common.o
LOAD build\libraries\components\mtb-device-support-pse8xxgp\pdl\drivers\source\cy_scb_uart.o
LOAD build\libraries\components\mtb-device-support-pse8xxgp\pdl\drivers\source\cy_sysclk_v2.o
LOAD build\libraries\components\mtb-device-support-pse8xxgp\pdl\drivers\source\cy_sysint_v2.o
LOAD build\libraries\components\mtb-device-support-pse8xxgp\pdl\drivers\source\cy_syslib.o
LOAD build\libraries\components\mtb-device-support-pse8xxgp\pdl\drivers\source\cy_syspm_pdcm.o
LOAD build\libraries\components\mtb-device-support-pse8xxgp\pdl\drivers\source\cy_syspm_ppu.o
LOAD build\libraries\components\mtb-device-support-pse8xxgp\pdl\drivers\source\cy_syspm_v4.o
LOAD build\libraries\components\mtb-device-support-pse8xxgp\pdl\drivers\source\cy_systick_v2.o
LOAD build\libraries\components\mtb-device-support-pse8xxgp\pdl\drivers\source\ppu_v1.o
LOAD build\libraries\components\mtb-ipc\source\mtb_ipc.o
LOAD build\libraries\components\mtb-srf\mtb_srf.o
LOAD build\libraries\components\mtb-srf\mtb_srf_ipc.o
LOAD build\libraries\components\mtb-srf\mtb_srf_pool.o
LOAD build\kernel\components\drivers\core\device.o
LOAD build\kernel\components\drivers\ipc\completion.o
LOAD build\kernel\components\drivers\ipc\dataqueue.o
LOAD build\kernel\components\drivers\ipc\pipe.o
LOAD build\kernel\components\drivers\ipc\ringblk_buf.o
LOAD build\kernel\components\drivers\ipc\ringbuffer.o
LOAD build\kernel\components\drivers\ipc\waitqueue.o
LOAD build\kernel\components\drivers\ipc\workqueue.o
LOAD build\kernel\components\drivers\misc\pin.o
LOAD build\kernel\components\drivers\serial\serial.o
LOAD build\kernel\components\finsh\cmd.o
LOAD build\kernel\components\finsh\msh.o
LOAD build\kernel\components\finsh\msh_parse.o
LOAD build\kernel\components\finsh\shell.o
LOAD build\kernel\components\libc\compilers\common\cctype.o
LOAD build\kernel\components\libc\compilers\common\cstdlib.o
LOAD build\kernel\components\libc\compilers\common\cstring.o
LOAD build\kernel\components\libc\compilers\common\ctime.o
LOAD build\kernel\components\libc\compilers\common\cunistd.o
LOAD build\kernel\components\libc\compilers\common\cwchar.o
LOAD build\kernel\components\libc\compilers\newlib\syscalls.o
LOAD build\kernel\libcpu\arm\common\div0.o
LOAD build\kernel\libcpu\arm\common\showmem.o
LOAD build\kernel\libcpu\arm\cortex-m33\context_gcc.o
LOAD build\kernel\libcpu\arm\cortex-m33\cpuport.o
LOAD build\kernel\libcpu\arm\cortex-m33\syscall_gcc.o
LOAD build\kernel\libcpu\arm\cortex-m33\trustzone.o
LOAD build\kernel\src\clock.o
LOAD build\kernel\src\components.o
LOAD build\kernel\src\idle.o
LOAD build\kernel\src\ipc.o
LOAD build\kernel\src\irq.o
LOAD build\kernel\src\kservice.o
LOAD build\kernel\src\mem.o
LOAD build\kernel\src\memheap.o
LOAD build\kernel\src\mempool.o
LOAD build\kernel\src\object.o
LOAD build\kernel\src\scheduler_up.o
LOAD build\kernel\src\thread.o
LOAD build\kernel\src\timer.o
LOAD build\board\board.o
LOAD build\libraries\HAL_Drivers\drv_common.o
LOAD build\libraries\HAL_Drivers\drv_gpio.o
LOAD build\libraries\HAL_Drivers\drv_uart.o
LOAD build\libs\TARGET_APP_KIT_PSE84_EVAL_EPC2\COMPONENT_CM33\COMPONENT_NON_SECURE_DEVICE\ns_start_pse84.o
LOAD build\libs\TARGET_APP_KIT_PSE84_EVAL_EPC2\COMPONENT_CM33\COMPONENT_NON_SECURE_DEVICE\ns_system_pse84.o
LOAD build\libs\TARGET_APP_KIT_PSE84_EVAL_EPC2\config\GeneratedSource\cycfg.o
LOAD build\libs\TARGET_APP_KIT_PSE84_EVAL_EPC2\config\GeneratedSource\cycfg_clocks.o
LOAD build\libs\TARGET_APP_KIT_PSE84_EVAL_EPC2\config\GeneratedSource\cycfg_peripheral_clocks.o
LOAD build\libs\TARGET_APP_KIT_PSE84_EVAL_EPC2\config\GeneratedSource\cycfg_peripherals.o
LOAD build\libs\TARGET_APP_KIT_PSE84_EVAL_EPC2\config\GeneratedSource\cycfg_pins.o
LOAD build\libs\TARGET_APP_KIT_PSE84_EVAL_EPC2\config\GeneratedSource\cycfg_protection.o
LOAD build\libs\TARGET_APP_KIT_PSE84_EVAL_EPC2\config\GeneratedSource\cycfg_qspi_memslot.o
LOAD build\libs\TARGET_APP_KIT_PSE84_EVAL_EPC2\config\GeneratedSource\cycfg_system.o
LOAD build\libs\TARGET_APP_KIT_PSE84_EVAL_EPC2\cybsp.o
LOAD build\libs\TARGET_APP_KIT_PSE84_EVAL_EPC2\system_edge.o
LOAD c:/rt-threadstudio/platform/env_released/env/tools/gnu_gcc/arm_gcc/mingw/bin/../lib/gcc/arm-none-eabi/10.3.1/../../../../arm-none-eabi/lib/thumb/v8-m.main+fp/softfp\libc.a
LOAD c:/rt-threadstudio/platform/env_released/env/tools/gnu_gcc/arm_gcc/mingw/bin/../lib/gcc/arm-none-eabi/10.3.1/../../../../arm-none-eabi/lib/thumb/v8-m.main+fp/softfp\libm.a
START GROUP
LOAD c:/rt-threadstudio/platform/env_released/env/tools/gnu_gcc/arm_gcc/mingw/bin/../lib/gcc/arm-none-eabi/10.3.1/thumb/v8-m.main+fp/softfp\libgcc.a
LOAD c:/rt-threadstudio/platform/env_released/env/tools/gnu_gcc/arm_gcc/mingw/bin/../lib/gcc/arm-none-eabi/10.3.1/../../../../arm-none-eabi/lib/thumb/v8-m.main+fp/softfp\libc.a
END GROUP
START GROUP
LOAD c:/rt-threadstudio/platform/env_released/env/tools/gnu_gcc/arm_gcc/mingw/bin/../lib/gcc/arm-none-eabi/10.3.1/thumb/v8-m.main+fp/softfp\libgcc.a
LOAD c:/rt-threadstudio/platform/env_released/env/tools/gnu_gcc/arm_gcc/mingw/bin/../lib/gcc/arm-none-eabi/10.3.1/../../../../arm-none-eabi/lib/thumb/v8-m.main+fp/softfp\libc.a
LOAD c:/rt-threadstudio/platform/env_released/env/tools/gnu_gcc/arm_gcc/mingw/bin/../lib/gcc/arm-none-eabi/10.3.1/../../../../arm-none-eabi/lib/thumb/v8-m.main+fp/softfp\libnosys.a
END GROUP
                0x00001000                PROVIDE (__StackSize = DEFINED (APP_MSP_STACK_SIZE)?APP_MSP_STACK_SIZE:0x1000)
                0x00000400                VECTORS_ALIGNMENT = 0x400
                0x20000000                m33_code_sel_Offset = (ORIGIN (m33_code) - ORIGIN (m33_code_sel))
                0x00000400                MCUBOOT_HEADER_SIZE = 0x400

.mcu_boot_header
                0x08340000      0x400
                0x08340400                . = (. + MCUBOOT_HEADER_SIZE)
 *fill*         0x08340000      0x400 

.app_code_main  0x08340400     0xec10
 *(.vectors)
 .vectors       0x08340400      0x404 build\libs\TARGET_APP_KIT_PSE84_EVAL_EPC2\COMPONENT_CM33\COMPONENT_NON_SECURE_DEVICE\ns_start_pse84.o
                0x08340400                __ns_vector_table
 *(.init)
 *(.fini)
 *crtbegin.*(.ctors)
 *crtbegin?.*(.ctors)
 *(EXCLUDE_FILE(*crtend.* *crtend?.*) .ctors)
 *(SORT_BY_NAME(.ctors.*))
 *(.ctors)
 *crtbegin.*(.dtors)
 *crtbegin?.*(.dtors)
 *(EXCLUDE_FILE(*crtend.* *crtend?.*) .dtors)
 *(SORT_BY_NAME(.dtors.*))
 *(.dtors)
                0x08340804                . = ALIGN (0x4)
                [!provide]                PROVIDE (__preinit_array_start = .)
 *(.preinit_array)
                [!provide]                PROVIDE (__preinit_array_end = .)
                0x08340804                . = ALIGN (0x4)
                [!provide]                PROVIDE (__init_array_start = .)
 *(SORT_BY_NAME(.init_array.*))
 *(.init_array)
                [!provide]                PROVIDE (__init_array_end = .)
                0x08340804                . = ALIGN (0x4)
                [!provide]                PROVIDE (__fini_array_start = .)
 *(SORT_BY_NAME(.fini_array.*))
 *(.fini_array)
                [!provide]                PROVIDE (__fini_array_end = .)
 *(.rodata .rodata.* .constdata .constdata.* .conststring .conststring.*)
 .rodata.main.str1.4
                0x08340804       0x2d build\applications\main.o
 *fill*         0x08340831        0x3 
 .rodata.mtb_hal_clock_peri_interface
                0x08340834        0xc build\libraries\components\mtb-device-support-pse8xxgp\hal\source\mtb_hal_clock.o
                0x08340834                mtb_hal_clock_peri_interface
 .rodata.IPC_BASE_PTR
                0x08340840        0x8 build\libraries\components\mtb-device-support-pse8xxgp\pdl\devices\source\cy_device.o
                0x08340840                IPC_BASE_PTR
 .rodata.cy_deviceIpBlockCfg
                0x08340848       0x1c build\libraries\components\mtb-device-support-pse8xxgp\pdl\devices\source\cy_device.o
                0x08340848                cy_deviceIpBlockCfg
 .rodata        0x08340864       0x40 build\libraries\components\mtb-device-support-pse8xxgp\pdl\drivers\source\cy_sysclk_v2.o
 .rodata.CSWTCH.60
                0x083408a4       0x24 build\libraries\components\mtb-device-support-pse8xxgp\pdl\drivers\source\cy_sysclk_v2.o
 .rodata.CSWTCH.47
                0x083408c8        0x6 build\libraries\components\mtb-device-support-pse8xxgp\pdl\drivers\source\cy_syspm_v4.o
 *fill*         0x083408ce        0x2 
 .rodata.rt_device_unregister.str1.4
                0x083408d0       0x74 build\kernel\components\drivers\core\device.o
 .rodata.rt_device_init.str1.4
                0x08340944       0x56 build\kernel\components\drivers\core\device.o
 *fill*         0x0834099a        0x2 
 .rodata.rt_device_open.str1.4
                0x0834099c       0x14 build\kernel\components\drivers\core\device.o
 .rodata.__FUNCTION__.1
                0x083409b0       0x1a build\kernel\components\drivers\core\device.o
 *fill*         0x083409ca        0x2 
 .rodata.__FUNCTION__.3
                0x083409cc       0x10 build\kernel\components\drivers\core\device.o
 .rodata.__FUNCTION__.4
                0x083409dc        0xf build\kernel\components\drivers\core\device.o
 *fill*         0x083409eb        0x1 
 .rodata.__FUNCTION__.5
                0x083409ec       0x10 build\kernel\components\drivers\core\device.o
 .rodata.__FUNCTION__.6
                0x083409fc        0xf build\kernel\components\drivers\core\device.o
 *fill*         0x08340a0b        0x1 
 .rodata.rt_completion_init.str1.4
                0x08340a0c       0x16 build\kernel\components\drivers\ipc\completion.o
 *fill*         0x08340a22        0x2 
 .rodata.rt_completion_wait.str1.4
                0x08340a24       0xe7 build\kernel\components\drivers\ipc\completion.o
 *fill*         0x08340b0b        0x1 
 .rodata.__FUNCTION__.0
                0x08340b0c       0x13 build\kernel\components\drivers\ipc\completion.o
 *fill*         0x08340b1f        0x1 
 .rodata.__FUNCTION__.1
                0x08340b20       0x13 build\kernel\components\drivers\ipc\completion.o
 *fill*         0x08340b33        0x1 
 .rodata.__FUNCTION__.2
                0x08340b34       0x13 build\kernel\components\drivers\ipc\completion.o
 *fill*         0x08340b47        0x1 
 .rodata._pin_control.str1.4
                0x08340b48        0xf build\kernel\components\drivers\misc\pin.o
 *fill*         0x08340b57        0x1 
 .rodata._pin_cmd_print_usage.str1.4
                0x08340b58      0x1db build\kernel\components\drivers\misc\pin.o
                                0x1de (size before relaxing)
 *fill*         0x08340d33        0x1 
 .rodata._pin_cmd.str1.4
                0x08340d34       0xb0 build\kernel\components\drivers\misc\pin.o
 .rodata.__FUNCTION__.0
                0x08340de4        0xb build\kernel\components\drivers\misc\pin.o
 *fill*         0x08340def        0x1 
 .rodata.__FUNCTION__.1
                0x08340df0        0xc build\kernel\components\drivers\misc\pin.o
 .rodata.__FUNCTION__.2
                0x08340dfc        0xd build\kernel\components\drivers\misc\pin.o
 *fill*         0x08340e09        0x3 
 .rodata.__FUNCTION__.3
                0x08340e0c        0xc build\kernel\components\drivers\misc\pin.o
 .rodata.__FUNCTION__.7
                0x08340e18        0xa build\kernel\components\drivers\misc\pin.o
 *fill*         0x08340e22        0x2 
 .rodata.__FUNCTION__.8
                0x08340e24        0xb build\kernel\components\drivers\misc\pin.o
 *fill*         0x08340e2f        0x1 
 .rodata.__FUNCTION__.9
                0x08340e30        0xd build\kernel\components\drivers\misc\pin.o
 *fill*         0x08340e3d        0x3 
 .rodata.name   0x08340e40       0x14 build\kernel\components\drivers\misc\pin.o
                0x08340e40                __fsym_pin_desc
                0x08340e50                __fsym_pin_name
 .rodata.rt_serial_control.str1.4
                0x08340e54        0xf build\kernel\components\drivers\serial\serial.o
 .rodata.rt_serial_open.str1.4
                0x08340e54       0x27 build\kernel\components\drivers\serial\serial.o
 *fill*         0x08340e7b        0x1 
 .rodata.rt_serial_write.str1.4
                0x08340e7c        0xe build\kernel\components\drivers\serial\serial.o
 *fill*         0x08340e8a        0x2 
 .rodata.rt_hw_serial_register.str1.4
                0x08340e8c       0x12 build\kernel\components\drivers\serial\serial.o
 *fill*         0x08340e9e        0x2 
 .rodata.rt_hw_serial_isr.str1.4
                0x08340ea0       0x73 build\kernel\components\drivers\serial\serial.o
                                 0x7a (size before relaxing)
 *fill*         0x08340f13        0x1 
 .rodata.__FUNCTION__.1
                0x08340f14       0x11 build\kernel\components\drivers\serial\serial.o
 *fill*         0x08340f25        0x3 
 .rodata.__FUNCTION__.10
                0x08340f28       0x10 build\kernel\components\drivers\serial\serial.o
 .rodata.__FUNCTION__.11
                0x08340f38       0x12 build\kernel\components\drivers\serial\serial.o
 *fill*         0x08340f4a        0x2 
 .rodata.__FUNCTION__.12
                0x08340f4c       0x16 build\kernel\components\drivers\serial\serial.o
 *fill*         0x08340f62        0x2 
 .rodata.__FUNCTION__.2
                0x08340f64        0xf build\kernel\components\drivers\serial\serial.o
 *fill*         0x08340f73        0x1 
 .rodata.__FUNCTION__.3
                0x08340f74        0xf build\kernel\components\drivers\serial\serial.o
 *fill*         0x08340f83        0x1 
 .rodata.__FUNCTION__.4
                0x08340f84       0x10 build\kernel\components\drivers\serial\serial.o
 .rodata.__FUNCTION__.6
                0x08340f94        0xf build\kernel\components\drivers\serial\serial.o
 *fill*         0x08340fa3        0x1 
 .rodata.__FUNCTION__.7
                0x08340fa4        0xf build\kernel\components\drivers\serial\serial.o
 *fill*         0x08340fb3        0x1 
 .rodata.__FUNCTION__.9
                0x08340fb4        0xf build\kernel\components\drivers\serial\serial.o
 *fill*         0x08340fc3        0x1 
 .rodata.clear.str1.4
                0x08340fc4        0x8 build\kernel\components\finsh\cmd.o
 .rodata.list_thread.str1.4
                0x08340fcc      0x11a build\kernel\components\finsh\cmd.o
                                0x11e (size before relaxing)
 *fill*         0x083410e6        0x2 
 .rodata.list_sem.str1.4
                0x083410e8       0x6c build\kernel\components\finsh\cmd.o
                                 0x70 (size before relaxing)
 .rodata.list_event.str1.4
                0x08341154       0x76 build\kernel\components\finsh\cmd.o
 *fill*         0x083411ca        0x2 
 .rodata.list_mutex.str1.4
                0x083411cc       0x9e build\kernel\components\finsh\cmd.o
 *fill*         0x0834126a        0x2 
 .rodata.list_mailbox.str1.4
                0x0834126c       0x76 build\kernel\components\finsh\cmd.o
 *fill*         0x083412e2        0x2 
 .rodata.list_msgqueue.str1.4
                0x083412e4       0x69 build\kernel\components\finsh\cmd.o
 *fill*         0x0834134d        0x3 
 .rodata.list_memheap.str1.4
                0x08341350       0x84 build\kernel\components\finsh\cmd.o
 .rodata.list_mempool.str1.4
                0x083413d4       0x8c build\kernel\components\finsh\cmd.o
 .rodata.list_timer.str1.4
                0x08341460       0xd1 build\kernel\components\finsh\cmd.o
 *fill*         0x08341531        0x3 
 .rodata.list_device.str1.4
                0x08341534       0x6f build\kernel\components\finsh\cmd.o
 *fill*         0x083415a3        0x1 
 .rodata.cmd_list.str1.4
                0x083415a4       0x24 build\kernel\components\finsh\cmd.o
 .rodata.str1.4
                0x083415c8      0x253 build\kernel\components\finsh\cmd.o
 *fill*         0x0834181b        0x1 
 .rodata.device_type_str
                0x0834181c       0x7c build\kernel\components\finsh\cmd.o
 .rodata.name   0x08341898       0x6a build\kernel\components\finsh\cmd.o
                0x08341898                __fsym_list_desc
                0x083418a8                __fsym_list_name
                0x083418b0                __fsym_version_desc
                0x083418d8                __fsym_version_name
                0x083418e0                __fsym_clear_desc
                0x083418fc                __fsym_clear_name
 *fill*         0x08341902        0x2 
 .rodata.msh_help.str1.4
                0x08341904       0x1b build\kernel\components\finsh\msh.o
                                 0x2a (size before relaxing)
 *fill*         0x0834191f        0x1 
 .rodata.msh_exec.str1.4
                0x08341920       0x3c build\kernel\components\finsh\msh.o
 .rodata.msh_auto_complete.str1.4
                0x0834195c       0x3c build\kernel\components\finsh\msh.o
                                  0x4 (size before relaxing)
 .rodata.msh_opt_list_dump.str1.4
                0x0834195c       0x10 build\kernel\components\finsh\msh.o
 .rodata.name   0x0834196c       0x6d build\kernel\components\finsh\msh.o
                0x0834196c                __fsym_free_desc
                0x08341994                __fsym_free_name
                0x0834199c                __fsym_ps_desc
                0x083419b8                __fsym_ps_name
                0x083419bc                __fsym_help_desc
                0x083419d4                __fsym_help_name
 *fill*         0x083419d9        0x3 
 .rodata.finsh_rx_ind.str1.4
                0x083419dc       0x11 build\kernel\components\finsh\shell.o
 *fill*         0x083419ed        0x3 
 .rodata.finsh_system_init.str1.4
                0x083419f0       0x25 build\kernel\components\finsh\shell.o
 *fill*         0x08341a15        0x3 
 .rodata.finsh_get_prompt.part.0.str1.4
                0x08341a18        0xa build\kernel\components\finsh\shell.o
 *fill*         0x08341a22        0x2 
 .rodata.finsh_set_device.str1.4
                0x08341a24       0x20 build\kernel\components\finsh\shell.o
 .rodata.finsh_thread_entry.str1.4
                0x08341a44       0x27 build\kernel\components\finsh\shell.o
                                 0x2b (size before relaxing)
 *fill*         0x08341a6b        0x1 
 .rodata.__FUNCTION__.3
                0x08341a6c        0xd build\kernel\components\finsh\shell.o
 *fill*         0x08341a79        0x3 
 .rodata.__FUNCTION__.4
                0x08341a7c       0x11 build\kernel\components\finsh\shell.o
 *fill*         0x08341a8d        0x3 
 .rodata.__FUNCTION__.5
                0x08341a90        0xe build\kernel\components\finsh\shell.o
 *fill*         0x08341a9e        0x2 
 .rodata.__FUNCTION__.6
                0x08341aa0       0x16 build\kernel\components\finsh\shell.o
 *fill*         0x08341ab6        0x2 
 .rodata.rt_hw_hard_fault_exception.str1.4
                0x08341ab8      0x2b5 build\kernel\libcpu\arm\cortex-m33\cpuport.o
                                0x2b9 (size before relaxing)
 *fill*         0x08341d6d        0x3 
 .rodata.rt_secure_svc_handle.str1.4
                0x08341d70       0x16 build\kernel\libcpu\arm\cortex-m33\trustzone.o
 *fill*         0x08341d86        0x2 
 .rodata.entry.str1.4
                0x08341d88       0x17 build\kernel\src\components.o
 *fill*         0x08341d9f        0x1 
 .rodata.__FUNCTION__.0
                0x08341da0       0x14 build\kernel\src\components.o
 .rodata.rt_thread_idle_init.str1.4
                0x08341db4        0x8 build\kernel\src\idle.o
 .rodata._rt_mb_send_wait.str1.4
                0x08341dbc       0x52 build\kernel\src\ipc.o
                                0x10b (size before relaxing)
 *fill*         0x08341e0e        0x2 
 .rodata._rt_sem_take.str1.4
                0x08341e10       0x55 build\kernel\src\ipc.o
 *fill*         0x08341e65        0x3 
 .rodata._rt_mutex_take.str1.4
                0x08341e68       0x57 build\kernel\src\ipc.o
 *fill*         0x08341ebf        0x1 
 .rodata.rt_sem_init.str1.4
                0x08341ec0       0x4d build\kernel\src\ipc.o
 *fill*         0x08341f0d        0x3 
 .rodata.__FUNCTION__.24
                0x08341f10       0x11 build\kernel\src\ipc.o
 *fill*         0x08341f21        0x3 
 .rodata.__FUNCTION__.25
                0x08341f24        0xf build\kernel\src\ipc.o
 *fill*         0x08341f33        0x1 
 .rodata.__FUNCTION__.29
                0x08341f34        0xe build\kernel\src\ipc.o
 *fill*         0x08341f42        0x2 
 .rodata.__FUNCTION__.31
                0x08341f44        0xf build\kernel\src\ipc.o
 *fill*         0x08341f53        0x1 
 .rodata.__FUNCTION__.32
                0x08341f54       0x12 build\kernel\src\ipc.o
 *fill*         0x08341f66        0x2 
 .rodata.__FUNCTION__.33
                0x08341f68        0xd build\kernel\src\ipc.o
 *fill*         0x08341f75        0x3 
 .rodata.__FUNCTION__.37
                0x08341f78        0xc build\kernel\src\ipc.o
 .rodata.rt_strerror.str1.4
                0x08341f84        0x8 build\kernel\src\kservice.o
 .rodata.rt_vsnprintf.str1.4
                0x08341f8c        0x7 build\kernel\src\kservice.o
 *fill*         0x08341f93        0x1 
 .rodata.rt_show_version.str1.4
                0x08341f94       0x96 build\kernel\src\kservice.o
 *fill*         0x0834202a        0x2 
 .rodata.rt_hw_cpu_shutdown.str1.4
                0x0834202c       0x9b build\kernel\src\kservice.o
                                 0xa3 (size before relaxing)
 *fill*         0x083420c7        0x1 
 .rodata.rt_system_heap_init.str1.4
                0x083420c8       0x1d build\kernel\src\kservice.o
 *fill*         0x083420e5        0x3 
 .rodata.rt_malloc.str1.4
                0x083420e8       0x10 build\kernel\src\kservice.o
 .rodata.str1.4
                0x083420f8       0x78 build\kernel\src\kservice.o
 .rodata.__FUNCTION__.0
                0x08342170        0xd build\kernel\src\kservice.o
 *fill*         0x0834217d        0x3 
 .rodata.__FUNCTION__.1
                0x08342180       0x14 build\kernel\src\kservice.o
 .rodata.__lowest_bit_bitmap
                0x08342194      0x100 build\kernel\src\kservice.o
                0x08342194                __lowest_bit_bitmap
 .rodata.large_digits.4
                0x08342294       0x11 build\kernel\src\kservice.o
 *fill*         0x083422a5        0x3 
 .rodata.rt_errno_strs
                0x083422a8       0x78 build\kernel\src\kservice.o
 .rodata.small_digits.3
                0x08342320       0x11 build\kernel\src\kservice.o
 *fill*         0x08342331        0x3 
 .rodata.rt_memheap_init.str1.4
                0x08342334       0x13 build\kernel\src\memheap.o
 *fill*         0x08342347        0x1 
 .rodata.rt_memheap_detach.str1.4
                0x08342348       0x69 build\kernel\src\memheap.o
                                 0x71 (size before relaxing)
 *fill*         0x083423b1        0x3 
 .rodata.rt_memheap_alloc.str1.4
                0x083423b4       0x10 build\kernel\src\memheap.o
 .rodata.rt_memheap_free.str1.4
                0x083423c4       0x7a build\kernel\src\memheap.o
 *fill*         0x0834243e        0x2 
 .rodata._memheap_alloc.str1.4
                0x08342440       0x17 build\kernel\src\memheap.o
 *fill*         0x08342457        0x1 
 .rodata.__FUNCTION__.0
                0x08342458        0xf build\kernel\src\memheap.o
 *fill*         0x08342467        0x1 
 .rodata.__FUNCTION__.1
                0x08342468       0x10 build\kernel\src\memheap.o
 .rodata.__FUNCTION__.3
                0x08342478       0x11 build\kernel\src\memheap.o
 *fill*         0x08342489        0x3 
 .rodata.__FUNCTION__.5
                0x0834248c       0x10 build\kernel\src\memheap.o
 .rodata.rt_object_init.str1.4
                0x0834249c        0xe build\kernel\src\object.o
                                 0x26 (size before relaxing)
 *fill*         0x083424aa        0x2 
 .rodata.rt_object_detach.str1.4
                0x083424ac       0x12 build\kernel\src\object.o
 .rodata.rt_object_allocate.str1.4
                0x083424be       0x2a build\kernel\src\object.o
 *fill*         0x083424be        0x2 
 .rodata.rt_object_delete.str1.4
                0x083424c0       0x29 build\kernel\src\object.o
 *fill*         0x083424e9        0x3 
 .rodata.__FUNCTION__.0
                0x083424ec        0xf build\kernel\src\object.o
 *fill*         0x083424fb        0x1 
 .rodata.__FUNCTION__.1
                0x083424fc       0x13 build\kernel\src\object.o
 *fill*         0x0834250f        0x1 
 .rodata.__FUNCTION__.2
                0x08342510       0x1a build\kernel\src\object.o
 *fill*         0x0834252a        0x2 
 .rodata.__FUNCTION__.3
                0x0834252c       0x11 build\kernel\src\object.o
 *fill*         0x0834253d        0x3 
 .rodata.__FUNCTION__.4
                0x08342540       0x13 build\kernel\src\object.o
 *fill*         0x08342553        0x1 
 .rodata.__FUNCTION__.5
                0x08342554       0x11 build\kernel\src\object.o
 *fill*         0x08342565        0x3 
 .rodata.__FUNCTION__.6
                0x08342568        0xf build\kernel\src\object.o
 *fill*         0x08342577        0x1 
 .rodata.rt_schedule_insert_thread.str1.4
                0x08342578       0x12 build\kernel\src\scheduler_up.o
 *fill*         0x0834258a        0x2 
 .rodata.rt_schedule.str1.4
                0x0834258c       0x51 build\kernel\src\scheduler_up.o
 *fill*         0x083425dd        0x3 
 .rodata.__FUNCTION__.0
                0x083425e0       0x1a build\kernel\src\scheduler_up.o
 *fill*         0x083425fa        0x2 
 .rodata.__FUNCTION__.1
                0x083425fc       0x1a build\kernel\src\scheduler_up.o
 *fill*         0x08342616        0x2 
 .rodata._thread_timeout.str1.4
                0x08342618       0x86 build\kernel\src\thread.o
                                 0x9a (size before relaxing)
 *fill*         0x0834269e        0x2 
 .rodata.rt_thread_init.str1.4
                0x083426a0       0x3a build\kernel\src\thread.o
 *fill*         0x083426da        0x2 
 .rodata.rt_thread_detach.str1.4
                0x083426dc       0x2f build\kernel\src\thread.o
 *fill*         0x0834270b        0x1 
 .rodata.rt_thread_delete.str1.4
                0x0834270c       0x3b build\kernel\src\thread.o
 *fill*         0x08342747        0x1 
 .rodata.rt_thread_suspend_with_flag.str1.4
                0x08342748       0x1b build\kernel\src\thread.o
                                 0x1e (size before relaxing)
 .rodata.rt_thread_sleep.str1.4
                0x08342763       0xb3 build\kernel\src\thread.o
 *fill*         0x08342763        0x1 
 .rodata.rt_thread_startup.str1.4
                0x08342764       0x37 build\kernel\src\thread.o
 *fill*         0x0834279b        0x1 
 .rodata.CSWTCH.13
                0x0834279c        0x3 build\kernel\src\thread.o
 *fill*         0x0834279f        0x1 
 .rodata.__FUNCTION__.0
                0x083427a0       0x11 build\kernel\src\thread.o
 *fill*         0x083427b1        0x3 
 .rodata.__FUNCTION__.1
                0x083427b4       0x1c build\kernel\src\thread.o
 .rodata.__FUNCTION__.10
                0x083427d0        0xd build\kernel\src\thread.o
 *fill*         0x083427dd        0x3 
 .rodata.__FUNCTION__.11
                0x083427e0        0xf build\kernel\src\thread.o
 *fill*         0x083427ef        0x1 
 .rodata.__FUNCTION__.2
                0x083427f0       0x1c build\kernel\src\thread.o
 .rodata.__FUNCTION__.3
                0x0834280c       0x12 build\kernel\src\thread.o
 *fill*         0x0834281e        0x2 
 .rodata.__FUNCTION__.5
                0x08342820       0x10 build\kernel\src\thread.o
 .rodata.__FUNCTION__.6
                0x08342830       0x11 build\kernel\src\thread.o
 *fill*         0x08342841        0x3 
 .rodata.__FUNCTION__.7
                0x08342844       0x11 build\kernel\src\thread.o
 *fill*         0x08342855        0x3 
 .rodata.__FUNCTION__.8
                0x08342858       0x12 build\kernel\src\thread.o
 *fill*         0x0834286a        0x2 
 .rodata.__FUNCTION__.9
                0x0834286c       0x10 build\kernel\src\thread.o
 .rodata.rt_timer_init.str1.4
                0x0834287c       0x3f build\kernel\src\timer.o
 *fill*         0x083428bb        0x1 
 .rodata.rt_timer_detach.str1.4
                0x083428bc       0x66 build\kernel\src\timer.o
 *fill*         0x08342922        0x2 
 .rodata.rt_timer_control.str1.4
                0x08342924       0x26 build\kernel\src\timer.o
 .rodata.rt_system_timer_thread_init.str1.4
                0x0834294a        0x6 build\kernel\src\timer.o
 *fill*         0x0834294a        0x2 
 .rodata.__FUNCTION__.0
                0x0834294c       0x11 build\kernel\src\timer.o
 *fill*         0x0834295d        0x3 
 .rodata.__FUNCTION__.1
                0x08342960        0xe build\kernel\src\timer.o
 *fill*         0x0834296e        0x2 
 .rodata.__FUNCTION__.3
                0x08342970        0xf build\kernel\src\timer.o
 *fill*         0x0834297f        0x1 
 .rodata.__FUNCTION__.6
                0x08342980       0x10 build\kernel\src\timer.o
 .rodata.__FUNCTION__.7
                0x08342990        0xe build\kernel\src\timer.o
 *fill*         0x0834299e        0x2 
 .rodata.name   0x083429a0       0x61 build\board\board.o
                0x083429a0                __fsym_poweroff_desc
                0x083429f8                __fsym_poweroff_name
 *fill*         0x08342a01        0x3 
 .rodata.rt_hw_board_init.str1.4
                0x08342a04        0x6 build\libraries\HAL_Drivers\drv_common.o
 *fill*         0x08342a0a        0x2 
 .rodata.name   0x08342a0c       0x17 build\libraries\HAL_Drivers\drv_common.o
                0x08342a0c                __fsym_reboot_desc
                0x08342a1c                __fsym_reboot_name
 *fill*         0x08342a23        0x1 
 .rodata.rt_hw_pin_init.str1.4
                0x08342a24        0x4 build\libraries\HAL_Drivers\drv_gpio.o
 .rodata._ifx_pin_ops
                0x08342a28       0x1c build\libraries\HAL_Drivers\drv_gpio.o
 .rodata.pin_irq_map
                0x08342a44       0x58 build\libraries\HAL_Drivers\drv_gpio.o
 .rodata.ifx_uarths_getc.str1.4
                0x08342a9c       0x10 build\libraries\HAL_Drivers\drv_uart.o
                                 0x24 (size before relaxing)
 .rodata.ifx_configure.str1.4
                0x08342aac       0x11 build\libraries\HAL_Drivers\drv_uart.o
 *fill*         0x08342abd        0x3 
 .rodata.rt_hw_uart_init.str1.4
                0x08342ac0       0x2c build\libraries\HAL_Drivers\drv_uart.o
 .rodata.str1.4
                0x08342aec        0x6 build\libraries\HAL_Drivers\drv_uart.o
                                  0xe (size before relaxing)
 *fill*         0x08342af2        0x2 
 .rodata        0x08342af4        0x8 build\libraries\HAL_Drivers\drv_uart.o
 .rodata.__FUNCTION__.0
                0x08342afc       0x10 build\libraries\HAL_Drivers\drv_uart.o
 .rodata.__FUNCTION__.1
                0x08342b0c        0xe build\libraries\HAL_Drivers\drv_uart.o
 *fill*         0x08342b1a        0x2 
 .rodata.__FUNCTION__.2
                0x08342b1c        0xc build\libraries\HAL_Drivers\drv_uart.o
 .rodata.__FUNCTION__.3
                0x08342b28       0x10 build\libraries\HAL_Drivers\drv_uart.o
 .rodata.__FUNCTION__.4
                0x08342b38       0x10 build\libraries\HAL_Drivers\drv_uart.o
 .rodata.__FUNCTION__.5
                0x08342b48        0x9 build\libraries\HAL_Drivers\drv_uart.o
 *fill*         0x08342b51        0x3 
 .rodata._uart_ops
                0x08342b54       0x14 build\libraries\HAL_Drivers\drv_uart.o
                0x08342b54                _uart_ops
 .rodata.CYBSP_DEBUG_UART_clock_ref
                0x08342b68        0xc build\libs\TARGET_APP_KIT_PSE84_EVAL_EPC2\config\GeneratedSource\cycfg_peripherals.o
                0x08342b68                CYBSP_DEBUG_UART_clock_ref
 .rodata.CYBSP_DEBUG_UART_config
                0x08342b74       0x44 build\libs\TARGET_APP_KIT_PSE84_EVAL_EPC2\config\GeneratedSource\cycfg_peripherals.o
                0x08342b74                CYBSP_DEBUG_UART_config
 .rodata.CYBSP_DEBUG_UART_hal_clock
                0x08342bb8        0x8 build\libs\TARGET_APP_KIT_PSE84_EVAL_EPC2\config\GeneratedSource\cycfg_peripherals.o
                0x08342bb8                CYBSP_DEBUG_UART_hal_clock
 .rodata.CYBSP_DEBUG_UART_hal_config
                0x08342bc0       0x10 build\libs\TARGET_APP_KIT_PSE84_EVAL_EPC2\config\GeneratedSource\cycfg_peripherals.o
                0x08342bc0                CYBSP_DEBUG_UART_hal_config
 .rodata.CYBSP_UART5_clock_ref
                0x08342bd0        0xc build\libs\TARGET_APP_KIT_PSE84_EVAL_EPC2\config\GeneratedSource\cycfg_peripherals.o
                0x08342bd0                CYBSP_UART5_clock_ref
 .rodata.CYBSP_UART5_config
                0x08342bdc       0x44 build\libs\TARGET_APP_KIT_PSE84_EVAL_EPC2\config\GeneratedSource\cycfg_peripherals.o
                0x08342bdc                CYBSP_UART5_config
 .rodata.CYBSP_UART5_hal_clock
                0x08342c20        0x8 build\libs\TARGET_APP_KIT_PSE84_EVAL_EPC2\config\GeneratedSource\cycfg_peripherals.o
                0x08342c20                CYBSP_UART5_hal_clock
 .rodata.CYBSP_UART5_hal_config
                0x08342c28       0x10 build\libs\TARGET_APP_KIT_PSE84_EVAL_EPC2\config\GeneratedSource\cycfg_peripherals.o
                0x08342c28                CYBSP_UART5_hal_config
 .rodata        0x08342c38       0x10 build\libs\TARGET_APP_KIT_PSE84_EVAL_EPC2\cybsp.o
 .rodata._ctype_
                0x08342c48      0x101 c:/rt-threadstudio/platform/env_released/env/tools/gnu_gcc/arm_gcc/mingw/bin/../lib/gcc/arm-none-eabi/10.3.1/../../../../arm-none-eabi/lib/thumb/v8-m.main+fp/softfp\libc.a(lib_a-ctype_.o)
                0x08342c48                _ctype_
 *(EXCLUDE_FILE(*cmsis*.* *cy_worker_thread.* *cyabs_*.* *cy_time.* *cy_mutex_pool*.* *cy_clib_support*.* *freertos/Source*.* *mtb_serial_memory.* *mtb_hal_memoryspi.* *cy_smif_hb_flash.* *cy_smif_sfdp.* *cy_smif_memslot.* *cy_smif_memnum.* *cy_smif.* *cy_syslib_ext.* *cy_syslib.*) .text*)
 *fill*         0x08342d49        0x3 
 .text.startup.main
                0x08342d4c       0x40 build\applications\main.o
                0x08342d4c                main
 .text.mtb_async_transfer_available_read
                0x08342d8c       0x18 build\libraries\components\async-transfer\source\mtb_async_transfer.o
                0x08342d8c                mtb_async_transfer_available_read
 .text.mtb_async_transfer_available_write
                0x08342da4       0x18 build\libraries\components\async-transfer\source\mtb_async_transfer.o
                0x08342da4                mtb_async_transfer_available_write
 .text.mtb_hal_clock_get_peri_clock_freq
                0x08342dbc       0x18 build\libraries\components\mtb-device-support-pse8xxgp\hal\source\mtb_hal_clock.o
                0x08342dbc                mtb_hal_clock_get_peri_clock_freq
 .text.mtb_hal_clock_set_peri_clock_enabled
                0x08342dd4       0x24 build\libraries\components\mtb-device-support-pse8xxgp\hal\source\mtb_hal_clock.o
                0x08342dd4                mtb_hal_clock_set_peri_clock_enabled
 .text.mtb_hal_clock_set_peri_clock_freq
                0x08342df8      0x18c build\libraries\components\mtb-device-support-pse8xxgp\hal\source\mtb_hal_clock.o
                0x08342df8                mtb_hal_clock_set_peri_clock_freq
 .text.mtb_hal_gpio_process_interrupt
                0x08342f84       0x90 build\libraries\components\mtb-device-support-pse8xxgp\hal\source\mtb_hal_gpio.o
                0x08342f84                mtb_hal_gpio_process_interrupt
 .text.mtb_hal_gpio_setup
                0x08343014       0x2c build\libraries\components\mtb-device-support-pse8xxgp\hal\source\mtb_hal_gpio.o
                0x08343014                mtb_hal_gpio_setup
 .text.mtb_hal_gpio_register_callback
                0x08343040       0x18 build\libraries\components\mtb-device-support-pse8xxgp\hal\source\mtb_hal_gpio.o
                0x08343040                mtb_hal_gpio_register_callback
 .text.mtb_hal_gpio_enable_event
                0x08343058       0x7c build\libraries\components\mtb-device-support-pse8xxgp\hal\source\mtb_hal_gpio.o
                0x08343058                mtb_hal_gpio_enable_event
 .text.mtb_hal_system_delay_ms
                0x083430d4        0xc build\libraries\components\mtb-device-support-pse8xxgp\hal\source\mtb_hal_system.o
                0x083430d4                mtb_hal_system_delay_ms
 .text.mtb_hal_uart_setup
                0x083430e0       0x80 build\libraries\components\mtb-device-support-pse8xxgp\hal\source\mtb_hal_uart.o
                0x083430e0                mtb_hal_uart_setup
 .text.mtb_hal_uart_set_baud
                0x08343160      0x514 build\libraries\components\mtb-device-support-pse8xxgp\hal\source\mtb_hal_uart.o
                0x08343160                mtb_hal_uart_set_baud
 .text._mtb_hal_utils_calculate_tolerance
                0x08343674       0x5c build\libraries\components\mtb-device-support-pse8xxgp\hal\source\mtb_hal_utils_impl.o
                0x08343674                _mtb_hal_utils_calculate_tolerance
 .text.Cy_PDL_Init
                0x083436d0        0xc build\libraries\components\mtb-device-support-pse8xxgp\pdl\devices\source\cy_device.o
                0x083436d0                Cy_PDL_Init
 .text.Cy_GPIO_Port_Deinit
                0x083436dc       0x94 build\libraries\components\mtb-device-support-pse8xxgp\pdl\drivers\source\cy_gpio.o
                0x083436dc                Cy_GPIO_Port_Deinit
 .text.Cy_IPC_Drv_LockRelease
                0x08343770       0x20 build\libraries\components\mtb-device-support-pse8xxgp\pdl\drivers\source\cy_ipc_drv.o
                0x08343770                Cy_IPC_Drv_LockRelease
 .text.Cy_IPC_Drv_SendMsgWord
                0x08343790       0x24 build\libraries\components\mtb-device-support-pse8xxgp\pdl\drivers\source\cy_ipc_drv.o
                0x08343790                Cy_IPC_Drv_SendMsgWord
 .text.Cy_IPC_Sema_InitExt
                0x083437b4       0x84 build\libraries\components\mtb-device-support-pse8xxgp\pdl\drivers\source\cy_ipc_sema.o
                0x083437b4                Cy_IPC_Sema_InitExt
 .text.Cy_IPC_Sema_Set
                0x08343838       0xe0 build\libraries\components\mtb-device-support-pse8xxgp\pdl\drivers\source\cy_ipc_sema.o
                0x08343838                Cy_IPC_Sema_Set
 .text.Cy_IPC_Sema_Clear
                0x08343918       0xdc build\libraries\components\mtb-device-support-pse8xxgp\pdl\drivers\source\cy_ipc_sema.o
                0x08343918                Cy_IPC_Sema_Clear
 .text.Cy_SCB_Write
                0x083439f4       0x2c build\libraries\components\mtb-device-support-pse8xxgp\pdl\drivers\source\cy_scb_common.o
                0x083439f4                Cy_SCB_Write
 .text.Cy_SCB_UART_Init
                0x08343a20      0x318 build\libraries\components\mtb-device-support-pse8xxgp\pdl\drivers\source\cy_scb_uart.o
                0x08343a20                Cy_SCB_UART_Init
 .text.Cy_SCB_UART_Disable
                0x08343d38       0x18 build\libraries\components\mtb-device-support-pse8xxgp\pdl\drivers\source\cy_scb_uart.o
                0x08343d38                Cy_SCB_UART_Disable
 .text.Cy_SysClk_PeriPclkSetDivider
                0x08343d50       0xd0 build\libraries\components\mtb-device-support-pse8xxgp\pdl\drivers\source\cy_sysclk_v2.o
                0x08343d50                Cy_SysClk_PeriPclkSetDivider
 .text.Cy_SysClk_PeriPclkGetDivider
                0x08343e20       0xb0 build\libraries\components\mtb-device-support-pse8xxgp\pdl\drivers\source\cy_sysclk_v2.o
                0x08343e20                Cy_SysClk_PeriPclkGetDivider
 .text.Cy_SysClk_PeriPclkSetFracDivider
                0x08343ed0       0xec build\libraries\components\mtb-device-support-pse8xxgp\pdl\drivers\source\cy_sysclk_v2.o
                0x08343ed0                Cy_SysClk_PeriPclkSetFracDivider
 .text.Cy_SysClk_PeriPclkGetFracDivider
                0x08343fbc       0xdc build\libraries\components\mtb-device-support-pse8xxgp\pdl\drivers\source\cy_sysclk_v2.o
                0x08343fbc                Cy_SysClk_PeriPclkGetFracDivider
 .text.Cy_SysClk_PeriPclkEnableDivider
                0x08344098       0xe8 build\libraries\components\mtb-device-support-pse8xxgp\pdl\drivers\source\cy_sysclk_v2.o
                0x08344098                Cy_SysClk_PeriPclkEnableDivider
 .text.Cy_SysClk_PeriPclkDisableDivider
                0x08344180       0xd0 build\libraries\components\mtb-device-support-pse8xxgp\pdl\drivers\source\cy_sysclk_v2.o
                0x08344180                Cy_SysClk_PeriPclkDisableDivider
 .text.Cy_SysClk_EcoSetFrequency
                0x08344250        0xc build\libraries\components\mtb-device-support-pse8xxgp\pdl\drivers\source\cy_sysclk_v2.o
                0x08344250                Cy_SysClk_EcoSetFrequency
 .text.Cy_SysClk_ClkPathMuxGetFrequency
                0x0834425c       0xc8 build\libraries\components\mtb-device-support-pse8xxgp\pdl\drivers\source\cy_sysclk_v2.o
                0x0834425c                Cy_SysClk_ClkPathMuxGetFrequency
 .text.Cy_SysClk_DpllLpGetFrequency
                0x08344324       0xb0 build\libraries\components\mtb-device-support-pse8xxgp\pdl\drivers\source\cy_sysclk_v2.o
                0x08344324                Cy_SysClk_DpllLpGetFrequency
 .text.Cy_SysClk_DpllHpGetConfiguration
                0x083443d4      0x138 build\libraries\components\mtb-device-support-pse8xxgp\pdl\drivers\source\cy_sysclk_v2.o
                0x083443d4                Cy_SysClk_DpllHpGetConfiguration
 .text.Cy_SysClk_DpllHpGetFrequency
                0x0834450c       0xb4 build\libraries\components\mtb-device-support-pse8xxgp\pdl\drivers\source\cy_sysclk_v2.o
                0x0834450c                Cy_SysClk_DpllHpGetFrequency
 .text.Cy_SysClk_ClkHfGetFrequency
                0x083445c0      0x140 build\libraries\components\mtb-device-support-pse8xxgp\pdl\drivers\source\cy_sysclk_v2.o
                0x083445c0                Cy_SysClk_ClkHfGetFrequency
 .text.Cy_SysClk_PllDisable
                0x08344700       0x70 build\libraries\components\mtb-device-support-pse8xxgp\pdl\drivers\source\cy_sysclk_v2.o
                0x08344700                Cy_SysClk_PllDisable
 .text.Cy_Sysclk_PeriPclkGetClkHfNum
                0x08344770       0x6c build\libraries\components\mtb-device-support-pse8xxgp\pdl\drivers\source\cy_sysclk_v2.o
                0x08344770                Cy_Sysclk_PeriPclkGetClkHfNum
 .text.Cy_SysClk_PeriPclkGetFrequency
                0x083447dc      0x1b8 build\libraries\components\mtb-device-support-pse8xxgp\pdl\drivers\source\cy_sysclk_v2.o
                0x083447dc                Cy_SysClk_PeriPclkGetFrequency
 .text.Cy_SysInt_Init
                0x08344994       0x80 build\libraries\components\mtb-device-support-pse8xxgp\pdl\drivers\source\cy_sysint_v2.o
                0x08344994                Cy_SysInt_Init
 .text.Cy_SysInt_SetVector
                0x08344a14       0x38 build\libraries\components\mtb-device-support-pse8xxgp\pdl\drivers\source\cy_sysint_v2.o
                0x08344a14                Cy_SysInt_SetVector
 .text.cy_pd_pdcm_set_dependency
                0x08344a4c       0x6c build\libraries\components\mtb-device-support-pse8xxgp\pdl\drivers\source\cy_syspm_pdcm.o
                0x08344a4c                cy_pd_pdcm_set_dependency
 .text.cy_pd_ppu_get_programmed_power_mode
                0x08344ab8        0xc build\libraries\components\mtb-device-support-pse8xxgp\pdl\drivers\source\cy_syspm_ppu.o
                0x08344ab8                cy_pd_ppu_get_programmed_power_mode
 .text.cy_pd_ppu_set_power_mode
                0x08344ac4       0x18 build\libraries\components\mtb-device-support-pse8xxgp\pdl\drivers\source\cy_syspm_ppu.o
                0x08344ac4                cy_pd_ppu_set_power_mode
 .text.Cy_SysPm_SystemEnterHibernate
                0x08344adc      0x14c build\libraries\components\mtb-device-support-pse8xxgp\pdl\drivers\source\cy_syspm_v4.o
                0x08344adc                Cy_SysPm_SystemEnterHibernate
 .text.Cy_SysPm_ExecuteCallback
                0x08344c28      0x11c build\libraries\components\mtb-device-support-pse8xxgp\pdl\drivers\source\cy_syspm_v4.o
                0x08344c28                Cy_SysPm_ExecuteCallback
 .text.Cy_SysPm_CpuEnterDeepSleep
                0x08344d44      0x200 build\libraries\components\mtb-device-support-pse8xxgp\pdl\drivers\source\cy_syspm_v4.o
                0x08344d44                Cy_SysPm_CpuEnterDeepSleep
 .text.Cy_SysPm_IoUnfreeze
                0x08344f44       0x2c build\libraries\components\mtb-device-support-pse8xxgp\pdl\drivers\source\cy_syspm_v4.o
                0x08344f44                Cy_SysPm_IoUnfreeze
 .text.Cy_SysPm_TriggerXRes
                0x08344f70       0x10 build\libraries\components\mtb-device-support-pse8xxgp\pdl\drivers\source\cy_syspm_v4.o
                0x08344f70                Cy_SysPm_TriggerXRes
 .text.Cy_SysTick_ServiceCallbacks
                0x08344f80       0x24 build\libraries\components\mtb-device-support-pse8xxgp\pdl\drivers\source\cy_systick_v2.o
 .text.Cy_SysTick_EnableInterrupt
                0x08344fa4       0x10 build\libraries\components\mtb-device-support-pse8xxgp\pdl\drivers\source\cy_systick_v2.o
                0x08344fa4                Cy_SysTick_EnableInterrupt
 .text.Cy_SysTick_Init
                0x08344fb4       0xa4 build\libraries\components\mtb-device-support-pse8xxgp\pdl\drivers\source\cy_systick_v2.o
                0x08344fb4                Cy_SysTick_Init
 .text.Cy_SysTick_SetCallback
                0x08345058       0x18 build\libraries\components\mtb-device-support-pse8xxgp\pdl\drivers\source\cy_systick_v2.o
                0x08345058                Cy_SysTick_SetCallback
 .text.ppu_v1_dynamic_enable
                0x08345070       0x24 build\libraries\components\mtb-device-support-pse8xxgp\pdl\drivers\source\ppu_v1.o
                0x08345070                ppu_v1_dynamic_enable
 .text.ppu_v1_get_programmed_power_mode
                0x08345094       0x14 build\libraries\components\mtb-device-support-pse8xxgp\pdl\drivers\source\ppu_v1.o
                0x08345094                ppu_v1_get_programmed_power_mode
 .text._mtb_ipc_lock_with_timeout
                0x083450a8       0x80 build\libraries\components\mtb-ipc\source\mtb_ipc.o
                0x083450a8                _mtb_ipc_lock_with_timeout
 .text.mtb_ipc_semaphore_process_interrupt
                0x08345128       0x6c build\libraries\components\mtb-ipc\source\mtb_ipc.o
                0x08345128                mtb_ipc_semaphore_process_interrupt
 .text.mtb_ipc_queue_process_interrupt
                0x08345194      0x10c build\libraries\components\mtb-ipc\source\mtb_ipc.o
                0x08345194                mtb_ipc_queue_process_interrupt
 .text.mtb_ipc_init
                0x083452a0      0x1b8 build\libraries\components\mtb-ipc\source\mtb_ipc.o
                0x083452a0                mtb_ipc_init
 .text._mtb_ipc_semaphore_take_internal
                0x08345458      0x370 build\libraries\components\mtb-ipc\source\mtb_ipc.o
                0x08345458                _mtb_ipc_semaphore_take_internal
 .text.mtb_ipc_semaphore_give
                0x083457c8      0x528 build\libraries\components\mtb-ipc\source\mtb_ipc.o
                0x083457c8                mtb_ipc_semaphore_give
 .text.mtb_ipc_semaphore_init
                0x08345cf0       0xb8 build\libraries\components\mtb-ipc\source\mtb_ipc.o
                0x08345cf0                mtb_ipc_semaphore_init
 .text.mtb_ipc_semaphore_free
                0x08345da8       0x98 build\libraries\components\mtb-ipc\source\mtb_ipc.o
                0x08345da8                mtb_ipc_semaphore_free
 .text.mtb_ipc_mbox_receiver_init
                0x08345e40      0x1a4 build\libraries\components\mtb-ipc\source\mtb_ipc.o
                0x08345e40                mtb_ipc_mbox_receiver_init
 .text.mtb_ipc_mbox_receiver_free
                0x08345fe4       0xa4 build\libraries\components\mtb-ipc\source\mtb_ipc.o
                0x08345fe4                mtb_ipc_mbox_receiver_free
 .text.mtb_srf_ipc_relay_init
                0x08346088       0xe8 build\libraries\components\mtb-srf\mtb_srf_ipc.o
                0x08346088                mtb_srf_ipc_relay_init
 .text.mtb_srf_pool_init
                0x08346170       0x44 build\libraries\components\mtb-srf\mtb_srf_pool.o
                0x08346170                mtb_srf_pool_init
 .text.rt_device_register
                0x083461b4       0x38 build\kernel\components\drivers\core\device.o
                0x083461b4                rt_device_register
 .text.rt_device_find
                0x083461ec        0x8 build\kernel\components\drivers\core\device.o
                0x083461ec                rt_device_find
 .text.rt_device_open
                0x083461f4       0xe0 build\kernel\components\drivers\core\device.o
                0x083461f4                rt_device_open
 .text.rt_device_close
                0x083462d4       0x68 build\kernel\components\drivers\core\device.o
                0x083462d4                rt_device_close
 .text.rt_device_read
                0x0834633c       0x78 build\kernel\components\drivers\core\device.o
                0x0834633c                rt_device_read
 .text.rt_device_write
                0x083463b4       0x78 build\kernel\components\drivers\core\device.o
                0x083463b4                rt_device_write
 .text.rt_device_set_rx_indicate
                0x0834642c       0x40 build\kernel\components\drivers\core\device.o
                0x0834642c                rt_device_set_rx_indicate
 .text.rt_completion_init
                0x0834646c       0x34 build\kernel\components\drivers\ipc\completion.o
                0x0834646c                rt_completion_init
 .text.rt_completion_wait
                0x083464a0      0x194 build\kernel\components\drivers\ipc\completion.o
                0x083464a0                rt_completion_wait
 .text.rt_completion_done
                0x08346634       0x54 build\kernel\components\drivers\ipc\completion.o
                0x08346634                rt_completion_done
 .text._pin_control
                0x08346688       0x34 build\kernel\components\drivers\misc\pin.o
 .text._pin_write
                0x083466bc       0x38 build\kernel\components\drivers\misc\pin.o
 .text._pin_read
                0x083466f4       0x3c build\kernel\components\drivers\misc\pin.o
 .text._pin_cmd_print_usage
                0x08346730       0x98 build\kernel\components\drivers\misc\pin.o
 .text._pin_cmd
                0x083467c8      0x2a0 build\kernel\components\drivers\misc\pin.o
 .text.rt_device_pin_register
                0x08346a68       0x44 build\kernel\components\drivers\misc\pin.o
                0x08346a68                rt_device_pin_register
 .text.rt_pin_mode
                0x08346aac       0x34 build\kernel\components\drivers\misc\pin.o
                0x08346aac                rt_pin_mode
 .text.rt_pin_write
                0x08346ae0       0x34 build\kernel\components\drivers\misc\pin.o
                0x08346ae0                rt_pin_write
 .text.rt_serial_control
                0x08346b14       0xcc build\kernel\components\drivers\serial\serial.o
 .text.rt_serial_init
                0x08346be0       0x44 build\kernel\components\drivers\serial\serial.o
 .text.rt_serial_open
                0x08346c24      0x130 build\kernel\components\drivers\serial\serial.o
 .text.rt_serial_write
                0x08346d54       0xc8 build\kernel\components\drivers\serial\serial.o
 .text.rt_serial_read
                0x08346e1c       0xe8 build\kernel\components\drivers\serial\serial.o
 .text.rt_serial_close
                0x08346f04       0xb4 build\kernel\components\drivers\serial\serial.o
 .text.rt_hw_serial_register
                0x08346fb8       0x6c build\kernel\components\drivers\serial\serial.o
                0x08346fb8                rt_hw_serial_register
 .text.rt_hw_serial_isr
                0x08347024       0xfc build\kernel\components\drivers\serial\serial.o
                0x08347024                rt_hw_serial_isr
 .text.clear    0x08347120       0x10 build\kernel\components\finsh\cmd.o
 .text.version  0x08347130        0xc build\kernel\components\finsh\cmd.o
                0x08347130                version
 .text.list_thread
                0x0834713c      0x280 build\kernel\components\finsh\cmd.o
                0x0834713c                list_thread
 .text.list_sem
                0x083473bc      0x200 build\kernel\components\finsh\cmd.o
                0x083473bc                list_sem
 .text.list_event
                0x083475bc      0x1fc build\kernel\components\finsh\cmd.o
                0x083475bc                list_event
 .text.list_mutex
                0x083477b8      0x21c build\kernel\components\finsh\cmd.o
                0x083477b8                list_mutex
 .text.list_mailbox
                0x083479d4      0x20c build\kernel\components\finsh\cmd.o
                0x083479d4                list_mailbox
 .text.list_msgqueue
                0x08347be0      0x200 build\kernel\components\finsh\cmd.o
                0x08347be0                list_msgqueue
 .text.list_memheap
                0x08347de0      0x170 build\kernel\components\finsh\cmd.o
                0x08347de0                list_memheap
 .text.list_mempool
                0x08347f50      0x214 build\kernel\components\finsh\cmd.o
                0x08347f50                list_mempool
 .text.list_timer
                0x08348164      0x1b4 build\kernel\components\finsh\cmd.o
                0x08348164                list_timer
 .text.list_device
                0x08348318      0x18c build\kernel\components\finsh\cmd.o
                0x08348318                list_device
 .text.cmd_list
                0x083484a4       0x80 build\kernel\components\finsh\cmd.o
                0x083484a4                cmd_list
 .text.msh_help
                0x08348524       0x48 build\kernel\components\finsh\msh.o
                0x08348524                msh_help
 .text.cmd_ps   0x0834856c        0xc build\kernel\components\finsh\msh.o
                0x0834856c                cmd_ps
 .text.cmd_free
                0x08348578        0xc build\kernel\components\finsh\msh.o
                0x08348578                cmd_free
 .text.msh_exec
                0x08348584      0x1bc build\kernel\components\finsh\msh.o
                0x08348584                msh_exec
 .text.msh_auto_complete
                0x08348740      0x100 build\kernel\components\finsh\msh.o
                0x08348740                msh_auto_complete
 .text.msh_opt_auto_complete
                0x08348840      0x1d4 build\kernel\components\finsh\msh.o
                0x08348840                msh_opt_auto_complete
 .text.msh_cmd_opt_id_get
                0x08348a14       0x30 build\kernel\components\finsh\msh.o
                0x08348a14                msh_cmd_opt_id_get
 .text.msh_opt_list_dump
                0x08348a44       0x28 build\kernel\components\finsh\msh.o
                0x08348a44                msh_opt_list_dump
 .text.msh_isint
                0x08348a6c       0x34 build\kernel\components\finsh\msh_parse.o
                0x08348a6c                msh_isint
 .text.finsh_rx_ind
                0x08348aa0       0x30 build\kernel\components\finsh\shell.o
 .text.finsh_system_init
                0x08348ad0       0xa8 build\kernel\components\finsh\shell.o
                0x08348ad0                finsh_system_init
 .text.finsh_get_prompt.part.0
                0x08348b78       0x40 build\kernel\components\finsh\shell.o
 .text.finsh_set_device
                0x08348bb8       0x94 build\kernel\components\finsh\shell.o
                0x08348bb8                finsh_set_device
 .text.finsh_thread_entry
                0x08348c4c      0x57c build\kernel\components\finsh\shell.o
                0x08348c4c                finsh_thread_entry
 .text.__errno  0x083491c8        0x4 build\kernel\components\libc\compilers\newlib\syscalls.o
                0x083491c8                __errno
 .text          0x083491cc      0x1ac build\kernel\libcpu\arm\cortex-m33\context_gcc.o
                0x083491cc                rt_hw_interrupt_disable
                0x083491d4                rt_hw_interrupt_enable
                0x083491da                rt_hw_context_switch_interrupt
                0x083491da                rt_hw_context_switch
                0x083491fa                PendSV_Handler
                0x083492bc                rt_hw_context_switch_to
                0x0834930a                rt_hw_interrupt_thread_switch
                0x0834930e                HardFault_Handler
 .text.rt_hw_stack_init
                0x08349378       0x50 build\kernel\libcpu\arm\cortex-m33\cpuport.o
                0x08349378                rt_hw_stack_init
 .text.rt_hw_hard_fault_exception
                0x083493c8      0x364 build\kernel\libcpu\arm\cortex-m33\cpuport.o
                0x083493c8                rt_hw_hard_fault_exception
 .text.rt_hw_cpu_reset
                0x0834972c       0x10 build\kernel\libcpu\arm\cortex-m33\cpuport.o
                0x0834972c                rt_hw_cpu_reset
 .text          0x0834973c       0x38 build\kernel\libcpu\arm\cortex-m33\syscall_gcc.o
                0x0834973c                tzcall
                0x08349758                SVC_Handler
 .text.rt_trustzone_context_store
                0x08349774        0x4 build\kernel\libcpu\arm\cortex-m33\trustzone.o
                0x08349774                rt_trustzone_context_store
 .text.rt_trustzone_context_load
                0x08349778        0x4 build\kernel\libcpu\arm\cortex-m33\trustzone.o
                0x08349778                rt_trustzone_context_load
 .text.rt_secure_svc_handle
                0x0834977c       0x30 build\kernel\libcpu\arm\cortex-m33\trustzone.o
                0x0834977c                rt_secure_svc_handle
 .text.rt_tick_get
                0x083497ac        0xc build\kernel\src\clock.o
                0x083497ac                rt_tick_get
 .text.rt_tick_increase
                0x083497b8       0x60 build\kernel\src\clock.o
                0x083497b8                rt_tick_increase
 .text.rt_tick_from_millisecond
                0x08349818       0x3c build\kernel\src\clock.o
                0x08349818                rt_tick_from_millisecond
 .text.rti_start
                0x08349854        0x4 build\kernel\src\components.o
 .text.main_thread_entry
                0x08349858       0x24 build\kernel\src\components.o
                0x08349858                main_thread_entry
 .text.rti_end  0x0834987c        0x4 build\kernel\src\components.o
 .text.rti_board_start
                0x08349880        0x4 build\kernel\src\components.o
 .text.rti_board_end
                0x08349884        0x4 build\kernel\src\components.o
 .text.rt_components_board_init
                0x08349888       0x20 build\kernel\src\components.o
                0x08349888                rt_components_board_init
 .text.entry    0x083498a8       0x68 build\kernel\src\components.o
                0x083498a8                entry
 .text.idle_thread_entry
                0x08349910       0x7c build\kernel\src\idle.o
 .text.rt_thread_defunct_enqueue
                0x0834998c       0x18 build\kernel\src\idle.o
                0x0834998c                rt_thread_defunct_enqueue
 .text.rt_thread_idle_init
                0x083499a4       0x4c build\kernel\src\idle.o
                0x083499a4                rt_thread_idle_init
 .text._rt_sem_take
                0x083499f0      0x200 build\kernel\src\ipc.o
 .text._rt_mutex_take
                0x08349bf0      0x648 build\kernel\src\ipc.o
 .text.rt_sem_init
                0x0834a238       0x68 build\kernel\src\ipc.o
                0x0834a238                rt_sem_init
 .text.rt_sem_take
                0x0834a2a0        0x8 build\kernel\src\ipc.o
                0x0834a2a0                rt_sem_take
 .text.rt_sem_release
                0x0834a2a8       0x90 build\kernel\src\ipc.o
                0x0834a2a8                rt_sem_release
 .text.rt_mutex_init
                0x0834a338       0x4c build\kernel\src\ipc.o
                0x0834a338                rt_mutex_init
 .text.rt_mutex_drop_thread
                0x0834a384      0x1b0 build\kernel\src\ipc.o
                0x0834a384                rt_mutex_drop_thread
 .text.rt_mutex_take
                0x0834a534        0x8 build\kernel\src\ipc.o
                0x0834a534                rt_mutex_take
 .text.rt_mutex_release
                0x0834a53c      0x1d4 build\kernel\src\ipc.o
                0x0834a53c                rt_mutex_release
 .text.rt_interrupt_enter
                0x0834a710       0x30 build\kernel\src\irq.o
                0x0834a710                rt_interrupt_enter
 .text.rt_interrupt_leave
                0x0834a740       0x30 build\kernel\src\irq.o
                0x0834a740                rt_interrupt_leave
 .text.rt_interrupt_get_nest
                0x0834a770       0x18 build\kernel\src\irq.o
                0x0834a770                rt_interrupt_get_nest
 .text.rt_hw_interrupt_is_disabled
                0x0834a788        0x4 build\kernel\src\irq.o
                0x0834a788                rt_hw_interrupt_is_disabled
 .text.print_number
                0x0834a78c      0x284 build\kernel\src\kservice.o
 .text.rt_strerror
                0x0834aa10       0x88 build\kernel\src\kservice.o
                0x0834aa10                rt_strerror
 .text.rt_set_errno
                0x0834aa98       0x20 build\kernel\src\kservice.o
                0x0834aa98                rt_set_errno
 .text._rt_errno
                0x0834aab8       0x1c build\kernel\src\kservice.o
                0x0834aab8                _rt_errno
 .text.rt_memset
                0x0834aad4       0xc4 build\kernel\src\kservice.o
                0x0834aad4                rt_memset
 .text.rt_memcpy
                0x0834ab98      0x170 build\kernel\src\kservice.o
                0x0834ab98                rt_memcpy
 .text.rt_memmove
                0x0834ad08       0x8c build\kernel\src\kservice.o
                0x0834ad08                rt_memmove
 .text.rt_vsnprintf
                0x0834ad94      0x484 build\kernel\src\kservice.o
                0x0834ad94                rt_vsnprintf
 .text.rt_snprintf
                0x0834b218       0x1c build\kernel\src\kservice.o
                0x0834b218                rt_snprintf
 .text.rt_console_get_device
                0x0834b234        0xc build\kernel\src\kservice.o
                0x0834b234                rt_console_get_device
 .text.rt_console_set_device
                0x0834b240       0x30 build\kernel\src\kservice.o
                0x0834b240                rt_console_set_device
 .text.rt_hw_console_output
                0x0834b270        0x4 build\kernel\src\kservice.o
                0x0834b270                rt_hw_console_output
 .text.rt_kprintf
                0x0834b274       0x50 build\kernel\src\kservice.o
                0x0834b274                rt_kprintf
 .text.rt_show_version
                0x0834b2c4       0x48 build\kernel\src\kservice.o
                0x0834b2c4                rt_show_version
 .text.rt_system_heap_init
                0x0834b30c       0x7c build\kernel\src\kservice.o
                0x0834b30c                rt_system_heap_init
 .text.rt_malloc
                0x0834b388       0x98 build\kernel\src\kservice.o
                0x0834b388                rt_malloc
 .text.rt_calloc
                0x0834b420       0x1c build\kernel\src\kservice.o
                0x0834b420                rt_calloc
 .text.rt_free  0x0834b43c       0x98 build\kernel\src\kservice.o
                0x0834b43c                rt_free
 .text.__rt_ffs
                0x0834b4d4       0x40 build\kernel\src\kservice.o
                0x0834b4d4                __rt_ffs
 .text.rt_assert_handler
                0x0834b514       0x3c build\kernel\src\kservice.o
                0x0834b514                rt_assert_handler
 .text.rt_memheap_init
                0x0834b550       0xa0 build\kernel\src\memheap.o
                0x0834b550                rt_memheap_init
 .text.rt_memheap_alloc
                0x0834b5f0      0x154 build\kernel\src\memheap.o
                0x0834b5f0                rt_memheap_alloc
 .text._memheap_alloc
                0x0834b744       0x5c build\kernel\src\memheap.o
                0x0834b744                _memheap_alloc
 .text._memheap_free
                0x0834b7a0      0x130 build\kernel\src\memheap.o
                0x0834b7a0                _memheap_free
 .text.rt_object_get_information
                0x0834b8d0       0x9c build\kernel\src\object.o
                0x0834b8d0                rt_object_get_information
 .text.rt_object_init
                0x0834b96c      0x158 build\kernel\src\object.o
                0x0834b96c                rt_object_init
 .text.rt_object_detach
                0x0834bac4       0x4c build\kernel\src\object.o
                0x0834bac4                rt_object_detach
 .text.rt_object_allocate
                0x0834bb10      0x140 build\kernel\src\object.o
                0x0834bb10                rt_object_allocate
 .text.rt_object_delete
                0x0834bc50       0x6c build\kernel\src\object.o
                0x0834bc50                rt_object_delete
 .text.rt_object_is_systemobject
                0x0834bcbc       0x2c build\kernel\src\object.o
                0x0834bcbc                rt_object_is_systemobject
 .text.rt_object_get_type
                0x0834bce8       0x2c build\kernel\src\object.o
                0x0834bce8                rt_object_get_type
 .text.rt_object_find
                0x0834bd14      0x114 build\kernel\src\object.o
                0x0834bd14                rt_object_find
 .text.rt_system_scheduler_init
                0x0834be28       0x2c build\kernel\src\scheduler_up.o
                0x0834be28                rt_system_scheduler_init
 .text.rt_system_scheduler_start
                0x0834be54       0x68 build\kernel\src\scheduler_up.o
                0x0834be54                rt_system_scheduler_start
 .text.rt_schedule_insert_thread
                0x0834bebc       0xa4 build\kernel\src\scheduler_up.o
                0x0834bebc                rt_schedule_insert_thread
 .text.rt_schedule
                0x0834bf60      0x1c0 build\kernel\src\scheduler_up.o
                0x0834bf60                rt_schedule
 .text.rt_schedule_remove_thread
                0x0834c120       0x68 build\kernel\src\scheduler_up.o
                0x0834c120                rt_schedule_remove_thread
 .text.rt_enter_critical
                0x0834c188       0x1c build\kernel\src\scheduler_up.o
                0x0834c188                rt_enter_critical
 .text.rt_exit_critical
                0x0834c1a4       0x3c build\kernel\src\scheduler_up.o
                0x0834c1a4                rt_exit_critical
 .text.rt_critical_level
                0x0834c1e0        0xc build\kernel\src\scheduler_up.o
                0x0834c1e0                rt_critical_level
 .text._thread_timeout
                0x0834c1ec       0x7c build\kernel\src\thread.o
 .text._thread_exit
                0x0834c268       0x38 build\kernel\src\thread.o
 .text.rt_thread_init
                0x0834c2a0       0xf8 build\kernel\src\thread.o
                0x0834c2a0                rt_thread_init
 .text.rt_thread_self
                0x0834c398        0xc build\kernel\src\thread.o
                0x0834c398                rt_thread_self
 .text.rt_thread_detach
                0x0834c3a4       0xa8 build\kernel\src\thread.o
                0x0834c3a4                rt_thread_detach
 .text.rt_thread_create
                0x0834c44c       0xdc build\kernel\src\thread.o
                0x0834c44c                rt_thread_create
 .text.rt_thread_delete
                0x0834c528       0xa8 build\kernel\src\thread.o
                0x0834c528                rt_thread_delete
 .text.rt_thread_suspend_with_flag
                0x0834c5d0       0xf4 build\kernel\src\thread.o
                0x0834c5d0                rt_thread_suspend_with_flag
 .text.rt_thread_sleep
                0x0834c6c4      0x15c build\kernel\src\thread.o
                0x0834c6c4                rt_thread_sleep
 .text.rt_thread_delay
                0x0834c820        0x4 build\kernel\src\thread.o
                0x0834c820                rt_thread_delay
 .text.rt_thread_mdelay
                0x0834c824       0x10 build\kernel\src\thread.o
                0x0834c824                rt_thread_mdelay
 .text.rt_thread_resume
                0x0834c834       0x84 build\kernel\src\thread.o
                0x0834c834                rt_thread_resume
 .text.rt_thread_startup
                0x0834c8b8       0x78 build\kernel\src\thread.o
                0x0834c8b8                rt_thread_startup
 .text.rt_thread_control
                0x0834c930      0x124 build\kernel\src\thread.o
                0x0834c930                rt_thread_control
 .text.rt_timer_init
                0x0834ca54       0x84 build\kernel\src\timer.o
                0x0834ca54                rt_timer_init
 .text.rt_timer_detach
                0x0834cad8       0x7c build\kernel\src\timer.o
                0x0834cad8                rt_timer_detach
 .text.rt_timer_start
                0x0834cb54      0x10c build\kernel\src\timer.o
                0x0834cb54                rt_timer_start
 .text.rt_timer_stop
                0x0834cc60       0x80 build\kernel\src\timer.o
                0x0834cc60                rt_timer_stop
 .text.rt_timer_control
                0x0834cce0       0xc0 build\kernel\src\timer.o
                0x0834cce0                rt_timer_control
 .text.rt_timer_check
                0x0834cda0       0xe8 build\kernel\src\timer.o
                0x0834cda0                rt_timer_check
 .text.rt_soft_timer_check
                0x0834ce88       0xe8 build\kernel\src\timer.o
                0x0834ce88                rt_soft_timer_check
 .text._timer_thread_entry
                0x0834cf70       0x48 build\kernel\src\timer.o
 .text.rt_system_timer_init
                0x0834cfb8        0xc build\kernel\src\timer.o
                0x0834cfb8                rt_system_timer_init
 .text.rt_system_timer_thread_init
                0x0834cfc4       0x4c build\kernel\src\timer.o
                0x0834cfc4                rt_system_timer_thread_init
 .text.en_gpio  0x0834d010       0x48 build\board\board.o
                0x0834d010                en_gpio
 .text.poweroff
                0x0834d058       0x60 build\board\board.o
                0x0834d058                poweroff
 .text.cy_bsp_all_init
                0x0834d0b8       0x3c build\board\board.o
                0x0834d0b8                cy_bsp_all_init
 .text._start   0x0834d0f4        0x8 build\board\board.o
                0x0834d0f4                _start
 .text.reboot   0x0834d0fc        0x4 build\libraries\HAL_Drivers\drv_common.o
 .text.SysTick_Handler_CB
                0x0834d100       0x14 build\libraries\HAL_Drivers\drv_common.o
                0x0834d100                SysTick_Handler_CB
 .text.rt_hw_board_init
                0x0834d114       0x5c build\libraries\HAL_Drivers\drv_common.o
                0x0834d114                rt_hw_board_init
 .text.ifx_gpio_event_callback
                0x0834d170       0x1c build\libraries\HAL_Drivers\drv_gpio.o
 .text.gpio_interrupt_handler
                0x0834d18c        0xc build\libraries\HAL_Drivers\drv_gpio.o
                0x0834d18c                gpio_interrupt_handler
 .text.ifx_pin_read
                0x0834d198       0x3c build\libraries\HAL_Drivers\drv_gpio.o
 .text.ifx_pin_write
                0x0834d1d4       0x40 build\libraries\HAL_Drivers\drv_gpio.o
 .text.ifx_pin_dettach_irq
                0x0834d214       0x44 build\libraries\HAL_Drivers\drv_gpio.o
 .text.ifx_pin_attach_irq
                0x0834d258       0x74 build\libraries\HAL_Drivers\drv_gpio.o
 .text.ifx_pin_irq_enable
                0x0834d2cc      0x128 build\libraries\HAL_Drivers\drv_gpio.o
 .text.ifx_pin_mode
                0x0834d3f4       0xb4 build\libraries\HAL_Drivers\drv_gpio.o
 .text.rt_hw_pin_init
                0x0834d4a8       0x14 build\libraries\HAL_Drivers\drv_gpio.o
                0x0834d4a8                rt_hw_pin_init
 .text.ifx_uarths_getc
                0x0834d4bc       0x60 build\libraries\HAL_Drivers\drv_uart.o
 .text.ifx_uarths_putc
                0x0834d51c       0x48 build\libraries\HAL_Drivers\drv_uart.o
 .text.ifx_control
                0x0834d564       0x70 build\libraries\HAL_Drivers\drv_uart.o
 .text.ifx_configure
                0x0834d5d4       0x84 build\libraries\HAL_Drivers\drv_uart.o
 .text.uart5_isr_callback
                0x0834d658       0x5c build\libraries\HAL_Drivers\drv_uart.o
                0x0834d658                uart5_isr_callback
 .text.uart2_isr_callback
                0x0834d6b4       0x58 build\libraries\HAL_Drivers\drv_uart.o
                0x0834d6b4                uart2_isr_callback
 .text.rt_hw_uart_init
                0x0834d70c       0xb4 build\libraries\HAL_Drivers\drv_uart.o
                0x0834d70c                rt_hw_uart_init
 .text.NMIException_Handler
                0x0834d7c0        0x8 build\libs\TARGET_APP_KIT_PSE84_EVAL_EPC2\COMPONENT_CM33\COMPONENT_NON_SECURE_DEVICE\ns_start_pse84.o
                0x0834d7c0                NMIException_Handler
 .text.MemManage_Handler
                0x0834d7c8       0x18 build\libs\TARGET_APP_KIT_PSE84_EVAL_EPC2\COMPONENT_CM33\COMPONENT_NON_SECURE_DEVICE\ns_start_pse84.o
                0x0834d7c8                MemManage_Handler
 .text.InterruptHandler
                0x0834d7e0        0x8 build\libs\TARGET_APP_KIT_PSE84_EVAL_EPC2\COMPONENT_CM33\COMPONENT_NON_SECURE_DEVICE\ns_start_pse84.o
                0x0834d7e0                InterruptHandler
 .text.SysTick_Handler
                0x0834d7e8        0x4 build\libs\TARGET_APP_KIT_PSE84_EVAL_EPC2\COMPONENT_CM33\COMPONENT_NON_SECURE_DEVICE\ns_start_pse84.o
                0x0834d7e8                SysTick_Handler
 .text.BusFault_Handler
                0x0834d7ec       0x18 build\libs\TARGET_APP_KIT_PSE84_EVAL_EPC2\COMPONENT_CM33\COMPONENT_NON_SECURE_DEVICE\ns_start_pse84.o
                0x0834d7ec                BusFault_Handler
 .text.UsageFault_Handler
                0x0834d804       0x18 build\libs\TARGET_APP_KIT_PSE84_EVAL_EPC2\COMPONENT_CM33\COMPONENT_NON_SECURE_DEVICE\ns_start_pse84.o
                0x0834d804                UsageFault_Handler
 .text.Cy_RuntimeInit
                0x0834d81c       0x8c build\libs\TARGET_APP_KIT_PSE84_EVAL_EPC2\COMPONENT_CM33\COMPONENT_NON_SECURE_DEVICE\ns_start_pse84.o
                0x0834d81c                Cy_RuntimeInit
 .text.Reset_Handler
                0x0834d8a8       0x38 build\libs\TARGET_APP_KIT_PSE84_EVAL_EPC2\COMPONENT_CM33\COMPONENT_NON_SECURE_DEVICE\ns_start_pse84.o
                0x0834d8a8                Reset_Handler
 .text.SysLib_FaultHandler
                0x0834d8e0        0x4 build\libs\TARGET_APP_KIT_PSE84_EVAL_EPC2\COMPONENT_CM33\COMPONENT_NON_SECURE_DEVICE\ns_start_pse84.o
                0x0834d8e0                SysLib_FaultHandler
 .text.Cy_SystemInit
                0x0834d8e4        0x4 build\libs\TARGET_APP_KIT_PSE84_EVAL_EPC2\COMPONENT_CM33\COMPONENT_NON_SECURE_DEVICE\ns_system_pse84.o
                0x0834d8e4                Cy_SystemInit
 .text.SystemInit
                0x0834d8e8       0x14 build\libs\TARGET_APP_KIT_PSE84_EVAL_EPC2\COMPONENT_CM33\COMPONENT_NON_SECURE_DEVICE\ns_system_pse84.o
                0x0834d8e8                SystemInit
 .text.SystemCoreClockSetup
                0x0834d8fc       0x58 build\libs\TARGET_APP_KIT_PSE84_EVAL_EPC2\COMPONENT_CM33\COMPONENT_NON_SECURE_DEVICE\ns_system_pse84.o
                0x0834d8fc                SystemCoreClockSetup
 .text.init_cycfg_ns_clocks
                0x0834d954       0x1c build\libs\TARGET_APP_KIT_PSE84_EVAL_EPC2\config\GeneratedSource\cycfg_clocks.o
                0x0834d954                init_cycfg_ns_clocks
 .text.init_cycfg_protection
                0x0834d970        0x4 build\libs\TARGET_APP_KIT_PSE84_EVAL_EPC2\config\GeneratedSource\cycfg_protection.o
                0x0834d970                init_cycfg_protection
 .text.init_cycfg_ns_power
                0x0834d974        0x4 build\libs\TARGET_APP_KIT_PSE84_EVAL_EPC2\config\GeneratedSource\cycfg_system.o
                0x0834d974                init_cycfg_ns_power
 .text.cybsp_srf_ipc_semaphore_interrupt_handler
                0x0834d978        0xc build\libs\TARGET_APP_KIT_PSE84_EVAL_EPC2\cybsp.o
                0x0834d978                cybsp_srf_ipc_semaphore_interrupt_handler
 .text.cybsp_srf_ipc_queue_interrupt_handler
                0x0834d984        0xc build\libs\TARGET_APP_KIT_PSE84_EVAL_EPC2\cybsp.o
                0x0834d984                cybsp_srf_ipc_queue_interrupt_handler
 .text._cybsp_ipc_srf_init
                0x0834d990      0x11c build\libs\TARGET_APP_KIT_PSE84_EVAL_EPC2\cybsp.o
                0x0834d990                _cybsp_ipc_srf_init
 .text.cybsp_init
                0x0834daac       0x5c build\libs\TARGET_APP_KIT_PSE84_EVAL_EPC2\cybsp.o
                0x0834daac                cybsp_init
 .text.Cy_SysEnableCM55
                0x0834db08       0xe0 build\libs\TARGET_APP_KIT_PSE84_EVAL_EPC2\system_edge.o
                0x0834db08                Cy_SysEnableCM55
 .text.atoi     0x0834dbe8        0x8 c:/rt-threadstudio/platform/env_released/env/tools/gnu_gcc/arm_gcc/mingw/bin/../lib/gcc/arm-none-eabi/10.3.1/../../../../arm-none-eabi/lib/thumb/v8-m.main+fp/softfp\libc.a(lib_a-atoi.o)
                0x0834dbe8                atoi
 .text.memcmp   0x0834dbf0       0x60 c:/rt-threadstudio/platform/env_released/env/tools/gnu_gcc/arm_gcc/mingw/bin/../lib/gcc/arm-none-eabi/10.3.1/../../../../arm-none-eabi/lib/thumb/v8-m.main+fp/softfp\libc.a(lib_a-memcmp.o)
                0x0834dbf0                memcmp
 .text          0x0834dc50       0xec c:/rt-threadstudio/platform/env_released/env/tools/gnu_gcc/arm_gcc/mingw/bin/../lib/gcc/arm-none-eabi/10.3.1/../../../../arm-none-eabi/lib/thumb/v8-m.main+fp/softfp\libc.a(lib_a-memcpy.o)
                0x0834dc50                memcpy
 .text.memset   0x0834dd3c       0xa4 c:/rt-threadstudio/platform/env_released/env/tools/gnu_gcc/arm_gcc/mingw/bin/../lib/gcc/arm-none-eabi/10.3.1/../../../../arm-none-eabi/lib/thumb/v8-m.main+fp/softfp\libc.a(lib_a-memset.o)
                0x0834dd3c                memset
 .text.strchr   0x0834dde0       0xcc c:/rt-threadstudio/platform/env_released/env/tools/gnu_gcc/arm_gcc/mingw/bin/../lib/gcc/arm-none-eabi/10.3.1/../../../../arm-none-eabi/lib/thumb/v8-m.main+fp/softfp\libc.a(lib_a-strchr.o)
                0x0834dde0                strchr
 .text          0x0834deac      0x1bc c:/rt-threadstudio/platform/env_released/env/tools/gnu_gcc/arm_gcc/mingw/bin/../lib/gcc/arm-none-eabi/10.3.1/../../../../arm-none-eabi/lib/thumb/v8-m.main+fp/softfp\libc.a(lib_a-strcmp.o)
                0x0834deac                strcmp
 .text.strlen   0x0834e068       0x5c c:/rt-threadstudio/platform/env_released/env/tools/gnu_gcc/arm_gcc/mingw/bin/../lib/gcc/arm-none-eabi/10.3.1/../../../../arm-none-eabi/lib/thumb/v8-m.main+fp/softfp\libc.a(lib_a-strlen-stub.o)
                0x0834e068                strlen
 .text.strncmp  0x0834e0c4       0x78 c:/rt-threadstudio/platform/env_released/env/tools/gnu_gcc/arm_gcc/mingw/bin/../lib/gcc/arm-none-eabi/10.3.1/../../../../arm-none-eabi/lib/thumb/v8-m.main+fp/softfp\libc.a(lib_a-strncmp.o)
                0x0834e0c4                strncmp
 .text.strncpy  0x0834e13c       0x64 c:/rt-threadstudio/platform/env_released/env/tools/gnu_gcc/arm_gcc/mingw/bin/../lib/gcc/arm-none-eabi/10.3.1/../../../../arm-none-eabi/lib/thumb/v8-m.main+fp/softfp\libc.a(lib_a-strncpy.o)
                0x0834e13c                strncpy
 .text._strtol_l.part.0
                0x0834e1a0      0x104 c:/rt-threadstudio/platform/env_released/env/tools/gnu_gcc/arm_gcc/mingw/bin/../lib/gcc/arm-none-eabi/10.3.1/../../../../arm-none-eabi/lib/thumb/v8-m.main+fp/softfp\libc.a(lib_a-strtol.o)
 .text.strtol   0x0834e2a4       0x2c c:/rt-threadstudio/platform/env_released/env/tools/gnu_gcc/arm_gcc/mingw/bin/../lib/gcc/arm-none-eabi/10.3.1/../../../../arm-none-eabi/lib/thumb/v8-m.main+fp/softfp\libc.a(lib_a-strtol.o)
                0x0834e2a4                strtol
 .text          0x0834e2d0      0x378 c:/rt-threadstudio/platform/env_released/env/tools/gnu_gcc/arm_gcc/mingw/bin/../lib/gcc/arm-none-eabi/10.3.1/thumb/v8-m.main+fp/softfp\libgcc.a(_arm_addsubdf3.o)
                0x0834e2d0                __aeabi_drsub
                0x0834e2d8                __aeabi_dsub
                0x0834e2d8                __subdf3
                0x0834e2dc                __aeabi_dadd
                0x0834e2dc                __adddf3
                0x0834e554                __floatunsidf
                0x0834e554                __aeabi_ui2d
                0x0834e574                __floatsidf
                0x0834e574                __aeabi_i2d
                0x0834e598                __aeabi_f2d
                0x0834e598                __extendsfdf2
                0x0834e5dc                __floatundidf
                0x0834e5dc                __aeabi_ul2d
                0x0834e5ec                __floatdidf
                0x0834e5ec                __aeabi_l2d
 .text          0x0834e648      0x424 c:/rt-threadstudio/platform/env_released/env/tools/gnu_gcc/arm_gcc/mingw/bin/../lib/gcc/arm-none-eabi/10.3.1/thumb/v8-m.main+fp/softfp\libgcc.a(_arm_muldivdf3.o)
                0x0834e648                __aeabi_dmul
                0x0834e648                __muldf3
                0x0834e89c                __divdf3
                0x0834e89c                __aeabi_ddiv
 .text          0x0834ea6c      0x110 c:/rt-threadstudio/platform/env_released/env/tools/gnu_gcc/arm_gcc/mingw/bin/../lib/gcc/arm-none-eabi/10.3.1/thumb/v8-m.main+fp/softfp\libgcc.a(_arm_cmpdf2.o)
                0x0834ea6c                __gtdf2
                0x0834ea6c                __gedf2
                0x0834ea74                __ltdf2
                0x0834ea74                __ledf2
                0x0834ea7c                __nedf2
                0x0834ea7c                __eqdf2
                0x0834ea7c                __cmpdf2
                0x0834eaf8                __aeabi_cdrcmple
                0x0834eb08                __aeabi_cdcmpeq
                0x0834eb08                __aeabi_cdcmple
                0x0834eb18                __aeabi_dcmpeq
                0x0834eb2c                __aeabi_dcmplt
                0x0834eb40                __aeabi_dcmple
                0x0834eb54                __aeabi_dcmpge
                0x0834eb68                __aeabi_dcmpgt
 .text          0x0834eb7c       0x40 c:/rt-threadstudio/platform/env_released/env/tools/gnu_gcc/arm_gcc/mingw/bin/../lib/gcc/arm-none-eabi/10.3.1/thumb/v8-m.main+fp/softfp\libgcc.a(_arm_fixunsdfsi.o)
                0x0834eb7c                __aeabi_d2uiz
                0x0834eb7c                __fixunsdfsi
 .text          0x0834ebbc       0xa0 c:/rt-threadstudio/platform/env_released/env/tools/gnu_gcc/arm_gcc/mingw/bin/../lib/gcc/arm-none-eabi/10.3.1/thumb/v8-m.main+fp/softfp\libgcc.a(_aeabi_ldivmod.o)
                0x0834ebbc                __aeabi_ldivmod
 .text          0x0834ec5c       0x30 c:/rt-threadstudio/platform/env_released/env/tools/gnu_gcc/arm_gcc/mingw/bin/../lib/gcc/arm-none-eabi/10.3.1/thumb/v8-m.main+fp/softfp\libgcc.a(_aeabi_uldivmod.o)
                0x0834ec5c                __aeabi_uldivmod
 .text          0x0834ec8c      0x2ec c:/rt-threadstudio/platform/env_released/env/tools/gnu_gcc/arm_gcc/mingw/bin/../lib/gcc/arm-none-eabi/10.3.1/thumb/v8-m.main+fp/softfp\libgcc.a(_udivmoddi4.o)
                0x0834ec8c                __udivmoddi4
 .text          0x0834ef78        0x4 c:/rt-threadstudio/platform/env_released/env/tools/gnu_gcc/arm_gcc/mingw/bin/../lib/gcc/arm-none-eabi/10.3.1/thumb/v8-m.main+fp/softfp\libgcc.a(_dvmd_tls.o)
                0x0834ef78                __aeabi_idiv0
                0x0834ef78                __aeabi_ldiv0
 *fill*         0x0834ef7c        0x4 
 .text.__stub   0x0834ef80       0x90 linker stubs

.ARM.extab
 *(.ARM.extab* .gnu.linkonce.armextab.*)

.ARM.exidx      0x0834f010        0x8
                0x0834f010                __exidx_start = .
 *(.ARM.exidx* .gnu.linkonce.armexidx.*)
 .ARM.exidx     0x0834f010        0x8 c:/rt-threadstudio/platform/env_released/env/tools/gnu_gcc/arm_gcc/mingw/bin/../lib/gcc/arm-none-eabi/10.3.1/thumb/v8-m.main+fp/softfp\libgcc.a(_udivmoddi4.o)
                0x0834f018                __exidx_end = .

.copy.table     0x0834f018       0x18
                0x0834f018                __copy_table_start__ = .
                0x0834f018        0x4 LONG 0x834f710 LOADADDR (.data)
                0x0834f01c        0x4 LONG 0x240bd358 ADDR (.data)
                0x0834f020        0x4 LONG 0x208 (SIZEOF (.data) / 0x4)
                0x0834f024        0x4 LONG 0x834f038 LOADADDR (.app_code_ram)
                0x0834f028        0x4 LONG 0x24058000 (ADDR (.app_code_ram) + m33_code_sel_Offset)
                0x0834f02c        0x4 LONG 0x1b6 (SIZEOF (.app_code_ram) / 0x4)
                0x0834f030                __copy_table_end__ = .

.zero.table     0x0834f030        0x8
                0x0834f030                __zero_table_start__ = .
                0x0834f030        0x4 LONG 0x240bdb78 __bss_start__
                0x0834f034        0x4 LONG 0x4fc ((__bss_end__ - __bss_start__) / 0x4)
                0x0834f038                __zero_table_end__ = .

.app_code_ram   0x04058000      0x6d8 load address 0x0834f038
 *(.cy_sram_code)
 *(.cy_ramfunc)
 .cy_ramfunc    0x04058000      0x268 build\libraries\components\mtb-device-support-pse8xxgp\pdl\devices\source\cy_device.o
                0x04058000                Cy_SMIF_Reset_Memory
 .cy_ramfunc    0x04058268      0x14c build\libraries\components\mtb-device-support-pse8xxgp\pdl\drivers\source\cy_gpio.o
                0x04058268                Cy_GPIO_Pin_FastInit
 *(.text.cy_os_common)
 *cy_syslib_ext.*(.text*)
 *fill*         0x040583b4        0x4 
 .text          0x040583b8       0x20 build\libraries\components\mtb-device-support-pse8xxgp\pdl\drivers\source\TOOLCHAIN_GCC_ARM\cy_syslib_ext.o
                0x040583b8                Cy_SysLib_DelayCycles
                0x040583ca                Cy_SysLib_EnterCriticalSection
                0x040583d2                Cy_SysLib_ExitCriticalSection
 *cy_syslib.*(.text*)
 .text.Cy_SysLib_Delay
                0x040583d8       0x34 build\libraries\components\mtb-device-support-pse8xxgp\pdl\drivers\source\cy_syslib.o
                0x040583d8                Cy_SysLib_Delay
 .text.Cy_SysLib_DelayUs
                0x0405840c       0x10 build\libraries\components\mtb-device-support-pse8xxgp\pdl\drivers\source\cy_syslib.o
                0x0405840c                Cy_SysLib_DelayUs
 .text.Cy_SysLib_GetResetReason
                0x0405841c      0x144 build\libraries\components\mtb-device-support-pse8xxgp\pdl\drivers\source\cy_syslib.o
                0x0405841c                Cy_SysLib_GetResetReason
 .text.Cy_SysLib_ClearResetReason
                0x04058560       0x28 build\libraries\components\mtb-device-support-pse8xxgp\pdl\drivers\source\cy_syslib.o
                0x04058560                Cy_SysLib_ClearResetReason
 .text.Cy_SysLib_ProcessingFault
                0x04058588        0x4 build\libraries\components\mtb-device-support-pse8xxgp\pdl\drivers\source\cy_syslib.o
                0x04058588                Cy_SysLib_ProcessingFault
 .text.Cy_SysLib_FaultHandler
                0x0405858c       0xa4 build\libraries\components\mtb-device-support-pse8xxgp\pdl\drivers\source\cy_syslib.o
                0x0405858c                Cy_SysLib_FaultHandler
 *cy_smif.*(.text*)
 *cy_smif_memnum.*(.text*)
 *cy_smif_memslot.*(.text*)
 *cy_smif_sfdp.*(.text*)
 *cy_smif_hb_flash.*(.text*)
 *mtb_hal_memoryspi.*(.text*)
 *mtb_serial_memory.*(.text*)
 *freertos/Source*.*(.text*)
 *cy_clib_support*.*(.text*)
 *cy_mutex_pool*.*(.text*)
 *cy_time.*(.text*)
 *cyabs_*.*(.text*)
 *cy_worker_thread.*(.text*)
 *cmsis*.*(.text*)
                0x04058630                . = ALIGN (0x4)
                0x04058630                __rt_utest_tc_tab_start = .
 *(UtestTcTab)
                0x04058630                __rt_utest_tc_tab_end = .
                0x04058630                . = ALIGN (0x4)
                0x04058630                __fsymtab_start = .
 *(FSymTab)
 FSymTab        0x04058630       0x10 build\kernel\components\drivers\misc\pin.o
                0x04058630                __fsym_pin
 FSymTab        0x04058640       0x30 build\kernel\components\finsh\cmd.o
                0x04058640                __fsym_list
                0x04058650                __fsym_version
                0x04058660                __fsym_clear
 FSymTab        0x04058670       0x30 build\kernel\components\finsh\msh.o
                0x04058670                __fsym_free
                0x04058680                __fsym_ps
                0x04058690                __fsym_help
 FSymTab        0x040586a0       0x10 build\board\board.o
                0x040586a0                __fsym_poweroff
 FSymTab        0x040586b0       0x10 build\libraries\HAL_Drivers\drv_common.o
                0x040586b0                __fsym_reboot
                0x040586c0                __fsymtab_end = .
                0x040586c0                . = ALIGN (0x4)
                0x040586c0                __vsymtab_start = .
 *(VSymTab)
                0x040586c0                __vsymtab_end = .
                0x040586c0                . = ALIGN (0x4)
                0x040586c0                . = ALIGN (0x4)
                0x040586c0                __rtmsymtab_start = .
 *(RTMSymTab)
                0x040586c0                __rtmsymtab_end = .
                0x040586c0                . = ALIGN (0x4)
                0x040586c0                __rt_init_start = .
 *(SORT_BY_NAME(.rti_fn*))
 .rti_fn.0      0x040586c0        0x4 build\kernel\src\components.o